2025-06-08T01:54:07.4876767Z Requested labels: macos-latest
2025-06-08T01:54:07.4877073Z Job defined at: AllienNova/ApexAgent/.github/workflows/build-release.yml@refs/pull/1/merge
2025-06-08T01:54:07.4877166Z Waiting for a runner to pick up this job...
2025-06-08T01:54:07.7658188Z Job is waiting for a hosted runner to come online.
2025-06-08T01:54:11.6275789Z Job is about to start running on the hosted runner: GitHub Actions 177 (hosted)
2025-06-08T01:54:13.2401050Z Current runner version: '2.325.0'
2025-06-08T01:54:13.2417870Z ##[group]Operating System
2025-06-08T01:54:13.2418380Z macOS
2025-06-08T01:54:13.2418670Z 14.7.6
2025-06-08T01:54:13.2419000Z 23H626
2025-06-08T01:54:13.2419350Z ##[endgroup]
2025-06-08T01:54:13.2419670Z ##[group]Runner Image
2025-06-08T01:54:13.2420070Z Image: macos-14-arm64
2025-06-08T01:54:13.2420400Z Version: 20250602.1561
2025-06-08T01:54:13.2421090Z Included Software: https://github.com/actions/runner-images/blob/macos-14-arm64/20250602.1561/images/macos/macos-14-arm64-Readme.md
2025-06-08T01:54:13.2422060Z Image Release: https://github.com/actions/runner-images/releases/tag/macos-14-arm64%2F20250602.1561
2025-06-08T01:54:13.2422660Z ##[endgroup]
2025-06-08T01:54:13.2423020Z ##[group]Runner Image Provisioner
2025-06-08T01:54:13.2423700Z 2.0.437.1+b8a73daf41ec39b19236c1d542c9f2348c5b7c2d
2025-06-08T01:54:13.2424180Z ##[endgroup]
2025-06-08T01:54:13.2425070Z ##[group]GITHUB_TOKEN Permissions
2025-06-08T01:54:13.2426290Z Contents: read
2025-06-08T01:54:13.2426740Z Metadata: read
2025-06-08T01:54:13.2427170Z Packages: read
2025-06-08T01:54:13.2427480Z ##[endgroup]
2025-06-08T01:54:13.2429420Z Secret source: Actions
2025-06-08T01:54:13.2429940Z Prepare workflow directory
2025-06-08T01:54:13.2859800Z Prepare all required actions
2025-06-08T01:54:13.2888720Z Getting action download info
2025-06-08T01:54:13.5193500Z ##[group]Download immutable action package 'actions/checkout@v4'
2025-06-08T01:54:13.5194100Z Version: 4.2.2
2025-06-08T01:54:13.5194700Z Digest: sha256:ccb2698953eaebd21c7bf6268a94f9c26518a7e38e27e0b83c1fe1ad049819b1
2025-06-08T01:54:13.5195410Z Source commit SHA: 11bd71901bbe5b1630ceea73d27597364c9af683
2025-06-08T01:54:13.5195840Z ##[endgroup]
2025-06-08T01:54:13.7972240Z ##[group]Download immutable action package 'actions/setup-node@v4'
2025-06-08T01:54:13.7972870Z Version: 4.4.0
2025-06-08T01:54:13.7979320Z Digest: sha256:9427cefe82346e992fb5b949e3569b39d537ae41aa3086483b14eceebfc16bc1
2025-06-08T01:54:13.7980090Z Source commit SHA: 49933ea5288caeca8642d1e84afbd3f7d6820020
2025-06-08T01:54:13.7980640Z ##[endgroup]
2025-06-08T01:54:13.9523400Z ##[group]Download immutable action package 'actions/setup-python@v4'
2025-06-08T01:54:13.9525770Z Version: 4.9.1
2025-06-08T01:54:13.9526260Z Digest: sha256:f03e505388af670b5a108629e0ba26befc08d5c62b41f46146a45fe29ae509a5
2025-06-08T01:54:13.9526870Z Source commit SHA: 7f4fc3e22c37d6ff65e88745f38bd3157c663f7c
2025-06-08T01:54:13.9527340Z ##[endgroup]
2025-06-08T01:54:14.6863710Z ##[group]Download immutable action package 'actions/upload-artifact@v4'
2025-06-08T01:54:14.6864370Z Version: 4.6.2
2025-06-08T01:54:14.6864860Z Digest: sha256:290722aa3281d5caf23d0acdc3dbeb3424786a1a01a9cc97e72f147225e37c38
2025-06-08T01:54:14.6865560Z Source commit SHA: ea165f8d65b6e75b540449e92b4886f43607fa02
2025-06-08T01:54:14.6866000Z ##[endgroup]
2025-06-08T01:54:14.9127950Z Complete job name: build-macos
2025-06-08T01:54:14.9480910Z ##[group]Run actions/checkout@v4
2025-06-08T01:54:14.9481590Z with:
2025-06-08T01:54:14.9481890Z   fetch-depth: 0
2025-06-08T01:54:14.9482210Z   repository: AllienNova/ApexAgent
2025-06-08T01:54:14.9482670Z   token: ***
2025-06-08T01:54:14.9482950Z   ssh-strict: true
2025-06-08T01:54:14.9483240Z   ssh-user: git
2025-06-08T01:54:14.9483530Z   persist-credentials: true
2025-06-08T01:54:14.9483850Z   clean: true
2025-06-08T01:54:14.9484140Z   sparse-checkout-cone-mode: true
2025-06-08T01:54:14.9484480Z   fetch-tags: false
2025-06-08T01:54:14.9484770Z   show-progress: true
2025-06-08T01:54:14.9485060Z   lfs: false
2025-06-08T01:54:14.9485320Z   submodules: false
2025-06-08T01:54:14.9485620Z   set-safe-directory: true
2025-06-08T01:54:14.9486020Z env:
2025-06-08T01:54:14.9486280Z   NODE_VERSION: 18
2025-06-08T01:54:14.9486560Z   PYTHON_VERSION: 3.11
2025-06-08T01:54:14.9486850Z ##[endgroup]
2025-06-08T01:54:15.2211170Z Syncing repository: AllienNova/ApexAgent
2025-06-08T01:54:15.2212410Z ##[group]Getting Git version info
2025-06-08T01:54:15.2212970Z Working directory is '/Users/runner/work/ApexAgent/ApexAgent'
2025-06-08T01:54:15.2214300Z [command]/opt/homebrew/bin/git version
2025-06-08T01:54:15.2461170Z git version 2.49.0
2025-06-08T01:54:15.2484780Z ##[endgroup]
2025-06-08T01:54:15.2490490Z Copying '/Users/runner/.gitconfig' to '/Users/runner/work/_temp/cc28fdef-94a2-4dd0-a069-57b99c4fd71b/.gitconfig'
2025-06-08T01:54:15.2496230Z Temporarily overriding HOME='/Users/runner/work/_temp/cc28fdef-94a2-4dd0-a069-57b99c4fd71b' before making global git config changes
2025-06-08T01:54:15.2497250Z Adding repository directory to the temporary git global config as a safe directory
2025-06-08T01:54:15.2500530Z [command]/opt/homebrew/bin/git config --global --add safe.directory /Users/runner/work/ApexAgent/ApexAgent
2025-06-08T01:54:15.2585740Z Deleting the contents of '/Users/runner/work/ApexAgent/ApexAgent'
2025-06-08T01:54:15.2588070Z ##[group]Initializing the repository
2025-06-08T01:54:15.2591750Z [command]/opt/homebrew/bin/git init /Users/runner/work/ApexAgent/ApexAgent
2025-06-08T01:54:15.2797920Z hint: Using 'master' as the name for the initial branch. This default branch name
2025-06-08T01:54:15.2800860Z hint: is subject to change. To configure the initial branch name to use in all
2025-06-08T01:54:15.2806080Z hint: of your new repositories, which will suppress this warning, call:
2025-06-08T01:54:15.2806820Z hint:
2025-06-08T01:54:15.2807320Z hint: 	git config --global init.defaultBranch <name>
2025-06-08T01:54:15.2807850Z hint:
2025-06-08T01:54:15.2808370Z hint: Names commonly chosen instead of 'master' are 'main', 'trunk' and
2025-06-08T01:54:15.2809110Z hint: 'development'. The just-created branch can be renamed via this command:
2025-06-08T01:54:15.2809710Z hint:
2025-06-08T01:54:15.2810100Z hint: 	git branch -m <name>
2025-06-08T01:54:15.2810710Z Initialized empty Git repository in /Users/runner/work/ApexAgent/ApexAgent/.git/
2025-06-08T01:54:15.2812430Z [command]/opt/homebrew/bin/git remote add origin https://github.com/AllienNova/ApexAgent
2025-06-08T01:54:15.2850570Z ##[endgroup]
2025-06-08T01:54:15.2851240Z ##[group]Disabling automatic garbage collection
2025-06-08T01:54:15.2853020Z [command]/opt/homebrew/bin/git config --local gc.auto 0
2025-06-08T01:54:15.2892990Z ##[endgroup]
2025-06-08T01:54:15.2893610Z ##[group]Setting up auth
2025-06-08T01:54:15.2897880Z [command]/opt/homebrew/bin/git config --local --name-only --get-regexp core\.sshCommand
2025-06-08T01:54:15.2947550Z [command]/opt/homebrew/bin/git submodule foreach --recursive sh -c "git config --local --name-only --get-regexp 'core\.sshCommand' && git config --local --unset-all 'core.sshCommand' || :"
2025-06-08T01:54:15.3480350Z [command]/opt/homebrew/bin/git config --local --name-only --get-regexp http\.https\:\/\/github\.com\/\.extraheader
2025-06-08T01:54:15.3517010Z [command]/opt/homebrew/bin/git submodule foreach --recursive sh -c "git config --local --name-only --get-regexp 'http\.https\:\/\/github\.com\/\.extraheader' && git config --local --unset-all 'http.https://github.com/.extraheader' || :"
2025-06-08T01:54:15.3953800Z [command]/opt/homebrew/bin/git config --local http.https://github.com/.extraheader AUTHORIZATION: basic ***
2025-06-08T01:54:15.4011470Z ##[endgroup]
2025-06-08T01:54:15.4012010Z ##[group]Fetching the repository
2025-06-08T01:54:15.4017600Z [command]/opt/homebrew/bin/git -c protocol.version=2 fetch --prune --no-recurse-submodules origin +refs/heads/*:refs/remotes/origin/* +refs/tags/*:refs/tags/* +1608b536ab7f50d3978d85ef27a37edcb9f61d32:refs/remotes/pull/1/merge
2025-06-08T01:54:18.1524750Z From https://github.com/AllienNova/ApexAgent
2025-06-08T01:54:18.1525600Z  * [new branch]        cicd-pipeline                            -> origin/cicd-pipeline
2025-06-08T01:54:18.1526090Z  * [new branch]        cicd-pipeline-synced                     -> origin/cicd-pipeline-synced
2025-06-08T01:54:18.1526730Z  * [new branch]        dr-tardis-architecture                   -> origin/dr-tardis-architecture
2025-06-08T01:54:18.1527710Z  * [new branch]        dr-tardis-context-management             -> origin/dr-tardis-context-management
2025-06-08T01:54:18.1529440Z  * [new branch]        dr-tardis-conversation-handling          -> origin/dr-tardis-conversation-handling
2025-06-08T01:54:18.1531860Z  * [new branch]        dr-tardis-core-agent                     -> origin/dr-tardis-core-agent
2025-06-08T01:54:18.1533890Z  * [new branch]        dr-tardis-kb                             -> origin/dr-tardis-kb
2025-06-08T01:54:18.1535940Z  * [new branch]        dr-tardis-knowledge-retrieval            -> origin/dr-tardis-knowledge-retrieval
2025-06-08T01:54:18.1538760Z  * [new branch]        dr-tardis-multi-agent-orchestration      -> origin/dr-tardis-multi-agent-orchestration
2025-06-08T01:54:18.1541200Z  * [new branch]        dr-tardis-research                       -> origin/dr-tardis-research
2025-06-08T01:54:18.1543650Z  * [new branch]        gemini-live-voice-audio                  -> origin/gemini-live-voice-audio
2025-06-08T01:54:18.1546100Z  * [new branch]        integration-branch                       -> origin/integration-branch
2025-06-08T01:54:18.1549010Z  * [new branch]        main                                     -> origin/main
2025-06-08T01:54:18.1551250Z  * [new branch]        master                                   -> origin/master
2025-06-08T01:54:18.1555400Z  * [new ref]           1608b536ab7f50d3978d85ef27a37edcb9f61d32 -> pull/1/merge
2025-06-08T01:54:18.1638500Z ##[endgroup]
2025-06-08T01:54:18.1638960Z ##[group]Determining the checkout info
2025-06-08T01:54:18.1639370Z ##[endgroup]
2025-06-08T01:54:18.1643160Z [command]/opt/homebrew/bin/git sparse-checkout disable
2025-06-08T01:54:18.1714450Z [command]/opt/homebrew/bin/git config --local --unset-all extensions.worktreeConfig
2025-06-08T01:54:18.1769730Z ##[group]Checking out the ref
2025-06-08T01:54:18.1770270Z [command]/opt/homebrew/bin/git checkout --progress --force refs/remotes/pull/1/merge
2025-06-08T01:54:19.3258140Z Updating files:  46% (11326/24378)
2025-06-08T01:54:19.3459750Z Updating files:  47% (11458/24378)
2025-06-08T01:54:19.3652580Z Updating files:  48% (11702/24378)
2025-06-08T01:54:19.3837560Z Updating files:  49% (11946/24378)
2025-06-08T01:54:19.4044540Z Updating files:  50% (12189/24378)
2025-06-08T01:54:19.4347220Z Updating files:  51% (12433/24378)
2025-06-08T01:54:19.4549340Z Updating files:  52% (12677/24378)
2025-06-08T01:54:19.4739470Z Updating files:  53% (12921/24378)
2025-06-08T01:54:19.4915930Z Updating files:  54% (13165/24378)
2025-06-08T01:54:19.5166090Z Updating files:  55% (13408/24378)
2025-06-08T01:54:19.5461440Z Updating files:  56% (13652/24378)
2025-06-08T01:54:19.5777720Z Updating files:  57% (13896/24378)
2025-06-08T01:54:19.5965760Z Updating files:  58% (14140/24378)
2025-06-08T01:54:19.6148230Z Updating files:  59% (14384/24378)
2025-06-08T01:54:19.6834320Z Updating files:  60% (14627/24378)
2025-06-08T01:54:19.7082510Z Updating files:  61% (14871/24378)
2025-06-08T01:54:19.7439480Z Updating files:  62% (15115/24378)
2025-06-08T01:54:19.7712720Z Updating files:  63% (15359/24378)
2025-06-08T01:54:19.7901450Z Updating files:  64% (15602/24378)
2025-06-08T01:54:19.8108230Z Updating files:  65% (15846/24378)
2025-06-08T01:54:19.8319800Z Updating files:  66% (16090/24378)
2025-06-08T01:54:19.8635270Z Updating files:  67% (16334/24378)
2025-06-08T01:54:19.8850760Z Updating files:  68% (16578/24378)
2025-06-08T01:54:19.9104990Z Updating files:  69% (16821/24378)
2025-06-08T01:54:19.9329360Z Updating files:  70% (17065/24378)
2025-06-08T01:54:19.9544100Z Updating files:  71% (17309/24378)
2025-06-08T01:54:19.9724490Z Updating files:  72% (17553/24378)
2025-06-08T01:54:19.9912090Z Updating files:  73% (17796/24378)
2025-06-08T01:54:20.0089420Z Updating files:  74% (18040/24378)
2025-06-08T01:54:20.0424810Z Updating files:  75% (18284/24378)
2025-06-08T01:54:20.0578550Z Updating files:  76% (18528/24378)
2025-06-08T01:54:20.0745590Z Updating files:  77% (18772/24378)
2025-06-08T01:54:20.0960510Z Updating files:  78% (19015/24378)
2025-06-08T01:54:20.1320790Z Updating files:  79% (19259/24378)
2025-06-08T01:54:20.1509430Z Updating files:  80% (19503/24378)
2025-06-08T01:54:20.1669070Z Updating files:  81% (19747/24378)
2025-06-08T01:54:20.1884210Z Updating files:  82% (19990/24378)
2025-06-08T01:54:20.2097010Z Updating files:  83% (20234/24378)
2025-06-08T01:54:20.2133360Z Updating files:  83% (20465/24378)
2025-06-08T01:54:20.2367530Z Updating files:  84% (20478/24378)
2025-06-08T01:54:20.2581970Z Updating files:  85% (20722/24378)
2025-06-08T01:54:20.2995920Z Updating files:  86% (20966/24378)
2025-06-08T01:54:20.3282350Z Updating files:  87% (21209/24378)
2025-06-08T01:54:20.3836220Z Updating files:  88% (21453/24378)
2025-06-08T01:54:20.4013350Z Updating files:  89% (21697/24378)
2025-06-08T01:54:20.4266500Z Updating files:  90% (21941/24378)
2025-06-08T01:54:20.4743400Z Updating files:  91% (22184/24378)
2025-06-08T01:54:20.4933690Z Updating files:  92% (22428/24378)
2025-06-08T01:54:20.5116830Z Updating files:  93% (22672/24378)
2025-06-08T01:54:20.5293630Z Updating files:  94% (22916/24378)
2025-06-08T01:54:20.5698280Z Updating files:  95% (23160/24378)
2025-06-08T01:54:20.6000170Z Updating files:  96% (23403/24378)
2025-06-08T01:54:20.6307210Z Updating files:  97% (23647/24378)
2025-06-08T01:54:20.6615000Z Updating files:  98% (23891/24378)
2025-06-08T01:54:20.6889960Z Updating files:  99% (24135/24378)
2025-06-08T01:54:20.6928520Z Updating files: 100% (24378/24378)
2025-06-08T01:54:20.6971300Z Updating files: 100% (24378/24378), done.
2025-06-08T01:54:20.7165960Z HEAD is now at 1608b536 Merge b7b14b6e308f9c0300aa7e68d5d4cbaa5e8d493e into 6a3ec63168d17ca96c8982c803d63dde5874e09e
2025-06-08T01:54:20.7182510Z ##[endgroup]
2025-06-08T01:54:20.7261800Z [command]/opt/homebrew/bin/git log -1 --format=%H
2025-06-08T01:54:20.7306940Z 1608b536ab7f50d3978d85ef27a37edcb9f61d32
2025-06-08T01:54:20.7545030Z ##[group]Run actions/setup-node@v4
2025-06-08T01:54:20.7545220Z with:
2025-06-08T01:54:20.7545360Z   node-version: 18
2025-06-08T01:54:20.7545490Z   cache: npm
2025-06-08T01:54:20.7545610Z   always-auth: false
2025-06-08T01:54:20.7545760Z   check-latest: false
2025-06-08T01:54:20.7546100Z   token: ***
2025-06-08T01:54:20.7546220Z env:
2025-06-08T01:54:20.7546330Z   NODE_VERSION: 18
2025-06-08T01:54:20.7546470Z   PYTHON_VERSION: 3.11
2025-06-08T01:54:20.7546620Z ##[endgroup]
2025-06-08T01:54:20.8970160Z Found in cache @ /Users/runner/hostedtoolcache/node/18.20.8/arm64
2025-06-08T01:54:20.8973270Z ##[group]Environment details
2025-06-08T01:54:21.3082980Z node: v18.20.8
2025-06-08T01:54:21.3236250Z npm: 10.8.2
2025-06-08T01:54:21.3337030Z yarn: 1.22.22
2025-06-08T01:54:21.3438510Z ##[endgroup]
2025-06-08T01:54:21.3538300Z [command]/Users/runner/hostedtoolcache/node/18.20.8/arm64/bin/npm config get cache
2025-06-08T01:54:21.4652260Z /Users/runner/.npm
2025-06-08T01:54:21.7003930Z Cache hit for: node-cache-macOS-arm64-npm-c6cb0da915ce3cfbe58b0816291a9709583c11ac9c1e082b01e1bb5d530e3621
2025-06-08T01:54:22.8710230Z Received 67568335 of 75956943 (89.0%), 64.4 MBs/sec
2025-06-08T01:54:22.9843670Z Received 75956943 of 75956943 (100.0%), 65.0 MBs/sec
2025-06-08T01:54:22.9849850Z Cache Size: ~72 MB (75956943 B)
2025-06-08T01:54:22.9900860Z [command]/opt/homebrew/bin/gtar -xf /Users/runner/work/_temp/14997a7a-52d5-4420-aa97-df266b5c673a/cache.tzst -P -C /Users/runner/work/ApexAgent/ApexAgent --delay-directory-restore --use-compress-program unzstd
2025-06-08T01:54:23.2801120Z Cache restored successfully
2025-06-08T01:54:23.2813770Z Cache restored from key: node-cache-macOS-arm64-npm-c6cb0da915ce3cfbe58b0816291a9709583c11ac9c1e082b01e1bb5d530e3621
2025-06-08T01:54:23.2942480Z ##[group]Run actions/setup-python@v4
2025-06-08T01:54:23.2942720Z with:
2025-06-08T01:54:23.2942880Z   python-version: 3.11
2025-06-08T01:54:23.2943050Z   check-latest: false
2025-06-08T01:54:23.2943370Z   token: ***
2025-06-08T01:54:23.2943530Z   update-environment: true
2025-06-08T01:54:23.2943730Z   allow-prereleases: false
2025-06-08T01:54:23.2943890Z env:
2025-06-08T01:54:23.2944010Z   NODE_VERSION: 18
2025-06-08T01:54:23.2944180Z   PYTHON_VERSION: 3.11
2025-06-08T01:54:23.2944350Z ##[endgroup]
2025-06-08T01:54:23.4299920Z ##[group]Installed versions
2025-06-08T01:54:23.5111530Z Successfully set up CPython (3.11.9)
2025-06-08T01:54:23.5117450Z ##[endgroup]
2025-06-08T01:54:23.5168910Z ##[group]Run npm ci
2025-06-08T01:54:23.5169160Z [36;1mnpm ci[0m
2025-06-08T01:54:23.5241480Z shell: /bin/bash -e {0}
2025-06-08T01:54:23.5241670Z env:
2025-06-08T01:54:23.5241850Z   NODE_VERSION: 18
2025-06-08T01:54:23.5242000Z   PYTHON_VERSION: 3.11
2025-06-08T01:54:23.5242270Z   pythonLocation: /Users/runner/hostedtoolcache/Python/3.11.9/arm64
2025-06-08T01:54:23.5242660Z   PKG_CONFIG_PATH: /Users/runner/hostedtoolcache/Python/3.11.9/arm64/lib/pkgconfig
2025-06-08T01:54:23.5243060Z   Python_ROOT_DIR: /Users/runner/hostedtoolcache/Python/3.11.9/arm64
2025-06-08T01:54:23.5243410Z   Python2_ROOT_DIR: /Users/runner/hostedtoolcache/Python/3.11.9/arm64
2025-06-08T01:54:23.5243760Z   Python3_ROOT_DIR: /Users/runner/hostedtoolcache/Python/3.11.9/arm64
2025-06-08T01:54:23.5244020Z ##[endgroup]
2025-06-08T01:54:24.0324300Z npm warn EBADENGINE Unsupported engine {
2025-06-08T01:54:24.0324780Z npm warn EBADENGINE   package: 'commander@14.0.0',
2025-06-08T01:54:24.0325370Z npm warn EBADENGINE   required: { node: '>=20' },
2025-06-08T01:54:24.0325780Z npm warn EBADENGINE   current: { node: 'v18.20.8', npm: '10.8.2' }
2025-06-08T01:54:24.0326080Z npm warn EBADENGINE }
2025-06-08T01:54:25.4426720Z npm warn deprecated inflight@1.0.6: This module is not supported, and leaks memory. Do not use it. Check out lru-cache if you want a good and tested way to coalesce async requests by a key value, which is much more comprehensive and powerful.
2025-06-08T01:54:25.5635090Z npm warn deprecated lodash.isequal@4.5.0: This package is deprecated. Use require('node:util').isDeepStrictEqual instead.
2025-06-08T01:54:25.6565390Z npm warn deprecated glob@7.2.3: Glob versions prior to v9 are no longer supported
2025-06-08T01:54:25.7748050Z npm warn deprecated boolean@3.2.0: Package no longer supported. Contact Support at https://www.npmjs.com/support for more info.
2025-06-08T01:54:29.6687040Z 
2025-06-08T01:54:29.6688330Z added 768 packages, and audited 769 packages in 6s
2025-06-08T01:54:29.6688590Z 
2025-06-08T01:54:29.6688850Z 90 packages are looking for funding
2025-06-08T01:54:29.6689140Z   run `npm fund` for details
2025-06-08T01:54:29.6700470Z 
2025-06-08T01:54:29.6700860Z found 0 vulnerabilities
2025-06-08T01:54:29.6823010Z ##[group]Run npm install dmg-license --save-dev
2025-06-08T01:54:29.6823330Z [36;1mnpm install dmg-license --save-dev[0m
2025-06-08T01:54:29.6888220Z shell: /bin/bash -e {0}
2025-06-08T01:54:29.6888400Z env:
2025-06-08T01:54:29.6888550Z   NODE_VERSION: 18
2025-06-08T01:54:29.6888710Z   PYTHON_VERSION: 3.11
2025-06-08T01:54:29.6888960Z   pythonLocation: /Users/runner/hostedtoolcache/Python/3.11.9/arm64
2025-06-08T01:54:29.6889400Z   PKG_CONFIG_PATH: /Users/runner/hostedtoolcache/Python/3.11.9/arm64/lib/pkgconfig
2025-06-08T01:54:29.6911850Z   Python_ROOT_DIR: /Users/runner/hostedtoolcache/Python/3.11.9/arm64
2025-06-08T01:54:29.6912340Z   Python2_ROOT_DIR: /Users/runner/hostedtoolcache/Python/3.11.9/arm64
2025-06-08T01:54:29.6912720Z   Python3_ROOT_DIR: /Users/runner/hostedtoolcache/Python/3.11.9/arm64
2025-06-08T01:54:29.6912990Z ##[endgroup]
2025-06-08T01:54:30.2904060Z npm warn EBADENGINE Unsupported engine {
2025-06-08T01:54:30.2905270Z npm warn EBADENGINE   package: 'commander@14.0.0',
2025-06-08T01:54:30.2905840Z npm warn EBADENGINE   required: { node: '>=20' },
2025-06-08T01:54:30.2906350Z npm warn EBADENGINE   current: { node: 'v18.20.8', npm: '10.8.2' }
2025-06-08T01:54:30.2906790Z npm warn EBADENGINE }
2025-06-08T01:54:30.6390250Z 
2025-06-08T01:54:30.6390880Z up to date, audited 769 packages in 857ms
2025-06-08T01:54:30.6391260Z 
2025-06-08T01:54:30.6391540Z 90 packages are looking for funding
2025-06-08T01:54:30.6392040Z   run `npm fund` for details
2025-06-08T01:54:30.6396660Z 
2025-06-08T01:54:30.6396930Z found 0 vulnerabilities
2025-06-08T01:54:30.6462890Z ##[group]Run npm run build:mac
2025-06-08T01:54:30.6463170Z [36;1mnpm run build:mac[0m
2025-06-08T01:54:30.6514600Z shell: /bin/bash -e {0}
2025-06-08T01:54:30.6514800Z env:
2025-06-08T01:54:30.6515020Z   NODE_VERSION: 18
2025-06-08T01:54:30.6515280Z   PYTHON_VERSION: 3.11
2025-06-08T01:54:30.6515630Z   pythonLocation: /Users/runner/hostedtoolcache/Python/3.11.9/arm64
2025-06-08T01:54:30.6516040Z   PKG_CONFIG_PATH: /Users/runner/hostedtoolcache/Python/3.11.9/arm64/lib/pkgconfig
2025-06-08T01:54:30.6516420Z   Python_ROOT_DIR: /Users/runner/hostedtoolcache/Python/3.11.9/arm64
2025-06-08T01:54:30.6516770Z   Python2_ROOT_DIR: /Users/runner/hostedtoolcache/Python/3.11.9/arm64
2025-06-08T01:54:30.6517150Z   Python3_ROOT_DIR: /Users/runner/hostedtoolcache/Python/3.11.9/arm64
2025-06-08T01:54:30.6517780Z   GH_TOKEN: ***
2025-06-08T01:54:30.6517980Z   CSC_IDENTITY_AUTO_DISCOVERY: false
2025-06-08T01:54:30.6518230Z ##[endgroup]
2025-06-08T01:54:30.8581160Z 
2025-06-08T01:54:30.8682410Z > aideon-ai-lite@1.0.0 build:mac
2025-06-08T01:54:30.8717600Z > npm run package:mac
2025-06-08T01:54:30.8718770Z 
2025-06-08T01:54:30.9823160Z 
2025-06-08T01:54:30.9823590Z > aideon-ai-lite@1.0.0 package:mac
2025-06-08T01:54:30.9824030Z > electron-builder --mac
2025-06-08T01:54:30.9824250Z 
2025-06-08T01:54:31.4725370Z   • electron-builder  version=24.13.3 os=23.6.0
2025-06-08T01:54:31.4727160Z   • publishing will be skipped  reason=current build is a part of pull request solution=set env PUBLISH_FOR_PULL_REQUEST to true to force code signing
2025-06-08T01:54:31.4728360Z There are serious security concerns with PUBLISH_FOR_PULL_REQUEST=true (see the  CircleCI documentation (https://circleci.com/docs/1.0/fork-pr-builds/) for details)
2025-06-08T01:54:31.4729780Z If you have SSH keys, sensitive env vars or AWS credentials stored in your project settings and untrusted forks can make pull requests against your repo, then this option isn't for you.
2025-06-08T01:54:31.4758170Z   • loaded configuration  file=package.json ("build" field)
2025-06-08T01:54:31.7129240Z   • packaging       platform=darwin arch=arm64 electron=28.3.3 appOutDir=dist/mac-arm64
2025-06-08T01:54:32.2242440Z   • downloading     url=https://github.com/electron/electron/releases/download/v28.3.3/electron-v28.3.3-darwin-arm64.zip size=95 MB parts=6
2025-06-08T01:54:33.0473110Z   • downloaded      url=https://github.com/electron/electron/releases/download/v28.3.3/electron-v28.3.3-darwin-arm64.zip duration=1.327s
2025-06-08T01:54:35.8586950Z   • Current build is a part of pull request, code signing will be skipped.
2025-06-08T01:54:35.8587640Z Set env CSC_FOR_PULL_REQUEST to true to force code signing.
2025-06-08T01:54:35.8588520Z There are serious security concerns with CSC_FOR_PULL_REQUEST=true (see the  CircleCI documentation (https://circleci.com/docs/1.0/fork-pr-builds/) for details)
2025-06-08T01:54:35.8589830Z If you have SSH keys, sensitive env vars or AWS credentials stored in your project settings and untrusted forks can make pull requests against your repo, then this option isn't for you.
2025-06-08T01:54:35.8591940Z   • building        target=DMG arch=arm64 file=dist/Aideon AI Lite-1.0.0-arm64.dmg
2025-06-08T01:54:35.8619110Z   • Detected arm64 process, HFS+ is unavailable. Creating dmg with APFS - supports Mac OSX 10.12+
2025-06-08T01:54:49.0526410Z   • building block map  blockMapFile=dist/Aideon AI Lite-1.0.0-arm64.dmg.blockmap
2025-06-08T01:54:49.9562730Z ##[group]Run actions/upload-artifact@v4
2025-06-08T01:54:49.9563000Z with:
2025-06-08T01:54:49.9563200Z   name: macos-installer
2025-06-08T01:54:49.9563440Z   path: dist/*.dmg
dist/*.zip

2025-06-08T01:54:49.9563760Z   retention-days: 30
2025-06-08T01:54:49.9563960Z   if-no-files-found: warn
2025-06-08T01:54:49.9564190Z   compression-level: 6
2025-06-08T01:54:49.9564340Z   overwrite: false
2025-06-08T01:54:49.9564490Z   include-hidden-files: false
2025-06-08T01:54:49.9564650Z env:
2025-06-08T01:54:49.9564840Z   NODE_VERSION: 18
2025-06-08T01:54:49.9565180Z   PYTHON_VERSION: 3.11
2025-06-08T01:54:49.9565430Z   pythonLocation: /Users/runner/hostedtoolcache/Python/3.11.9/arm64
2025-06-08T01:54:49.9569570Z   PKG_CONFIG_PATH: /Users/runner/hostedtoolcache/Python/3.11.9/arm64/lib/pkgconfig
2025-06-08T01:54:49.9570010Z   Python_ROOT_DIR: /Users/runner/hostedtoolcache/Python/3.11.9/arm64
2025-06-08T01:54:49.9570470Z   Python2_ROOT_DIR: /Users/runner/hostedtoolcache/Python/3.11.9/arm64
2025-06-08T01:54:49.9570940Z   Python3_ROOT_DIR: /Users/runner/hostedtoolcache/Python/3.11.9/arm64
2025-06-08T01:54:49.9571250Z ##[endgroup]
2025-06-08T01:54:50.2143370Z With the provided path, there will be 4 files uploaded
2025-06-08T01:54:50.2145390Z Artifact name is valid!
2025-06-08T01:54:50.2145780Z Root directory input is valid!
2025-06-08T01:54:50.4308440Z Beginning upload of artifact content to blob storage
2025-06-08T01:54:51.3943800Z Uploaded bytes 8388608
2025-06-08T01:54:51.4045820Z Uploaded bytes 16777216
2025-06-08T01:54:51.6456990Z Uploaded bytes 25165824
2025-06-08T01:54:51.8833680Z Uploaded bytes 33554432
2025-06-08T01:54:52.0049350Z Uploaded bytes 41943040
2025-06-08T01:54:52.0574920Z Uploaded bytes 50331648
2025-06-08T01:54:52.2774950Z Uploaded bytes 58720256
2025-06-08T01:54:52.5430570Z Uploaded bytes 67108864
2025-06-08T01:54:52.7663340Z Uploaded bytes 75497472
2025-06-08T01:54:52.9279440Z Uploaded bytes 83886080
2025-06-08T01:54:53.2633680Z Uploaded bytes 92274688
2025-06-08T01:54:53.5615460Z Uploaded bytes 99784527
2025-06-08T01:54:53.6325340Z Finished uploading artifact content to blob storage!
2025-06-08T01:54:53.6426880Z SHA256 digest of uploaded artifact zip is 64453745921da09864df90555220415b0ee52559eaf046a0824bc2b47b681d5e
2025-06-08T01:54:53.6526780Z Finalizing artifact upload
2025-06-08T01:54:53.7720460Z Artifact macos-installer.zip successfully finalized. Artifact ID 3282495648
2025-06-08T01:54:53.7822710Z Artifact macos-installer has been successfully uploaded! Final size is 99784527 bytes. Artifact ID is 3282495648
2025-06-08T01:54:53.7924220Z Artifact download URL: https://github.com/AllienNova/ApexAgent/actions/runs/15513742882/artifacts/3282495648
2025-06-08T01:54:53.7979150Z Post job cleanup.
2025-06-08T01:54:53.9250360Z Post job cleanup.
2025-06-08T01:54:54.0498650Z Cache hit occurred on the primary key node-cache-macOS-arm64-npm-c6cb0da915ce3cfbe58b0816291a9709583c11ac9c1e082b01e1bb5d530e3621, not saving cache.
2025-06-08T01:54:54.0558640Z Post job cleanup.
2025-06-08T01:54:54.1426110Z [command]/opt/homebrew/bin/git version
2025-06-08T01:54:54.1532370Z git version 2.49.0
2025-06-08T01:54:54.2061010Z Copying '/Users/runner/.gitconfig' to '/Users/runner/work/_temp/c1acdafd-d424-4f32-b5fb-49fd5d125744/.gitconfig'
2025-06-08T01:54:54.2163030Z Temporarily overriding HOME='/Users/runner/work/_temp/c1acdafd-d424-4f32-b5fb-49fd5d125744' before making global git config changes
2025-06-08T01:54:54.2264570Z Adding repository directory to the temporary git global config as a safe directory
2025-06-08T01:54:54.2372950Z [command]/opt/homebrew/bin/git config --global --add safe.directory /Users/runner/work/ApexAgent/ApexAgent
2025-06-08T01:54:54.2675200Z [command]/opt/homebrew/bin/git config --local --name-only --get-regexp core\.sshCommand
2025-06-08T01:54:54.2977760Z [command]/opt/homebrew/bin/git submodule foreach --recursive sh -c "git config --local --name-only --get-regexp 'core\.sshCommand' && git config --local --unset-all 'core.sshCommand' || :"
2025-06-08T01:54:54.3297940Z [command]/opt/homebrew/bin/git config --local --name-only --get-regexp http\.https\:\/\/github\.com\/\.extraheader
2025-06-08T01:54:54.3463400Z http.https://github.com/.extraheader
2025-06-08T01:54:54.3766130Z [command]/opt/homebrew/bin/git config --local --unset-all http.https://github.com/.extraheader
2025-06-08T01:54:54.4070310Z [command]/opt/homebrew/bin/git submodule foreach --recursive sh -c "git config --local --name-only --get-regexp 'http\.https\:\/\/github\.com\/\.extraheader' && git config --local --unset-all 'http.https://github.com/.extraheader' || :"
2025-06-08T01:54:54.4429100Z Cleaning up orphan processes
