2025-06-08T01:49:36.6477494Z Requested labels: ubuntu-latest
2025-06-08T01:49:36.6477798Z Job defined at: AllienNova/ApexAgent/.github/workflows/build-release.yml@refs/pull/1/merge
2025-06-08T01:49:36.6477890Z Waiting for a runner to pick up this job...
2025-06-08T01:49:37.0475387Z Job is waiting for a hosted runner to come online.
2025-06-08T01:49:42.2673989Z Job is about to start running on the hosted runner: GitHub Actions 22 (hosted)
2025-06-08T01:49:44.4312003Z Current runner version: '2.325.0'
2025-06-08T01:49:44.4343077Z ##[group]Runner Image Provisioner
2025-06-08T01:49:44.4344218Z Hosted Compute Agent
2025-06-08T01:49:44.4344851Z Version: 20250508.323
2025-06-08T01:49:44.4345607Z Commit: 81b259f29879f73b4213d199e42d8c3465dae986
2025-06-08T01:49:44.4346408Z Build Date: 2025-05-08T19:40:08Z
2025-06-08T01:49:44.4347080Z ##[endgroup]
2025-06-08T01:49:44.4347800Z ##[group]Operating System
2025-06-08T01:49:44.4348458Z Ubuntu
2025-06-08T01:49:44.4349122Z 24.04.2
2025-06-08T01:49:44.4349769Z LTS
2025-06-08T01:49:44.4350310Z ##[endgroup]
2025-06-08T01:49:44.4350930Z ##[group]Runner Image
2025-06-08T01:49:44.4351629Z Image: ubuntu-24.04
2025-06-08T01:49:44.4352210Z Version: 20250511.1.0
2025-06-08T01:49:44.4353439Z Included Software: https://github.com/actions/runner-images/blob/ubuntu24/20250511.1/images/ubuntu/Ubuntu2404-Readme.md
2025-06-08T01:49:44.4355222Z Image Release: https://github.com/actions/runner-images/releases/tag/ubuntu24%2F20250511.1
2025-06-08T01:49:44.4356457Z ##[endgroup]
2025-06-08T01:49:44.4357728Z ##[group]GITHUB_TOKEN Permissions
2025-06-08T01:49:44.4361159Z Contents: read
2025-06-08T01:49:44.4362190Z Metadata: read
2025-06-08T01:49:44.4363138Z Packages: read
2025-06-08T01:49:44.4364149Z ##[endgroup]
2025-06-08T01:49:44.4368847Z Secret source: Actions
2025-06-08T01:49:44.4370161Z Prepare workflow directory
2025-06-08T01:49:44.4789119Z Prepare all required actions
2025-06-08T01:49:44.4826777Z Getting action download info
2025-06-08T01:49:44.7136761Z ##[group]Download immutable action package 'actions/checkout@v4'
2025-06-08T01:49:44.7137788Z Version: 4.2.2
2025-06-08T01:49:44.7138943Z Digest: sha256:ccb2698953eaebd21c7bf6268a94f9c26518a7e38e27e0b83c1fe1ad049819b1
2025-06-08T01:49:44.7140226Z Source commit SHA: 11bd71901bbe5b1630ceea73d27597364c9af683
2025-06-08T01:49:44.7140977Z ##[endgroup]
2025-06-08T01:49:44.8013200Z ##[group]Download immutable action package 'actions/setup-node@v4'
2025-06-08T01:49:44.8014051Z Version: 4.4.0
2025-06-08T01:49:44.8014820Z Digest: sha256:9427cefe82346e992fb5b949e3569b39d537ae41aa3086483b14eceebfc16bc1
2025-06-08T01:49:44.8015838Z Source commit SHA: 49933ea5288caeca8642d1e84afbd3f7d6820020
2025-06-08T01:49:44.8016562Z ##[endgroup]
2025-06-08T01:49:44.8970399Z ##[group]Download immutable action package 'actions/setup-python@v4'
2025-06-08T01:49:44.8971254Z Version: 4.9.1
2025-06-08T01:49:44.8972012Z Digest: sha256:f03e505388af670b5a108629e0ba26befc08d5c62b41f46146a45fe29ae509a5
2025-06-08T01:49:44.8973034Z Source commit SHA: 7f4fc3e22c37d6ff65e88745f38bd3157c663f7c
2025-06-08T01:49:44.8973749Z ##[endgroup]
2025-06-08T01:49:45.1577665Z ##[group]Download immutable action package 'actions/upload-artifact@v4'
2025-06-08T01:49:45.1578514Z Version: 4.6.2
2025-06-08T01:49:45.1579589Z Digest: sha256:290722aa3281d5caf23d0acdc3dbeb3424786a1a01a9cc97e72f147225e37c38
2025-06-08T01:49:45.1580612Z Source commit SHA: ea165f8d65b6e75b540449e92b4886f43607fa02
2025-06-08T01:49:45.1581324Z ##[endgroup]
2025-06-08T01:49:45.3597521Z Complete job name: build-linux
2025-06-08T01:49:45.4441673Z ##[group]Run actions/checkout@v4
2025-06-08T01:49:45.4443452Z with:
2025-06-08T01:49:45.4444305Z   fetch-depth: 0
2025-06-08T01:49:45.4445318Z   repository: AllienNova/ApexAgent
2025-06-08T01:49:45.4446757Z   token: ***
2025-06-08T01:49:45.4447657Z   ssh-strict: true
2025-06-08T01:49:45.4448547Z   ssh-user: git
2025-06-08T01:49:45.4449777Z   persist-credentials: true
2025-06-08T01:49:45.4450795Z   clean: true
2025-06-08T01:49:45.4451714Z   sparse-checkout-cone-mode: true
2025-06-08T01:49:45.4452774Z   fetch-tags: false
2025-06-08T01:49:45.4454239Z   show-progress: true
2025-06-08T01:49:45.4455131Z   lfs: false
2025-06-08T01:49:45.4455951Z   submodules: false
2025-06-08T01:49:45.4456822Z   set-safe-directory: true
2025-06-08T01:49:45.4459196Z env:
2025-06-08T01:49:45.4460007Z   NODE_VERSION: 18
2025-06-08T01:49:45.4460866Z   PYTHON_VERSION: 3.11
2025-06-08T01:49:45.4461747Z ##[endgroup]
2025-06-08T01:49:45.6054421Z Syncing repository: AllienNova/ApexAgent
2025-06-08T01:49:45.6058280Z ##[group]Getting Git version info
2025-06-08T01:49:45.6059917Z Working directory is '/home/runner/work/ApexAgent/ApexAgent'
2025-06-08T01:49:45.6061889Z [command]/usr/bin/git version
2025-06-08T01:49:45.6148091Z git version 2.49.0
2025-06-08T01:49:45.6179533Z ##[endgroup]
2025-06-08T01:49:45.6196277Z Temporarily overriding HOME='/home/runner/work/_temp/bb9c94ce-5c47-4a50-b477-6de85d4b59f2' before making global git config changes
2025-06-08T01:49:45.6201255Z Adding repository directory to the temporary git global config as a safe directory
2025-06-08T01:49:45.6204396Z [command]/usr/bin/git config --global --add safe.directory /home/runner/work/ApexAgent/ApexAgent
2025-06-08T01:49:45.6326029Z Deleting the contents of '/home/runner/work/ApexAgent/ApexAgent'
2025-06-08T01:49:45.6328170Z ##[group]Initializing the repository
2025-06-08T01:49:45.6329793Z [command]/usr/bin/git init /home/runner/work/ApexAgent/ApexAgent
2025-06-08T01:49:45.6426808Z hint: Using 'master' as the name for the initial branch. This default branch name
2025-06-08T01:49:45.6429211Z hint: is subject to change. To configure the initial branch name to use in all
2025-06-08T01:49:45.6431354Z hint: of your new repositories, which will suppress this warning, call:
2025-06-08T01:49:45.6432977Z hint:
2025-06-08T01:49:45.6434959Z hint: 	git config --global init.defaultBranch <name>
2025-06-08T01:49:45.6436156Z hint:
2025-06-08T01:49:45.6437269Z hint: Names commonly chosen instead of 'master' are 'main', 'trunk' and
2025-06-08T01:49:45.6439444Z hint: 'development'. The just-created branch can be renamed via this command:
2025-06-08T01:49:45.6440973Z hint:
2025-06-08T01:49:45.6441793Z hint: 	git branch -m <name>
2025-06-08T01:49:45.6443239Z Initialized empty Git repository in /home/runner/work/ApexAgent/ApexAgent/.git/
2025-06-08T01:49:45.6446417Z [command]/usr/bin/git remote add origin https://github.com/AllienNova/ApexAgent
2025-06-08T01:49:45.6468425Z ##[endgroup]
2025-06-08T01:49:45.6470280Z ##[group]Disabling automatic garbage collection
2025-06-08T01:49:45.6473499Z [command]/usr/bin/git config --local gc.auto 0
2025-06-08T01:49:45.6507071Z ##[endgroup]
2025-06-08T01:49:45.6508575Z ##[group]Setting up auth
2025-06-08T01:49:45.6514760Z [command]/usr/bin/git config --local --name-only --get-regexp core\.sshCommand
2025-06-08T01:49:45.6552303Z [command]/usr/bin/git submodule foreach --recursive sh -c "git config --local --name-only --get-regexp 'core\.sshCommand' && git config --local --unset-all 'core.sshCommand' || :"
2025-06-08T01:49:45.6926555Z [command]/usr/bin/git config --local --name-only --get-regexp http\.https\:\/\/github\.com\/\.extraheader
2025-06-08T01:49:45.6961882Z [command]/usr/bin/git submodule foreach --recursive sh -c "git config --local --name-only --get-regexp 'http\.https\:\/\/github\.com\/\.extraheader' && git config --local --unset-all 'http.https://github.com/.extraheader' || :"
2025-06-08T01:49:45.7204431Z [command]/usr/bin/git config --local http.https://github.com/.extraheader AUTHORIZATION: basic ***
2025-06-08T01:49:45.7250702Z ##[endgroup]
2025-06-08T01:49:45.7253998Z ##[group]Fetching the repository
2025-06-08T01:49:45.7262663Z [command]/usr/bin/git -c protocol.version=2 fetch --prune --no-recurse-submodules origin +refs/heads/*:refs/remotes/origin/* +refs/tags/*:refs/tags/* +7e2b03deff032c90a9439354d93f0089bc8ba52d:refs/remotes/pull/1/merge
2025-06-08T01:49:49.2180313Z From https://github.com/AllienNova/ApexAgent
2025-06-08T01:49:49.2181777Z  * [new branch]        cicd-pipeline                            -> origin/cicd-pipeline
2025-06-08T01:49:49.2183020Z  * [new branch]        cicd-pipeline-synced                     -> origin/cicd-pipeline-synced
2025-06-08T01:49:49.2184390Z  * [new branch]        dr-tardis-architecture                   -> origin/dr-tardis-architecture
2025-06-08T01:49:49.2187365Z  * [new branch]        dr-tardis-context-management             -> origin/dr-tardis-context-management
2025-06-08T01:49:49.2189419Z  * [new branch]        dr-tardis-conversation-handling          -> origin/dr-tardis-conversation-handling
2025-06-08T01:49:49.2191353Z  * [new branch]        dr-tardis-core-agent                     -> origin/dr-tardis-core-agent
2025-06-08T01:49:49.2194576Z  * [new branch]        dr-tardis-kb                             -> origin/dr-tardis-kb
2025-06-08T01:49:49.2195669Z  * [new branch]        dr-tardis-knowledge-retrieval            -> origin/dr-tardis-knowledge-retrieval
2025-06-08T01:49:49.2199358Z  * [new branch]        dr-tardis-multi-agent-orchestration      -> origin/dr-tardis-multi-agent-orchestration
2025-06-08T01:49:49.2201770Z  * [new branch]        dr-tardis-research                       -> origin/dr-tardis-research
2025-06-08T01:49:49.2206385Z  * [new branch]        gemini-live-voice-audio                  -> origin/gemini-live-voice-audio
2025-06-08T01:49:49.2212187Z  * [new branch]        integration-branch                       -> origin/integration-branch
2025-06-08T01:49:49.2213831Z  * [new branch]        main                                     -> origin/main
2025-06-08T01:49:49.2219094Z  * [new branch]        master                                   -> origin/master
2025-06-08T01:49:49.2222706Z  * [new ref]           7e2b03deff032c90a9439354d93f0089bc8ba52d -> pull/1/merge
2025-06-08T01:49:49.2259311Z ##[endgroup]
2025-06-08T01:49:49.2261227Z ##[group]Determining the checkout info
2025-06-08T01:49:49.2262208Z ##[endgroup]
2025-06-08T01:49:49.2268611Z [command]/usr/bin/git sparse-checkout disable
2025-06-08T01:49:49.2312250Z [command]/usr/bin/git config --local --unset-all extensions.worktreeConfig
2025-06-08T01:49:49.2342614Z ##[group]Checking out the ref
2025-06-08T01:49:49.2347361Z [command]/usr/bin/git checkout --progress --force refs/remotes/pull/1/merge
2025-06-08T01:49:50.2643183Z Updating files:  69% (16982/24378)
2025-06-08T01:49:50.2751597Z Updating files:  70% (17065/24378)
2025-06-08T01:49:50.2883631Z Updating files:  71% (17309/24378)
2025-06-08T01:49:50.2991008Z Updating files:  72% (17553/24378)
2025-06-08T01:49:50.3094437Z Updating files:  73% (17796/24378)
2025-06-08T01:49:50.3196818Z Updating files:  74% (18040/24378)
2025-06-08T01:49:50.3554498Z Updating files:  75% (18284/24378)
2025-06-08T01:49:50.3662976Z Updating files:  76% (18528/24378)
2025-06-08T01:49:50.3794057Z Updating files:  77% (18772/24378)
2025-06-08T01:49:50.3954260Z Updating files:  78% (19015/24378)
2025-06-08T01:49:50.4183894Z Updating files:  79% (19259/24378)
2025-06-08T01:49:50.4339789Z Updating files:  80% (19503/24378)
2025-06-08T01:49:50.4446778Z Updating files:  81% (19747/24378)
2025-06-08T01:49:50.4622038Z Updating files:  82% (19990/24378)
2025-06-08T01:49:50.4915525Z Updating files:  83% (20234/24378)
2025-06-08T01:49:50.5142225Z Updating files:  84% (20478/24378)
2025-06-08T01:49:50.5282811Z Updating files:  85% (20722/24378)
2025-06-08T01:49:50.5537440Z Updating files:  86% (20966/24378)
2025-06-08T01:49:50.5799452Z Updating files:  87% (21209/24378)
2025-06-08T01:49:50.6470317Z Updating files:  88% (21453/24378)
2025-06-08T01:49:50.6564144Z Updating files:  89% (21697/24378)
2025-06-08T01:49:50.6746376Z Updating files:  90% (21941/24378)
2025-06-08T01:49:50.6848422Z Updating files:  91% (22184/24378)
2025-06-08T01:49:50.6964382Z Updating files:  92% (22428/24378)
2025-06-08T01:49:50.7087646Z Updating files:  93% (22672/24378)
2025-06-08T01:49:50.7300107Z Updating files:  94% (22916/24378)
2025-06-08T01:49:50.7536536Z Updating files:  95% (23160/24378)
2025-06-08T01:49:50.7716138Z Updating files:  96% (23403/24378)
2025-06-08T01:49:50.7961217Z Updating files:  97% (23647/24378)
2025-06-08T01:49:50.8198327Z Updating files:  98% (23891/24378)
2025-06-08T01:49:50.8548230Z Updating files:  99% (24135/24378)
2025-06-08T01:49:50.8549334Z Updating files: 100% (24378/24378)
2025-06-08T01:49:50.8551615Z Updating files: 100% (24378/24378), done.
2025-06-08T01:49:50.8931264Z Note: switching to 'refs/remotes/pull/1/merge'.
2025-06-08T01:49:50.8932086Z 
2025-06-08T01:49:50.8932798Z You are in 'detached HEAD' state. You can look around, make experimental
2025-06-08T01:49:50.8937335Z changes and commit them, and you can discard any commits you make in this
2025-06-08T01:49:50.8940504Z state without impacting any branches by switching back to a branch.
2025-06-08T01:49:50.8941159Z 
2025-06-08T01:49:50.8969354Z If you want to create a new branch to retain commits you create, you may
2025-06-08T01:49:50.8970372Z do so (now or later) by using -c with the switch command. Example:
2025-06-08T01:49:50.8970961Z 
2025-06-08T01:49:50.8971452Z   git switch -c <new-branch-name>
2025-06-08T01:49:50.8971898Z 
2025-06-08T01:49:50.8972225Z Or undo this operation with:
2025-06-08T01:49:50.8972634Z 
2025-06-08T01:49:50.8972898Z   git switch -
2025-06-08T01:49:50.8973233Z 
2025-06-08T01:49:50.8973701Z Turn off this advice by setting config variable advice.detachedHead to false
2025-06-08T01:49:50.8974332Z 
2025-06-08T01:49:50.8975027Z HEAD is now at 7e2b03de Merge aa15c3300a79b82bdfd2c72a7c2dd3a496e18760 into 6a3ec63168d17ca96c8982c803d63dde5874e09e
2025-06-08T01:49:50.8999177Z ##[endgroup]
2025-06-08T01:49:50.9063923Z [command]/usr/bin/git log -1 --format=%H
2025-06-08T01:49:50.9091048Z 7e2b03deff032c90a9439354d93f0089bc8ba52d
2025-06-08T01:49:50.9346256Z ##[group]Run actions/setup-node@v4
2025-06-08T01:49:50.9346546Z with:
2025-06-08T01:49:50.9346739Z   node-version: 18
2025-06-08T01:49:50.9346955Z   cache: npm
2025-06-08T01:49:50.9347136Z   always-auth: false
2025-06-08T01:49:50.9347331Z   check-latest: false
2025-06-08T01:49:50.9347642Z   token: ***
2025-06-08T01:49:50.9347827Z env:
2025-06-08T01:49:50.9348000Z   NODE_VERSION: 18
2025-06-08T01:49:50.9348200Z   PYTHON_VERSION: 3.11
2025-06-08T01:49:50.9348402Z ##[endgroup]
2025-06-08T01:49:51.1187844Z Found in cache @ /opt/hostedtoolcache/node/18.20.8/x64
2025-06-08T01:49:51.1196633Z ##[group]Environment details
2025-06-08T01:49:52.8932253Z node: v18.20.8
2025-06-08T01:49:52.8933158Z npm: 10.8.2
2025-06-08T01:49:52.8935371Z yarn: 1.22.22
2025-06-08T01:49:52.8936908Z ##[endgroup]
2025-06-08T01:49:52.8961226Z [command]/opt/hostedtoolcache/node/18.20.8/x64/bin/npm config get cache
2025-06-08T01:49:53.1846870Z /home/runner/.npm
2025-06-08T01:49:53.3155291Z npm cache is not found
2025-06-08T01:49:53.3319708Z ##[group]Run actions/setup-python@v4
2025-06-08T01:49:53.3320001Z with:
2025-06-08T01:49:53.3320185Z   python-version: 3.11
2025-06-08T01:49:53.3320398Z   check-latest: false
2025-06-08T01:49:53.3320706Z   token: ***
2025-06-08T01:49:53.3320905Z   update-environment: true
2025-06-08T01:49:53.3321139Z   allow-prereleases: false
2025-06-08T01:49:53.3321343Z env:
2025-06-08T01:49:53.3321513Z   NODE_VERSION: 18
2025-06-08T01:49:53.3321709Z   PYTHON_VERSION: 3.11
2025-06-08T01:49:53.3321910Z ##[endgroup]
2025-06-08T01:49:53.5051265Z ##[group]Installed versions
2025-06-08T01:49:53.5151144Z Successfully set up CPython (3.11.12)
2025-06-08T01:49:53.5154200Z ##[endgroup]
2025-06-08T01:49:53.5253589Z ##[group]Run sudo apt-get update
2025-06-08T01:49:53.5253931Z [36;1msudo apt-get update[0m
2025-06-08T01:49:53.5254422Z [36;1msudo apt-get install -y libnss3-dev libatk-bridge2.0-dev libdrm2 libxkbcommon0 libxss1 libasound2t64[0m
2025-06-08T01:49:53.5460248Z shell: /usr/bin/bash -e {0}
2025-06-08T01:49:53.5460528Z env:
2025-06-08T01:49:53.5460715Z   NODE_VERSION: 18
2025-06-08T01:49:53.5460929Z   PYTHON_VERSION: 3.11
2025-06-08T01:49:53.5461217Z   pythonLocation: /opt/hostedtoolcache/Python/3.11.12/x64
2025-06-08T01:49:53.5461645Z   PKG_CONFIG_PATH: /opt/hostedtoolcache/Python/3.11.12/x64/lib/pkgconfig
2025-06-08T01:49:53.5462055Z   Python_ROOT_DIR: /opt/hostedtoolcache/Python/3.11.12/x64
2025-06-08T01:49:53.5462424Z   Python2_ROOT_DIR: /opt/hostedtoolcache/Python/3.11.12/x64
2025-06-08T01:49:53.5462818Z   Python3_ROOT_DIR: /opt/hostedtoolcache/Python/3.11.12/x64
2025-06-08T01:49:53.5463192Z   LD_LIBRARY_PATH: /opt/hostedtoolcache/Python/3.11.12/x64/lib
2025-06-08T01:49:53.5463568Z ##[endgroup]
2025-06-08T01:49:53.7421112Z Get:1 file:/etc/apt/apt-mirrors.txt Mirrorlist [144 B]
2025-06-08T01:49:53.8411275Z Hit:2 http://azure.archive.ubuntu.com/ubuntu noble InRelease
2025-06-08T01:49:53.8414638Z Get:6 https://packages.microsoft.com/repos/azure-cli noble InRelease [3564 B]
2025-06-08T01:49:53.8463634Z Get:7 https://packages.microsoft.com/ubuntu/24.04/prod noble InRelease [3600 B]
2025-06-08T01:49:53.8471726Z Get:3 http://azure.archive.ubuntu.com/ubuntu noble-updates InRelease [126 kB]
2025-06-08T01:49:53.8533227Z Get:4 http://azure.archive.ubuntu.com/ubuntu noble-backports InRelease [126 kB]
2025-06-08T01:49:53.8603787Z Get:5 http://azure.archive.ubuntu.com/ubuntu noble-security InRelease [126 kB]
2025-06-08T01:49:54.0045768Z Get:8 https://packages.microsoft.com/repos/azure-cli noble/main amd64 Packages [1377 B]
2025-06-08T01:49:54.0825419Z Get:9 https://packages.microsoft.com/ubuntu/24.04/prod noble/main arm64 Packages [20.9 kB]
2025-06-08T01:49:54.0870546Z Get:10 https://packages.microsoft.com/ubuntu/24.04/prod noble/main amd64 Packages [33.7 kB]
2025-06-08T01:49:54.0909405Z Get:11 https://packages.microsoft.com/ubuntu/24.04/prod noble/main armhf Packages [8426 B]
2025-06-08T01:49:54.1569283Z Get:12 http://azure.archive.ubuntu.com/ubuntu noble-updates/main amd64 Packages [1113 kB]
2025-06-08T01:49:54.1686339Z Get:13 http://azure.archive.ubuntu.com/ubuntu noble-updates/main Translation-en [237 kB]
2025-06-08T01:49:54.1741555Z Get:14 http://azure.archive.ubuntu.com/ubuntu noble-updates/main amd64 Components [161 kB]
2025-06-08T01:49:54.1761728Z Get:15 http://azure.archive.ubuntu.com/ubuntu noble-updates/universe amd64 Packages [1078 kB]
2025-06-08T01:49:54.1892571Z Get:16 http://azure.archive.ubuntu.com/ubuntu noble-updates/universe Translation-en [274 kB]
2025-06-08T01:49:54.1960620Z Get:17 http://azure.archive.ubuntu.com/ubuntu noble-updates/universe amd64 Components [376 kB]
2025-06-08T01:49:54.2006342Z Get:18 http://azure.archive.ubuntu.com/ubuntu noble-updates/restricted amd64 Packages [1172 kB]
2025-06-08T01:49:54.2275485Z Get:19 http://azure.archive.ubuntu.com/ubuntu noble-updates/restricted Translation-en [243 kB]
2025-06-08T01:49:54.2343315Z Get:20 http://azure.archive.ubuntu.com/ubuntu noble-updates/restricted amd64 Components [212 B]
2025-06-08T01:49:54.2353348Z Get:21 http://azure.archive.ubuntu.com/ubuntu noble-updates/multiverse amd64 Components [940 B]
2025-06-08T01:49:54.3753954Z Get:22 http://azure.archive.ubuntu.com/ubuntu noble-backports/main amd64 Packages [39.2 kB]
2025-06-08T01:49:54.3770022Z Get:23 http://azure.archive.ubuntu.com/ubuntu noble-backports/main amd64 Components [7092 B]
2025-06-08T01:49:54.3795442Z Get:24 http://azure.archive.ubuntu.com/ubuntu noble-backports/universe amd64 Packages [27.1 kB]
2025-06-08T01:49:54.3841843Z Get:25 http://azure.archive.ubuntu.com/ubuntu noble-backports/universe amd64 Components [16.4 kB]
2025-06-08T01:49:54.3897682Z Get:26 http://azure.archive.ubuntu.com/ubuntu noble-backports/restricted amd64 Components [216 B]
2025-06-08T01:49:54.3907082Z Get:27 http://azure.archive.ubuntu.com/ubuntu noble-backports/multiverse amd64 Components [212 B]
2025-06-08T01:49:54.4956054Z Get:28 http://azure.archive.ubuntu.com/ubuntu noble-security/main amd64 Packages [864 kB]
2025-06-08T01:49:54.5088490Z Get:29 http://azure.archive.ubuntu.com/ubuntu noble-security/main Translation-en [159 kB]
2025-06-08T01:49:54.5112137Z Get:30 http://azure.archive.ubuntu.com/ubuntu noble-security/main amd64 Components [21.6 kB]
2025-06-08T01:49:54.5143309Z Get:31 http://azure.archive.ubuntu.com/ubuntu noble-security/universe amd64 Packages [846 kB]
2025-06-08T01:49:54.5254449Z Get:32 http://azure.archive.ubuntu.com/ubuntu noble-security/universe Translation-en [185 kB]
2025-06-08T01:49:54.5315969Z Get:33 http://azure.archive.ubuntu.com/ubuntu noble-security/universe amd64 Components [52.2 kB]
2025-06-08T01:49:54.5352597Z Get:34 http://azure.archive.ubuntu.com/ubuntu noble-security/restricted amd64 Packages [1138 kB]
2025-06-08T01:49:54.5495630Z Get:35 http://azure.archive.ubuntu.com/ubuntu noble-security/restricted Translation-en [236 kB]
2025-06-08T01:49:54.5977642Z Get:36 http://azure.archive.ubuntu.com/ubuntu noble-security/restricted amd64 Components [212 B]
2025-06-08T01:49:54.5989578Z Get:37 http://azure.archive.ubuntu.com/ubuntu noble-security/multiverse amd64 Components [212 B]
2025-06-08T01:50:01.0470508Z Fetched 8699 kB in 2s (5098 kB/s)
2025-06-08T01:50:01.7361070Z Reading package lists...
2025-06-08T01:50:01.7703480Z Reading package lists...
2025-06-08T01:50:01.9699942Z Building dependency tree...
2025-06-08T01:50:01.9708790Z Reading state information...
2025-06-08T01:50:02.2092754Z libdrm2 is already the newest version (2.4.122-1~ubuntu0.24.04.1).
2025-06-08T01:50:02.2093776Z libdrm2 set to manually installed.
2025-06-08T01:50:02.2095804Z libxkbcommon0 is already the newest version (1.6.0-1build1).
2025-06-08T01:50:02.2097783Z libxkbcommon0 set to manually installed.
2025-06-08T01:50:02.2098477Z libxss1 is already the newest version (1:1.2.3-1build3).
2025-06-08T01:50:02.2099457Z libxss1 set to manually installed.
2025-06-08T01:50:02.2100133Z libasound2t64 is already the newest version (1.2.11-1build2).
2025-06-08T01:50:02.2103926Z libasound2t64 set to manually installed.
2025-06-08T01:50:02.2104758Z The following additional packages will be installed:
2025-06-08T01:50:02.2105611Z   gir1.2-atk-1.0 gir1.2-atspi-2.0 gir1.2-freedesktop gir1.2-freedesktop-dev
2025-06-08T01:50:02.2106481Z   gir1.2-glib-2.0 gir1.2-glib-2.0-dev libatk1.0-dev libatspi2.0-dev
2025-06-08T01:50:02.2107284Z   libblkid-dev libdbus-1-dev libgirepository-2.0-0 libglib2.0-0t64
2025-06-08T01:50:02.2108111Z   libglib2.0-bin libglib2.0-data libglib2.0-dev libglib2.0-dev-bin
2025-06-08T01:50:02.2109119Z   libmount-dev libnspr4-dev libpthread-stubs0-dev libselinux1-dev libsepol-dev
2025-06-08T01:50:02.2109980Z   libx11-dev libxau-dev libxcb1-dev libxdmcp-dev libxext-dev libxfixes-dev
2025-06-08T01:50:02.2110822Z   libxi-dev libxtst-dev uuid-dev x11proto-dev xorg-sgml-doctools xtrans-dev
2025-06-08T01:50:02.2115881Z Suggested packages:
2025-06-08T01:50:02.2116574Z   low-memory-monitor libglib2.0-doc libgdk-pixbuf2.0-bin libxml2-utils
2025-06-08T01:50:02.2117014Z   libx11-doc libxcb-doc libxext-doc
2025-06-08T01:50:02.2628096Z The following NEW packages will be installed:
2025-06-08T01:50:02.2629088Z   gir1.2-atk-1.0 gir1.2-atspi-2.0 gir1.2-freedesktop gir1.2-freedesktop-dev
2025-06-08T01:50:02.2631878Z   gir1.2-glib-2.0-dev libatk-bridge2.0-dev libatk1.0-dev libatspi2.0-dev
2025-06-08T01:50:02.2634052Z   libblkid-dev libdbus-1-dev libgirepository-2.0-0 libglib2.0-dev
2025-06-08T01:50:02.2636898Z   libglib2.0-dev-bin libmount-dev libnspr4-dev libnss3-dev
2025-06-08T01:50:02.2640295Z   libpthread-stubs0-dev libselinux1-dev libsepol-dev libx11-dev libxau-dev
2025-06-08T01:50:02.2642668Z   libxcb1-dev libxdmcp-dev libxext-dev libxfixes-dev libxi-dev libxtst-dev
2025-06-08T01:50:02.2664346Z   uuid-dev x11proto-dev xorg-sgml-doctools xtrans-dev
2025-06-08T01:50:02.2666239Z The following packages will be upgraded:
2025-06-08T01:50:02.2667250Z   gir1.2-glib-2.0 libglib2.0-0t64 libglib2.0-bin libglib2.0-data
2025-06-08T01:50:02.2887441Z 4 upgraded, 31 newly installed, 0 to remove and 56 not upgraded.
2025-06-08T01:50:02.2892523Z Need to get 8404 kB of archives.
2025-06-08T01:50:02.2897240Z After this operation, 40.6 MB of additional disk space will be used.
2025-06-08T01:50:02.2899988Z Get:1 file:/etc/apt/apt-mirrors.txt Mirrorlist [144 B]
2025-06-08T01:50:02.3437500Z Get:2 http://azure.archive.ubuntu.com/ubuntu noble-updates/main amd64 libglib2.0-data all 2.80.0-6ubuntu3.4 [48.7 kB]
2025-06-08T01:50:02.3795875Z Get:3 http://azure.archive.ubuntu.com/ubuntu noble-updates/main amd64 libglib2.0-bin amd64 2.80.0-6ubuntu3.4 [97.9 kB]
2025-06-08T01:50:02.4155917Z Get:4 http://azure.archive.ubuntu.com/ubuntu noble-updates/main amd64 gir1.2-glib-2.0 amd64 2.80.0-6ubuntu3.4 [183 kB]
2025-06-08T01:50:02.4519341Z Get:5 http://azure.archive.ubuntu.com/ubuntu noble-updates/main amd64 libglib2.0-0t64 amd64 2.80.0-6ubuntu3.4 [1544 kB]
2025-06-08T01:50:02.5514471Z Get:6 http://azure.archive.ubuntu.com/ubuntu noble/main amd64 gir1.2-atk-1.0 amd64 2.52.0-1build1 [23.1 kB]
2025-06-08T01:50:02.5847675Z Get:7 http://azure.archive.ubuntu.com/ubuntu noble/main amd64 gir1.2-freedesktop amd64 1.80.1-1 [49.7 kB]
2025-06-08T01:50:02.6208007Z Get:8 http://azure.archive.ubuntu.com/ubuntu noble/main amd64 gir1.2-atspi-2.0 amd64 2.52.0-1build1 [19.8 kB]
2025-06-08T01:50:02.6551448Z Get:9 http://azure.archive.ubuntu.com/ubuntu noble-updates/main amd64 gir1.2-glib-2.0-dev amd64 2.80.0-6ubuntu3.4 [848 kB]
2025-06-08T01:50:02.7373353Z Get:10 http://azure.archive.ubuntu.com/ubuntu noble/main amd64 gir1.2-freedesktop-dev amd64 1.80.1-1 [28.8 kB]
2025-06-08T01:50:02.7714988Z Get:11 http://azure.archive.ubuntu.com/ubuntu noble-updates/main amd64 libglib2.0-dev-bin amd64 2.80.0-6ubuntu3.4 [138 kB]
2025-06-08T01:50:02.8093508Z Get:12 http://azure.archive.ubuntu.com/ubuntu noble-updates/main amd64 uuid-dev amd64 2.39.3-9ubuntu6.2 [33.5 kB]
2025-06-08T01:50:02.8451922Z Get:13 http://azure.archive.ubuntu.com/ubuntu noble-updates/main amd64 libblkid-dev amd64 2.39.3-9ubuntu6.2 [204 kB]
2025-06-08T01:50:02.8808465Z Get:14 http://azure.archive.ubuntu.com/ubuntu noble/main amd64 libsepol-dev amd64 3.5-2build1 [384 kB]
2025-06-08T01:50:02.9216816Z Get:15 http://azure.archive.ubuntu.com/ubuntu noble-updates/main amd64 libselinux1-dev amd64 3.5-2ubuntu2.1 [164 kB]
2025-06-08T01:50:02.9602509Z Get:16 http://azure.archive.ubuntu.com/ubuntu noble-updates/main amd64 libmount-dev amd64 2.39.3-9ubuntu6.2 [14.9 kB]
2025-06-08T01:50:02.9941880Z Get:17 http://azure.archive.ubuntu.com/ubuntu noble-updates/main amd64 libgirepository-2.0-0 amd64 2.80.0-6ubuntu3.4 [73.6 kB]
2025-06-08T01:50:03.0286810Z Get:18 http://azure.archive.ubuntu.com/ubuntu noble-updates/main amd64 libglib2.0-dev amd64 2.80.0-6ubuntu3.4 [1860 kB]
2025-06-08T01:50:03.1397474Z Get:19 http://azure.archive.ubuntu.com/ubuntu noble/main amd64 libatk1.0-dev amd64 2.52.0-1build1 [100 kB]
2025-06-08T01:50:03.2164211Z Get:20 http://azure.archive.ubuntu.com/ubuntu noble-updates/main amd64 libdbus-1-dev amd64 1.14.10-4ubuntu4.1 [190 kB]
2025-06-08T01:50:03.2512051Z Get:21 http://azure.archive.ubuntu.com/ubuntu noble/main amd64 xorg-sgml-doctools all 1:1.11-1.1 [10.9 kB]
2025-06-08T01:50:03.2851041Z Get:22 http://azure.archive.ubuntu.com/ubuntu noble/main amd64 x11proto-dev all 2023.2-1 [602 kB]
2025-06-08T01:50:03.3515080Z Get:23 http://azure.archive.ubuntu.com/ubuntu noble/main amd64 libxau-dev amd64 1:1.0.9-1build6 [9570 B]
2025-06-08T01:50:03.3849815Z Get:24 http://azure.archive.ubuntu.com/ubuntu noble/main amd64 libxdmcp-dev amd64 1:1.1.3-0ubuntu6 [26.5 kB]
2025-06-08T01:50:03.4184181Z Get:25 http://azure.archive.ubuntu.com/ubuntu noble/main amd64 xtrans-dev all 1.4.0-1 [68.9 kB]
2025-06-08T01:50:03.4539844Z Get:26 http://azure.archive.ubuntu.com/ubuntu noble/main amd64 libpthread-stubs0-dev amd64 0.4-1build3 [4746 B]
2025-06-08T01:50:03.4876338Z Get:27 http://azure.archive.ubuntu.com/ubuntu noble/main amd64 libxcb1-dev amd64 1.15-1ubuntu2 [85.8 kB]
2025-06-08T01:50:03.5215823Z Get:28 http://azure.archive.ubuntu.com/ubuntu noble/main amd64 libx11-dev amd64 2:1.8.7-1build1 [732 kB]
2025-06-08T01:50:03.5923154Z Get:29 http://azure.archive.ubuntu.com/ubuntu noble/main amd64 libxext-dev amd64 2:1.3.4-1build2 [83.5 kB]
2025-06-08T01:50:03.6268220Z Get:30 http://azure.archive.ubuntu.com/ubuntu noble/main amd64 libxfixes-dev amd64 1:6.0.0-2build1 [12.1 kB]
2025-06-08T01:50:03.6612295Z Get:31 http://azure.archive.ubuntu.com/ubuntu noble/main amd64 libxi-dev amd64 2:1.8.1-1build1 [194 kB]
2025-06-08T01:50:03.6971478Z Get:32 http://azure.archive.ubuntu.com/ubuntu noble/main amd64 libxtst-dev amd64 2:1.2.3-1.1build1 [15.9 kB]
2025-06-08T01:50:03.7311580Z Get:33 http://azure.archive.ubuntu.com/ubuntu noble/main amd64 libatspi2.0-dev amd64 2.52.0-1build1 [76.2 kB]
2025-06-08T01:50:03.7650962Z Get:34 http://azure.archive.ubuntu.com/ubuntu noble/main amd64 libatk-bridge2.0-dev amd64 2.52.0-1build1 [4284 B]
2025-06-08T01:50:03.7989208Z Get:35 http://azure.archive.ubuntu.com/ubuntu noble/main amd64 libnspr4-dev amd64 2:4.35-1.1build1 [219 kB]
2025-06-08T01:50:03.8339168Z Get:36 http://azure.archive.ubuntu.com/ubuntu noble/main amd64 libnss3-dev amd64 2:3.98-1build1 [253 kB]
2025-06-08T01:50:04.1511127Z Fetched 8404 kB in 2s (5382 kB/s)
2025-06-08T01:50:04.2403398Z (Reading database ... 
2025-06-08T01:50:04.2409136Z (Reading database ... 5%
2025-06-08T01:50:04.2409686Z (Reading database ... 10%
2025-06-08T01:50:04.2410111Z (Reading database ... 15%
2025-06-08T01:50:04.2410491Z (Reading database ... 20%
2025-06-08T01:50:04.2410759Z (Reading database ... 25%
2025-06-08T01:50:04.2411146Z (Reading database ... 30%
2025-06-08T01:50:04.2411580Z (Reading database ... 35%
2025-06-08T01:50:04.2411994Z (Reading database ... 40%
2025-06-08T01:50:04.2412331Z (Reading database ... 45%
2025-06-08T01:50:04.2412565Z (Reading database ... 50%
2025-06-08T01:50:04.3262127Z (Reading database ... 55%
2025-06-08T01:50:04.5253303Z (Reading database ... 60%
2025-06-08T01:50:04.7129314Z (Reading database ... 65%
2025-06-08T01:50:04.8139307Z (Reading database ... 70%
2025-06-08T01:50:04.8944554Z (Reading database ... 75%
2025-06-08T01:50:05.5096408Z (Reading database ... 80%
2025-06-08T01:50:06.7222658Z (Reading database ... 85%
2025-06-08T01:50:07.3221630Z (Reading database ... 90%
2025-06-08T01:50:07.9359169Z (Reading database ... 95%
2025-06-08T01:50:07.9370914Z (Reading database ... 100%
2025-06-08T01:50:07.9371597Z (Reading database ... 222694 files and directories currently installed.)
2025-06-08T01:50:07.9410150Z Preparing to unpack .../00-libglib2.0-data_2.80.0-6ubuntu3.4_all.deb ...
2025-06-08T01:50:07.9486347Z Unpacking libglib2.0-data (2.80.0-6ubuntu3.4) over (2.80.0-6ubuntu3.2) ...
2025-06-08T01:50:07.9875681Z Preparing to unpack .../01-libglib2.0-bin_2.80.0-6ubuntu3.4_amd64.deb ...
2025-06-08T01:50:07.9930604Z Unpacking libglib2.0-bin (2.80.0-6ubuntu3.4) over (2.80.0-6ubuntu3.2) ...
2025-06-08T01:50:08.1051445Z Preparing to unpack .../02-gir1.2-glib-2.0_2.80.0-6ubuntu3.4_amd64.deb ...
2025-06-08T01:50:08.1084415Z Unpacking gir1.2-glib-2.0:amd64 (2.80.0-6ubuntu3.4) over (2.80.0-6ubuntu3.2) ...
2025-06-08T01:50:08.1549104Z Preparing to unpack .../03-libglib2.0-0t64_2.80.0-6ubuntu3.4_amd64.deb ...
2025-06-08T01:50:08.1684310Z Unpacking libglib2.0-0t64:amd64 (2.80.0-6ubuntu3.4) over (2.80.0-6ubuntu3.2) ...
2025-06-08T01:50:08.2330761Z Selecting previously unselected package gir1.2-atk-1.0:amd64.
2025-06-08T01:50:08.2470144Z Preparing to unpack .../04-gir1.2-atk-1.0_2.52.0-1build1_amd64.deb ...
2025-06-08T01:50:08.2481679Z Unpacking gir1.2-atk-1.0:amd64 (2.52.0-1build1) ...
2025-06-08T01:50:08.2796243Z Selecting previously unselected package gir1.2-freedesktop:amd64.
2025-06-08T01:50:08.2935391Z Preparing to unpack .../05-gir1.2-freedesktop_1.80.1-1_amd64.deb ...
2025-06-08T01:50:08.2946629Z Unpacking gir1.2-freedesktop:amd64 (1.80.1-1) ...
2025-06-08T01:50:08.3194674Z Selecting previously unselected package gir1.2-atspi-2.0:amd64.
2025-06-08T01:50:08.3335398Z Preparing to unpack .../06-gir1.2-atspi-2.0_2.52.0-1build1_amd64.deb ...
2025-06-08T01:50:08.3350335Z Unpacking gir1.2-atspi-2.0:amd64 (2.52.0-1build1) ...
2025-06-08T01:50:08.3566925Z Selecting previously unselected package gir1.2-glib-2.0-dev:amd64.
2025-06-08T01:50:08.3704347Z Preparing to unpack .../07-gir1.2-glib-2.0-dev_2.80.0-6ubuntu3.4_amd64.deb ...
2025-06-08T01:50:08.3729056Z Unpacking gir1.2-glib-2.0-dev:amd64 (2.80.0-6ubuntu3.4) ...
2025-06-08T01:50:08.4315923Z Selecting previously unselected package gir1.2-freedesktop-dev:amd64.
2025-06-08T01:50:08.4456599Z Preparing to unpack .../08-gir1.2-freedesktop-dev_1.80.1-1_amd64.deb ...
2025-06-08T01:50:08.4468327Z Unpacking gir1.2-freedesktop-dev:amd64 (1.80.1-1) ...
2025-06-08T01:50:08.4715900Z Selecting previously unselected package libglib2.0-dev-bin.
2025-06-08T01:50:08.4859808Z Preparing to unpack .../09-libglib2.0-dev-bin_2.80.0-6ubuntu3.4_amd64.deb ...
2025-06-08T01:50:08.4871626Z Unpacking libglib2.0-dev-bin (2.80.0-6ubuntu3.4) ...
2025-06-08T01:50:08.5567400Z Selecting previously unselected package uuid-dev:amd64.
2025-06-08T01:50:08.5706618Z Preparing to unpack .../10-uuid-dev_2.39.3-9ubuntu6.2_amd64.deb ...
2025-06-08T01:50:08.5717323Z Unpacking uuid-dev:amd64 (2.39.3-9ubuntu6.2) ...
2025-06-08T01:50:08.6167371Z Selecting previously unselected package libblkid-dev:amd64.
2025-06-08T01:50:08.6304587Z Preparing to unpack .../11-libblkid-dev_2.39.3-9ubuntu6.2_amd64.deb ...
2025-06-08T01:50:08.6315419Z Unpacking libblkid-dev:amd64 (2.39.3-9ubuntu6.2) ...
2025-06-08T01:50:08.6668470Z Selecting previously unselected package libsepol-dev:amd64.
2025-06-08T01:50:08.6806283Z Preparing to unpack .../12-libsepol-dev_3.5-2build1_amd64.deb ...
2025-06-08T01:50:08.6819126Z Unpacking libsepol-dev:amd64 (3.5-2build1) ...
2025-06-08T01:50:08.7176571Z Selecting previously unselected package libselinux1-dev:amd64.
2025-06-08T01:50:08.7313598Z Preparing to unpack .../13-libselinux1-dev_3.5-2ubuntu2.1_amd64.deb ...
2025-06-08T01:50:08.7323959Z Unpacking libselinux1-dev:amd64 (3.5-2ubuntu2.1) ...
2025-06-08T01:50:08.7835232Z Selecting previously unselected package libmount-dev:amd64.
2025-06-08T01:50:08.7975292Z Preparing to unpack .../14-libmount-dev_2.39.3-9ubuntu6.2_amd64.deb ...
2025-06-08T01:50:08.7984513Z Unpacking libmount-dev:amd64 (2.39.3-9ubuntu6.2) ...
2025-06-08T01:50:08.8214441Z Selecting previously unselected package libgirepository-2.0-0:amd64.
2025-06-08T01:50:08.8353954Z Preparing to unpack .../15-libgirepository-2.0-0_2.80.0-6ubuntu3.4_amd64.deb ...
2025-06-08T01:50:08.8363689Z Unpacking libgirepository-2.0-0:amd64 (2.80.0-6ubuntu3.4) ...
2025-06-08T01:50:08.8591500Z Selecting previously unselected package libglib2.0-dev:amd64.
2025-06-08T01:50:08.8732982Z Preparing to unpack .../16-libglib2.0-dev_2.80.0-6ubuntu3.4_amd64.deb ...
2025-06-08T01:50:08.8742472Z Unpacking libglib2.0-dev:amd64 (2.80.0-6ubuntu3.4) ...
2025-06-08T01:50:08.9986994Z Selecting previously unselected package libatk1.0-dev:amd64.
2025-06-08T01:50:09.0129063Z Preparing to unpack .../17-libatk1.0-dev_2.52.0-1build1_amd64.deb ...
2025-06-08T01:50:09.0139268Z Unpacking libatk1.0-dev:amd64 (2.52.0-1build1) ...
2025-06-08T01:50:09.0485462Z Selecting previously unselected package libdbus-1-dev:amd64.
2025-06-08T01:50:09.0625945Z Preparing to unpack .../18-libdbus-1-dev_1.14.10-4ubuntu4.1_amd64.deb ...
2025-06-08T01:50:09.0636159Z Unpacking libdbus-1-dev:amd64 (1.14.10-4ubuntu4.1) ...
2025-06-08T01:50:09.1114410Z Selecting previously unselected package xorg-sgml-doctools.
2025-06-08T01:50:09.1256275Z Preparing to unpack .../19-xorg-sgml-doctools_1%3a1.11-1.1_all.deb ...
2025-06-08T01:50:09.1264331Z Unpacking xorg-sgml-doctools (1:1.11-1.1) ...
2025-06-08T01:50:09.1522441Z Selecting previously unselected package x11proto-dev.
2025-06-08T01:50:09.1661943Z Preparing to unpack .../20-x11proto-dev_2023.2-1_all.deb ...
2025-06-08T01:50:09.1674175Z Unpacking x11proto-dev (2023.2-1) ...
2025-06-08T01:50:09.2263881Z Selecting previously unselected package libxau-dev:amd64.
2025-06-08T01:50:09.2404868Z Preparing to unpack .../21-libxau-dev_1%3a1.0.9-1build6_amd64.deb ...
2025-06-08T01:50:09.2414392Z Unpacking libxau-dev:amd64 (1:1.0.9-1build6) ...
2025-06-08T01:50:09.2641112Z Selecting previously unselected package libxdmcp-dev:amd64.
2025-06-08T01:50:09.2780514Z Preparing to unpack .../22-libxdmcp-dev_1%3a1.1.3-0ubuntu6_amd64.deb ...
2025-06-08T01:50:09.2791152Z Unpacking libxdmcp-dev:amd64 (1:1.1.3-0ubuntu6) ...
2025-06-08T01:50:09.3015980Z Selecting previously unselected package xtrans-dev.
2025-06-08T01:50:09.3159248Z Preparing to unpack .../23-xtrans-dev_1.4.0-1_all.deb ...
2025-06-08T01:50:09.3168080Z Unpacking xtrans-dev (1.4.0-1) ...
2025-06-08T01:50:09.3434305Z Selecting previously unselected package libpthread-stubs0-dev:amd64.
2025-06-08T01:50:09.3576851Z Preparing to unpack .../24-libpthread-stubs0-dev_0.4-1build3_amd64.deb ...
2025-06-08T01:50:09.3585717Z Unpacking libpthread-stubs0-dev:amd64 (0.4-1build3) ...
2025-06-08T01:50:09.3801519Z Selecting previously unselected package libxcb1-dev:amd64.
2025-06-08T01:50:09.3944197Z Preparing to unpack .../25-libxcb1-dev_1.15-1ubuntu2_amd64.deb ...
2025-06-08T01:50:09.3955405Z Unpacking libxcb1-dev:amd64 (1.15-1ubuntu2) ...
2025-06-08T01:50:09.4205760Z Selecting previously unselected package libx11-dev:amd64.
2025-06-08T01:50:09.4350170Z Preparing to unpack .../26-libx11-dev_2%3a1.8.7-1build1_amd64.deb ...
2025-06-08T01:50:09.4359042Z Unpacking libx11-dev:amd64 (2:1.8.7-1build1) ...
2025-06-08T01:50:09.4696022Z Selecting previously unselected package libxext-dev:amd64.
2025-06-08T01:50:09.4838448Z Preparing to unpack .../27-libxext-dev_2%3a1.3.4-1build2_amd64.deb ...
2025-06-08T01:50:09.4848230Z Unpacking libxext-dev:amd64 (2:1.3.4-1build2) ...
2025-06-08T01:50:09.5234623Z Selecting previously unselected package libxfixes-dev:amd64.
2025-06-08T01:50:09.5374040Z Preparing to unpack .../28-libxfixes-dev_1%3a6.0.0-2build1_amd64.deb ...
2025-06-08T01:50:09.5411146Z Unpacking libxfixes-dev:amd64 (1:6.0.0-2build1) ...
2025-06-08T01:50:09.5625723Z Selecting previously unselected package libxi-dev:amd64.
2025-06-08T01:50:09.5765120Z Preparing to unpack .../29-libxi-dev_2%3a1.8.1-1build1_amd64.deb ...
2025-06-08T01:50:09.5775620Z Unpacking libxi-dev:amd64 (2:1.8.1-1build1) ...
2025-06-08T01:50:09.6114954Z Selecting previously unselected package libxtst-dev:amd64.
2025-06-08T01:50:09.6255520Z Preparing to unpack .../30-libxtst-dev_2%3a1.2.3-1.1build1_amd64.deb ...
2025-06-08T01:50:09.6264012Z Unpacking libxtst-dev:amd64 (2:1.2.3-1.1build1) ...
2025-06-08T01:50:09.6487758Z Selecting previously unselected package libatspi2.0-dev:amd64.
2025-06-08T01:50:09.6627562Z Preparing to unpack .../31-libatspi2.0-dev_2.52.0-1build1_amd64.deb ...
2025-06-08T01:50:09.6637522Z Unpacking libatspi2.0-dev:amd64 (2.52.0-1build1) ...
2025-06-08T01:50:09.6928072Z Selecting previously unselected package libatk-bridge2.0-dev:amd64.
2025-06-08T01:50:09.7068013Z Preparing to unpack .../32-libatk-bridge2.0-dev_2.52.0-1build1_amd64.deb ...
2025-06-08T01:50:09.7078204Z Unpacking libatk-bridge2.0-dev:amd64 (2.52.0-1build1) ...
2025-06-08T01:50:09.7293736Z Selecting previously unselected package libnspr4-dev.
2025-06-08T01:50:09.7436615Z Preparing to unpack .../33-libnspr4-dev_2%3a4.35-1.1build1_amd64.deb ...
2025-06-08T01:50:09.7446252Z Unpacking libnspr4-dev (2:4.35-1.1build1) ...
2025-06-08T01:50:09.7840325Z Selecting previously unselected package libnss3-dev:amd64.
2025-06-08T01:50:09.7979915Z Preparing to unpack .../34-libnss3-dev_2%3a3.98-1build1_amd64.deb ...
2025-06-08T01:50:09.7989214Z Unpacking libnss3-dev:amd64 (2:3.98-1build1) ...
2025-06-08T01:50:09.8653105Z Setting up libnspr4-dev (2:4.35-1.1build1) ...
2025-06-08T01:50:09.8680140Z Setting up libpthread-stubs0-dev:amd64 (0.4-1build3) ...
2025-06-08T01:50:09.8703876Z Setting up xtrans-dev (1.4.0-1) ...
2025-06-08T01:50:09.8727009Z Setting up libglib2.0-0t64:amd64 (2.80.0-6ubuntu3.4) ...
2025-06-08T01:50:09.9161012Z Setting up libglib2.0-data (2.80.0-6ubuntu3.4) ...
2025-06-08T01:50:09.9182242Z Setting up libdbus-1-dev:amd64 (1.14.10-4ubuntu4.1) ...
2025-06-08T01:50:10.0860874Z Setting up uuid-dev:amd64 (2.39.3-9ubuntu6.2) ...
2025-06-08T01:50:10.0884237Z Setting up libsepol-dev:amd64 (3.5-2build1) ...
2025-06-08T01:50:10.0906795Z Setting up gir1.2-glib-2.0:amd64 (2.80.0-6ubuntu3.4) ...
2025-06-08T01:50:10.0937558Z Setting up libnss3-dev:amd64 (2:3.98-1build1) ...
2025-06-08T01:50:10.0960533Z Setting up gir1.2-glib-2.0-dev:amd64 (2.80.0-6ubuntu3.4) ...
2025-06-08T01:50:10.0983749Z Setting up xorg-sgml-doctools (1:1.11-1.1) ...
2025-06-08T01:50:10.1033048Z Setting up libglib2.0-dev-bin (2.80.0-6ubuntu3.4) ...
2025-06-08T01:50:10.2660993Z Setting up libblkid-dev:amd64 (2.39.3-9ubuntu6.2) ...
2025-06-08T01:50:10.2682419Z Setting up gir1.2-freedesktop:amd64 (1.80.1-1) ...
2025-06-08T01:50:10.2707536Z Setting up libgirepository-2.0-0:amd64 (2.80.0-6ubuntu3.4) ...
2025-06-08T01:50:10.2728545Z Setting up gir1.2-atk-1.0:amd64 (2.52.0-1build1) ...
2025-06-08T01:50:10.2753938Z Setting up libselinux1-dev:amd64 (3.5-2ubuntu2.1) ...
2025-06-08T01:50:10.2776911Z Setting up libglib2.0-bin (2.80.0-6ubuntu3.4) ...
2025-06-08T01:50:10.2800617Z Setting up gir1.2-atspi-2.0:amd64 (2.52.0-1build1) ...
2025-06-08T01:50:10.2825294Z Setting up gir1.2-freedesktop-dev:amd64 (1.80.1-1) ...
2025-06-08T01:50:10.2846872Z Setting up libmount-dev:amd64 (2.39.3-9ubuntu6.2) ...
2025-06-08T01:50:10.2870619Z Setting up libglib2.0-dev:amd64 (2.80.0-6ubuntu3.4) ...
2025-06-08T01:50:10.2893154Z Setting up libatk1.0-dev:amd64 (2.52.0-1build1) ...
2025-06-08T01:50:10.2975019Z Processing triggers for libc-bin (2.39-0ubuntu8.4) ...
2025-06-08T01:50:10.3828601Z Processing triggers for man-db (2.12.0-4build2) ...
2025-06-08T01:51:09.1209518Z Processing triggers for sgml-base (1.31) ...
2025-06-08T01:51:09.1458444Z Setting up x11proto-dev (2023.2-1) ...
2025-06-08T01:51:09.1493915Z Setting up libxau-dev:amd64 (1:1.0.9-1build6) ...
2025-06-08T01:51:09.1531508Z Setting up libxdmcp-dev:amd64 (1:1.1.3-0ubuntu6) ...
2025-06-08T01:51:09.1572694Z Setting up libxcb1-dev:amd64 (1.15-1ubuntu2) ...
2025-06-08T01:51:09.1604477Z Setting up libx11-dev:amd64 (2:1.8.7-1build1) ...
2025-06-08T01:51:09.1646797Z Setting up libxfixes-dev:amd64 (1:6.0.0-2build1) ...
2025-06-08T01:51:09.1677517Z Setting up libxext-dev:amd64 (2:1.3.4-1build2) ...
2025-06-08T01:51:09.1710713Z Setting up libxi-dev:amd64 (2:1.8.1-1build1) ...
2025-06-08T01:51:09.1739085Z Setting up libxtst-dev:amd64 (2:1.2.3-1.1build1) ...
2025-06-08T01:51:09.1778588Z Setting up libatspi2.0-dev:amd64 (2.52.0-1build1) ...
2025-06-08T01:51:09.1819447Z Setting up libatk-bridge2.0-dev:amd64 (2.52.0-1build1) ...
2025-06-08T01:51:10.1767780Z 
2025-06-08T01:51:10.1769572Z Running kernel seems to be up-to-date.
2025-06-08T01:51:10.1770219Z 
2025-06-08T01:51:10.1770536Z Restarting services...
2025-06-08T01:51:10.2315156Z  systemctl restart packagekit.service php8.3-fpm.service polkit.service udisks2.service
2025-06-08T01:51:10.4300036Z 
2025-06-08T01:51:10.4301748Z Service restarts being deferred:
2025-06-08T01:51:10.4303557Z  systemctl restart ModemManager.service
2025-06-08T01:51:10.4304200Z  systemctl restart hosted-compute-agent.service
2025-06-08T01:51:10.4304831Z  systemctl restart networkd-dispatcher.service
2025-06-08T01:51:10.4305205Z 
2025-06-08T01:51:10.4305451Z No containers need to be restarted.
2025-06-08T01:51:10.4305772Z 
2025-06-08T01:51:10.4306052Z No user sessions are running outdated binaries.
2025-06-08T01:51:10.4306377Z 
2025-06-08T01:51:10.4306828Z No VM guests are running outdated hypervisor (qemu) binaries on this host.
2025-06-08T01:51:11.4246988Z ##[group]Run npm ci
2025-06-08T01:51:11.4247251Z [36;1mnpm ci[0m
2025-06-08T01:51:11.4299296Z shell: /usr/bin/bash -e {0}
2025-06-08T01:51:11.4299539Z env:
2025-06-08T01:51:11.4299712Z   NODE_VERSION: 18
2025-06-08T01:51:11.4299915Z   PYTHON_VERSION: 3.11
2025-06-08T01:51:11.4300196Z   pythonLocation: /opt/hostedtoolcache/Python/3.11.12/x64
2025-06-08T01:51:11.4300606Z   PKG_CONFIG_PATH: /opt/hostedtoolcache/Python/3.11.12/x64/lib/pkgconfig
2025-06-08T01:51:11.4301007Z   Python_ROOT_DIR: /opt/hostedtoolcache/Python/3.11.12/x64
2025-06-08T01:51:11.4301375Z   Python2_ROOT_DIR: /opt/hostedtoolcache/Python/3.11.12/x64
2025-06-08T01:51:11.4301729Z   Python3_ROOT_DIR: /opt/hostedtoolcache/Python/3.11.12/x64
2025-06-08T01:51:11.4302105Z   LD_LIBRARY_PATH: /opt/hostedtoolcache/Python/3.11.12/x64/lib
2025-06-08T01:51:11.4302398Z ##[endgroup]
2025-06-08T01:51:13.1320931Z npm warn EBADENGINE Unsupported engine {
2025-06-08T01:51:13.1324995Z npm warn EBADENGINE   package: 'commander@14.0.0',
2025-06-08T01:51:13.1328136Z npm warn EBADENGINE   required: { node: '>=20' },
2025-06-08T01:51:13.1331482Z npm warn EBADENGINE   current: { node: 'v18.20.8', npm: '10.8.2' }
2025-06-08T01:51:13.1334271Z npm warn EBADENGINE }
2025-06-08T01:51:16.8679475Z npm warn deprecated lodash.isequal@4.5.0: This package is deprecated. Use require('node:util').isDeepStrictEqual instead.
2025-06-08T01:51:17.3441414Z npm warn deprecated inflight@1.0.6: This module is not supported, and leaks memory. Do not use it. Check out lru-cache if you want a good and tested way to coalesce async requests by a key value, which is much more comprehensive and powerful.
2025-06-08T01:51:17.5056363Z npm warn deprecated glob@7.2.3: Glob versions prior to v9 are no longer supported
2025-06-08T01:51:19.0105077Z npm warn deprecated boolean@3.2.0: Package no longer supported. Contact Support at https://www.npmjs.com/support for more info.
2025-06-08T01:51:26.7296168Z 
2025-06-08T01:51:26.7297227Z added 751 packages, and audited 752 packages in 15s
2025-06-08T01:51:26.7297947Z 
2025-06-08T01:51:26.7298388Z 89 packages are looking for funding
2025-06-08T01:51:26.7299342Z   run `npm fund` for details
2025-06-08T01:51:26.7320136Z 
2025-06-08T01:51:26.7320684Z found 0 vulnerabilities
2025-06-08T01:51:26.7632241Z ##[group]Run npm run build:linux
2025-06-08T01:51:26.7632548Z [36;1mnpm run build:linux[0m
2025-06-08T01:51:26.7683558Z shell: /usr/bin/bash -e {0}
2025-06-08T01:51:26.7683799Z env:
2025-06-08T01:51:26.7683970Z   NODE_VERSION: 18
2025-06-08T01:51:26.7684170Z   PYTHON_VERSION: 3.11
2025-06-08T01:51:26.7684447Z   pythonLocation: /opt/hostedtoolcache/Python/3.11.12/x64
2025-06-08T01:51:26.7684868Z   PKG_CONFIG_PATH: /opt/hostedtoolcache/Python/3.11.12/x64/lib/pkgconfig
2025-06-08T01:51:26.7685283Z   Python_ROOT_DIR: /opt/hostedtoolcache/Python/3.11.12/x64
2025-06-08T01:51:26.7685643Z   Python2_ROOT_DIR: /opt/hostedtoolcache/Python/3.11.12/x64
2025-06-08T01:51:26.7685997Z   Python3_ROOT_DIR: /opt/hostedtoolcache/Python/3.11.12/x64
2025-06-08T01:51:26.7686354Z   LD_LIBRARY_PATH: /opt/hostedtoolcache/Python/3.11.12/x64/lib
2025-06-08T01:51:26.7686836Z   GH_TOKEN: ***
2025-06-08T01:51:26.7687030Z ##[endgroup]
2025-06-08T01:51:26.9068161Z 
2025-06-08T01:51:26.9069172Z > aideon-ai-lite@1.0.0 build:linux
2025-06-08T01:51:26.9069746Z > npm run package:linux
2025-06-08T01:51:26.9069989Z 
2025-06-08T01:51:27.0503708Z 
2025-06-08T01:51:27.0506056Z > aideon-ai-lite@1.0.0 package:linux
2025-06-08T01:51:27.0511550Z > electron-builder --linux
2025-06-08T01:51:27.0511847Z 
2025-06-08T01:51:27.6583808Z   • electron-builder  version=24.13.3 os=6.11.0-1014-azure
2025-06-08T01:51:27.6589631Z   • publishing will be skipped  reason=current build is a part of pull request solution=set env PUBLISH_FOR_PULL_REQUEST to true to force code signing
2025-06-08T01:51:27.6593277Z There are serious security concerns with PUBLISH_FOR_PULL_REQUEST=true (see the  CircleCI documentation (https://circleci.com/docs/1.0/fork-pr-builds/) for details)
2025-06-08T01:51:27.6595630Z If you have SSH keys, sensitive env vars or AWS credentials stored in your project settings and untrusted forks can make pull requests against your repo, then this option isn't for you.
2025-06-08T01:51:27.6646208Z   • loaded configuration  file=package.json ("build" field)
2025-06-08T01:51:27.8775353Z   • packaging       platform=linux arch=x64 electron=28.3.3 appOutDir=dist/linux-unpacked
2025-06-08T01:51:28.0708148Z   • downloading     url=https://github.com/electron/electron/releases/download/v28.3.3/electron-v28.3.3-linux-x64.zip size=102 MB parts=4
2025-06-08T01:51:28.4955668Z   • downloaded      url=https://github.com/electron/electron/releases/download/v28.3.3/electron-v28.3.3-linux-x64.zip duration=612ms
2025-06-08T01:51:33.3233143Z   • building        target=AppImage arch=x64 file=dist/Aideon AI Lite-1.0.0.AppImage
2025-06-08T01:51:33.6689693Z   • downloading     url=https://github.com/electron-userland/electron-builder-binaries/releases/download/appimage-12.0.1/appimage-12.0.1.7z size=1.6 MB parts=1
2025-06-08T01:51:33.7961203Z   • downloaded      url=https://github.com/electron-userland/electron-builder-binaries/releases/download/appimage-12.0.1/appimage-12.0.1.7z duration=407ms
2025-06-08T01:51:48.4759484Z   • building        target=deb arch=x64 file=dist/aideon-ai-lite_1.0.0_amd64.deb
2025-06-08T01:51:48.4785816Z   • adding autoupdate files for: deb. (Beta feature)  resourceDir=/home/runner/work/ApexAgent/ApexAgent/dist/linux-unpacked/resources
2025-06-08T01:51:48.5245116Z   ⨯ Please specify author 'email' in the application package.json
2025-06-08T01:51:48.5245905Z 
2025-06-08T01:51:48.5246695Z See https://docs.npmjs.com/files/package.json#people-fields-author-contributors
2025-06-08T01:51:48.5247833Z 
2025-06-08T01:51:48.5248798Z It is required to set Linux .deb package maintainer. Or you can set maintainer in the custom linux options.
2025-06-08T01:51:48.5251172Z (see https://www.electron.build/configuration/linux).
2025-06-08T01:51:48.5252173Z   failedTask=build stackTrace=Error: Please specify author 'email' in the application package.json
2025-06-08T01:51:48.5254026Z                                                                                                                                                                                                                                                                                                                           See https://docs.npmjs.com/files/package.json#people-fields-author-contributors
2025-06-08T01:51:48.5255722Z                                                                                                                                                                                                                                                                                                                           It is required to set Linux .deb package maintainer. Or you can set maintainer in the custom linux options.
2025-06-08T01:51:48.5256771Z (see https://www.electron.build/configuration/linux).
2025-06-08T01:51:48.5258464Z                                                                                                                                                                                                                                                                                                                               at FpmTarget.computeFpmMetaInfoOptions (/home/runner/work/ApexAgent/ApexAgent/node_modules/app-builder-lib/src/targets/FpmTarget.ts:94:13)
2025-06-08T01:51:48.5260355Z     at FpmTarget.build (/home/runner/work/ApexAgent/ApexAgent/node_modules/app-builder-lib/src/targets/FpmTarget.ts:165:25)
2025-06-08T01:51:48.5261696Z     at /home/runner/work/ApexAgent/ApexAgent/node_modules/app-builder-lib/src/platformPackager.ts:158:11
2025-06-08T01:51:48.5262518Z     at async Promise.all (index 0)
2025-06-08T01:51:48.5263552Z     at AsyncTaskManager.awaitTasks (/home/runner/work/ApexAgent/ApexAgent/node_modules/builder-util/src/asyncTaskManager.ts:65:25)
2025-06-08T01:51:48.5264969Z     at Packager.doBuild (/home/runner/work/ApexAgent/ApexAgent/node_modules/app-builder-lib/src/packager.ts:461:5)
2025-06-08T01:51:48.5266217Z     at executeFinally (/home/runner/work/ApexAgent/ApexAgent/node_modules/builder-util/src/promise.ts:12:14)
2025-06-08T01:51:48.5267507Z     at Packager._build (/home/runner/work/ApexAgent/ApexAgent/node_modules/app-builder-lib/src/packager.ts:379:31)
2025-06-08T01:51:48.5291560Z     at Packager.build (/home/runner/work/ApexAgent/ApexAgent/node_modules/app-builder-lib/src/packager.ts:340:12)
2025-06-08T01:51:48.5292985Z     at executeFinally (/home/runner/work/ApexAgent/ApexAgent/node_modules/builder-util/src/promise.ts:12:14)
2025-06-08T01:51:48.5495515Z ##[error]Process completed with exit code 1.
2025-06-08T01:51:48.5601853Z Post job cleanup.
2025-06-08T01:51:48.6569160Z [command]/usr/bin/git version
2025-06-08T01:51:48.6610645Z git version 2.49.0
2025-06-08T01:51:48.6658292Z Temporarily overriding HOME='/home/runner/work/_temp/e19a99c7-c0e9-473f-a0de-9e062b4bd84e' before making global git config changes
2025-06-08T01:51:48.6661557Z Adding repository directory to the temporary git global config as a safe directory
2025-06-08T01:51:48.6676645Z [command]/usr/bin/git config --global --add safe.directory /home/runner/work/ApexAgent/ApexAgent
2025-06-08T01:51:48.6716409Z [command]/usr/bin/git config --local --name-only --get-regexp core\.sshCommand
2025-06-08T01:51:48.6753993Z [command]/usr/bin/git submodule foreach --recursive sh -c "git config --local --name-only --get-regexp 'core\.sshCommand' && git config --local --unset-all 'core.sshCommand' || :"
2025-06-08T01:51:48.7037999Z [command]/usr/bin/git config --local --name-only --get-regexp http\.https\:\/\/github\.com\/\.extraheader
2025-06-08T01:51:48.7069226Z http.https://github.com/.extraheader
2025-06-08T01:51:48.7085833Z [command]/usr/bin/git config --local --unset-all http.https://github.com/.extraheader
2025-06-08T01:51:48.7120514Z [command]/usr/bin/git submodule foreach --recursive sh -c "git config --local --name-only --get-regexp 'http\.https\:\/\/github\.com\/\.extraheader' && git config --local --unset-all 'http.https://github.com/.extraheader' || :"
2025-06-08T01:51:48.7504119Z Cleaning up orphan processes
