2025-06-08T01:45:30.6861604Z Requested labels: macos-latest
2025-06-08T01:45:30.6861845Z Job defined at: AllienNova/ApexAgent/.github/workflows/build-release.yml@refs/pull/1/merge
2025-06-08T01:45:30.6861933Z Waiting for a runner to pick up this job...
2025-06-08T01:45:31.0993260Z Job is waiting for a hosted runner to come online.
2025-06-08T01:45:34.6724020Z Job is about to start running on the hosted runner: GitHub Actions 39 (hosted)
2025-06-08T01:45:36.4344380Z Current runner version: '2.325.0'
2025-06-08T01:45:36.4361610Z ##[group]Operating System
2025-06-08T01:45:36.4362080Z macOS
2025-06-08T01:45:36.4362370Z 14.7.6
2025-06-08T01:45:36.4362660Z 23H626
2025-06-08T01:45:36.4363010Z ##[endgroup]
2025-06-08T01:45:36.4363340Z ##[group]Runner Image
2025-06-08T01:45:36.4363680Z Image: macos-14-arm64
2025-06-08T01:45:36.4364010Z Version: 20250602.1561
2025-06-08T01:45:36.4364700Z Included Software: https://github.com/actions/runner-images/blob/macos-14-arm64/20250602.1561/images/macos/macos-14-arm64-Readme.md
2025-06-08T01:45:36.4365660Z Image Release: https://github.com/actions/runner-images/releases/tag/macos-14-arm64%2F20250602.1561
2025-06-08T01:45:36.4366330Z ##[endgroup]
2025-06-08T01:45:36.4366670Z ##[group]Runner Image Provisioner
2025-06-08T01:45:36.4368140Z 2.0.437.1+b8a73daf41ec39b19236c1d542c9f2348c5b7c2d
2025-06-08T01:45:36.4368640Z ##[endgroup]
2025-06-08T01:45:36.4369380Z ##[group]GITHUB_TOKEN Permissions
2025-06-08T01:45:36.4370660Z Contents: read
2025-06-08T01:45:36.4371010Z Metadata: read
2025-06-08T01:45:36.4371330Z Packages: read
2025-06-08T01:45:36.4371650Z ##[endgroup]
2025-06-08T01:45:36.4373710Z Secret source: Actions
2025-06-08T01:45:36.4374140Z Prepare workflow directory
2025-06-08T01:45:36.4616090Z Prepare all required actions
2025-06-08T01:45:36.4642140Z Getting action download info
2025-06-08T01:45:36.6490370Z ##[group]Download immutable action package 'actions/checkout@v4'
2025-06-08T01:45:36.6490970Z Version: 4.2.2
2025-06-08T01:45:36.6491550Z Digest: sha256:ccb2698953eaebd21c7bf6268a94f9c26518a7e38e27e0b83c1fe1ad049819b1
2025-06-08T01:45:36.6492270Z Source commit SHA: 11bd71901bbe5b1630ceea73d27597364c9af683
2025-06-08T01:45:36.6492710Z ##[endgroup]
2025-06-08T01:45:37.0655130Z ##[group]Download immutable action package 'actions/setup-node@v4'
2025-06-08T01:45:37.0655730Z Version: 4.4.0
2025-06-08T01:45:37.0656240Z Digest: sha256:9427cefe82346e992fb5b949e3569b39d537ae41aa3086483b14eceebfc16bc1
2025-06-08T01:45:37.0657150Z Source commit SHA: 49933ea5288caeca8642d1e84afbd3f7d6820020
2025-06-08T01:45:37.0657750Z ##[endgroup]
2025-06-08T01:45:37.3418210Z ##[group]Download immutable action package 'actions/setup-python@v4'
2025-06-08T01:45:37.3418730Z Version: 4.9.1
2025-06-08T01:45:37.3419200Z Digest: sha256:f03e505388af670b5a108629e0ba26befc08d5c62b41f46146a45fe29ae509a5
2025-06-08T01:45:37.3419790Z Source commit SHA: 7f4fc3e22c37d6ff65e88745f38bd3157c663f7c
2025-06-08T01:45:37.3421380Z ##[endgroup]
2025-06-08T01:45:38.0266880Z ##[group]Download immutable action package 'actions/upload-artifact@v4'
2025-06-08T01:45:38.0267460Z Version: 4.6.2
2025-06-08T01:45:38.0268360Z Digest: sha256:290722aa3281d5caf23d0acdc3dbeb3424786a1a01a9cc97e72f147225e37c38
2025-06-08T01:45:38.0268990Z Source commit SHA: ea165f8d65b6e75b540449e92b4886f43607fa02
2025-06-08T01:45:38.0269440Z ##[endgroup]
2025-06-08T01:45:38.1802750Z Complete job name: build-macos
2025-06-08T01:45:38.2318750Z ##[group]Run actions/checkout@v4
2025-06-08T01:45:38.2319330Z with:
2025-06-08T01:45:38.2319640Z   fetch-depth: 0
2025-06-08T01:45:38.2319960Z   repository: AllienNova/ApexAgent
2025-06-08T01:45:38.2320500Z   token: ***
2025-06-08T01:45:38.2320790Z   ssh-strict: true
2025-06-08T01:45:38.2321080Z   ssh-user: git
2025-06-08T01:45:38.2321380Z   persist-credentials: true
2025-06-08T01:45:38.2321710Z   clean: true
2025-06-08T01:45:38.2322010Z   sparse-checkout-cone-mode: true
2025-06-08T01:45:38.2322370Z   fetch-tags: false
2025-06-08T01:45:38.2322670Z   show-progress: true
2025-06-08T01:45:38.2322970Z   lfs: false
2025-06-08T01:45:38.2323250Z   submodules: false
2025-06-08T01:45:38.2323560Z   set-safe-directory: true
2025-06-08T01:45:38.2323990Z env:
2025-06-08T01:45:38.2324270Z   NODE_VERSION: 18
2025-06-08T01:45:38.2324560Z   PYTHON_VERSION: 3.11
2025-06-08T01:45:38.2324870Z ##[endgroup]
2025-06-08T01:45:38.5193740Z Syncing repository: AllienNova/ApexAgent
2025-06-08T01:45:38.5233430Z ##[group]Getting Git version info
2025-06-08T01:45:38.5448320Z Working directory is '/Users/runner/work/ApexAgent/ApexAgent'
2025-06-08T01:45:38.5748840Z [command]/opt/homebrew/bin/git version
2025-06-08T01:45:38.6032550Z git version 2.49.0
2025-06-08T01:45:38.6326530Z ##[endgroup]
2025-06-08T01:45:38.6329890Z Copying '/Users/runner/.gitconfig' to '/Users/runner/work/_temp/38d0676b-c933-4101-9ba7-dbb085f232a2/.gitconfig'
2025-06-08T01:45:38.6330910Z Temporarily overriding HOME='/Users/runner/work/_temp/38d0676b-c933-4101-9ba7-dbb085f232a2' before making global git config changes
2025-06-08T01:45:38.6331830Z Adding repository directory to the temporary git global config as a safe directory
2025-06-08T01:45:38.6332670Z [command]/opt/homebrew/bin/git config --global --add safe.directory /Users/runner/work/ApexAgent/ApexAgent
2025-06-08T01:45:38.6333750Z Deleting the contents of '/Users/runner/work/ApexAgent/ApexAgent'
2025-06-08T01:45:38.6334470Z ##[group]Initializing the repository
2025-06-08T01:45:38.6335000Z [command]/opt/homebrew/bin/git init /Users/runner/work/ApexAgent/ApexAgent
2025-06-08T01:45:38.6481110Z hint: Using 'master' as the name for the initial branch. This default branch name
2025-06-08T01:45:38.6482230Z hint: is subject to change. To configure the initial branch name to use in all
2025-06-08T01:45:38.6483280Z hint: of your new repositories, which will suppress this warning, call:
2025-06-08T01:45:38.6483870Z hint:
2025-06-08T01:45:38.6484350Z hint: 	git config --global init.defaultBranch <name>
2025-06-08T01:45:38.6484890Z hint:
2025-06-08T01:45:38.6485390Z hint: Names commonly chosen instead of 'master' are 'main', 'trunk' and
2025-06-08T01:45:38.6486110Z hint: 'development'. The just-created branch can be renamed via this command:
2025-06-08T01:45:38.6486700Z hint:
2025-06-08T01:45:38.6487140Z hint: 	git branch -m <name>
2025-06-08T01:45:38.6488060Z Initialized empty Git repository in /Users/runner/work/ApexAgent/ApexAgent/.git/
2025-06-08T01:45:38.6489660Z [command]/opt/homebrew/bin/git remote add origin https://github.com/AllienNova/ApexAgent
2025-06-08T01:45:38.6556940Z ##[endgroup]
2025-06-08T01:45:38.6557520Z ##[group]Disabling automatic garbage collection
2025-06-08T01:45:38.6559710Z [command]/opt/homebrew/bin/git config --local gc.auto 0
2025-06-08T01:45:38.6630790Z ##[endgroup]
2025-06-08T01:45:38.6631320Z ##[group]Setting up auth
2025-06-08T01:45:38.6635600Z [command]/opt/homebrew/bin/git config --local --name-only --get-regexp core\.sshCommand
2025-06-08T01:45:38.6699720Z [command]/opt/homebrew/bin/git submodule foreach --recursive sh -c "git config --local --name-only --get-regexp 'core\.sshCommand' && git config --local --unset-all 'core.sshCommand' || :"
2025-06-08T01:45:38.7828370Z [command]/opt/homebrew/bin/git config --local --name-only --get-regexp http\.https\:\/\/github\.com\/\.extraheader
2025-06-08T01:45:38.7868230Z [command]/opt/homebrew/bin/git submodule foreach --recursive sh -c "git config --local --name-only --get-regexp 'http\.https\:\/\/github\.com\/\.extraheader' && git config --local --unset-all 'http.https://github.com/.extraheader' || :"
2025-06-08T01:45:38.8369800Z [command]/opt/homebrew/bin/git config --local http.https://github.com/.extraheader AUTHORIZATION: basic ***
2025-06-08T01:45:38.8430090Z ##[endgroup]
2025-06-08T01:45:38.8430670Z ##[group]Fetching the repository
2025-06-08T01:45:38.8435790Z [command]/opt/homebrew/bin/git -c protocol.version=2 fetch --prune --no-recurse-submodules origin +refs/heads/*:refs/remotes/origin/* +refs/tags/*:refs/tags/* +6bc44e2bef6c601be80ba6cdc5bd9974091c084e:refs/remotes/pull/1/merge
2025-06-08T01:45:42.0054560Z From https://github.com/AllienNova/ApexAgent
2025-06-08T01:45:42.0055450Z  * [new branch]        cicd-pipeline                            -> origin/cicd-pipeline
2025-06-08T01:45:42.0056390Z  * [new branch]        cicd-pipeline-synced                     -> origin/cicd-pipeline-synced
2025-06-08T01:45:42.0057170Z  * [new branch]        dr-tardis-architecture                   -> origin/dr-tardis-architecture
2025-06-08T01:45:42.0058100Z  * [new branch]        dr-tardis-context-management             -> origin/dr-tardis-context-management
2025-06-08T01:45:42.0059520Z  * [new branch]        dr-tardis-conversation-handling          -> origin/dr-tardis-conversation-handling
2025-06-08T01:45:42.0061790Z  * [new branch]        dr-tardis-core-agent                     -> origin/dr-tardis-core-agent
2025-06-08T01:45:42.0064090Z  * [new branch]        dr-tardis-kb                             -> origin/dr-tardis-kb
2025-06-08T01:45:42.0065890Z  * [new branch]        dr-tardis-knowledge-retrieval            -> origin/dr-tardis-knowledge-retrieval
2025-06-08T01:45:42.0068690Z  * [new branch]        dr-tardis-multi-agent-orchestration      -> origin/dr-tardis-multi-agent-orchestration
2025-06-08T01:45:42.0070210Z  * [new branch]        dr-tardis-research                       -> origin/dr-tardis-research
2025-06-08T01:45:42.0072550Z  * [new branch]        gemini-live-voice-audio                  -> origin/gemini-live-voice-audio
2025-06-08T01:45:42.0074630Z  * [new branch]        integration-branch                       -> origin/integration-branch
2025-06-08T01:45:42.0077770Z  * [new branch]        main                                     -> origin/main
2025-06-08T01:45:42.0080740Z  * [new branch]        master                                   -> origin/master
2025-06-08T01:45:42.0084420Z  * [new ref]           6bc44e2bef6c601be80ba6cdc5bd9974091c084e -> pull/1/merge
2025-06-08T01:45:42.0160340Z ##[endgroup]
2025-06-08T01:45:42.0160990Z ##[group]Determining the checkout info
2025-06-08T01:45:42.0161650Z ##[endgroup]
2025-06-08T01:45:42.0165150Z [command]/opt/homebrew/bin/git sparse-checkout disable
2025-06-08T01:45:42.0230250Z [command]/opt/homebrew/bin/git config --local --unset-all extensions.worktreeConfig
2025-06-08T01:45:42.0279660Z ##[group]Checking out the ref
2025-06-08T01:45:42.0281420Z [command]/opt/homebrew/bin/git checkout --progress --force refs/remotes/pull/1/merge
2025-06-08T01:45:43.1486960Z Updating files:  43% (10510/24378)
2025-06-08T01:45:43.1663770Z Updating files:  44% (10727/24378)
2025-06-08T01:45:43.1888980Z Updating files:  45% (10971/24378)
2025-06-08T01:45:43.2077740Z Updating files:  46% (11214/24378)
2025-06-08T01:45:43.2253160Z Updating files:  47% (11458/24378)
2025-06-08T01:45:43.2441760Z Updating files:  48% (11702/24378)
2025-06-08T01:45:43.2715060Z Updating files:  49% (11946/24378)
2025-06-08T01:45:43.3045400Z Updating files:  50% (12189/24378)
2025-06-08T01:45:43.3321970Z Updating files:  51% (12433/24378)
2025-06-08T01:45:43.3705460Z Updating files:  52% (12677/24378)
2025-06-08T01:45:43.3990230Z Updating files:  53% (12921/24378)
2025-06-08T01:45:43.4271690Z Updating files:  54% (13165/24378)
2025-06-08T01:45:43.4500650Z Updating files:  55% (13408/24378)
2025-06-08T01:45:43.4790170Z Updating files:  56% (13652/24378)
2025-06-08T01:45:43.5090350Z Updating files:  57% (13896/24378)
2025-06-08T01:45:43.5336780Z Updating files:  58% (14140/24378)
2025-06-08T01:45:43.5537310Z Updating files:  59% (14384/24378)
2025-06-08T01:45:43.6214420Z Updating files:  60% (14627/24378)
2025-06-08T01:45:43.6423670Z Updating files:  61% (14871/24378)
2025-06-08T01:45:43.6739900Z Updating files:  62% (15115/24378)
2025-06-08T01:45:43.6936170Z Updating files:  63% (15359/24378)
2025-06-08T01:45:43.7439730Z Updating files:  64% (15602/24378)
2025-06-08T01:45:43.7625120Z Updating files:  65% (15846/24378)
2025-06-08T01:45:43.7791770Z Updating files:  66% (16090/24378)
2025-06-08T01:45:43.7965980Z Updating files:  67% (16334/24378)
2025-06-08T01:45:43.8192380Z Updating files:  68% (16578/24378)
2025-06-08T01:45:43.8511350Z Updating files:  69% (16821/24378)
2025-06-08T01:45:43.8688770Z Updating files:  70% (17065/24378)
2025-06-08T01:45:43.8855640Z Updating files:  71% (17309/24378)
2025-06-08T01:45:43.9030670Z Updating files:  72% (17553/24378)
2025-06-08T01:45:43.9195710Z Updating files:  73% (17796/24378)
2025-06-08T01:45:43.9356560Z Updating files:  74% (18040/24378)
2025-06-08T01:45:43.9852650Z Updating files:  75% (18284/24378)
2025-06-08T01:45:43.9973880Z Updating files:  76% (18528/24378)
2025-06-08T01:45:44.0143240Z Updating files:  77% (18772/24378)
2025-06-08T01:45:44.0335760Z Updating files:  78% (19015/24378)
2025-06-08T01:45:44.0563150Z Updating files:  79% (19259/24378)
2025-06-08T01:45:44.0592870Z Updating files:  79% (19489/24378)
2025-06-08T01:45:44.0786340Z Updating files:  80% (19503/24378)
2025-06-08T01:45:44.0958190Z Updating files:  81% (19747/24378)
2025-06-08T01:45:44.1165300Z Updating files:  82% (19990/24378)
2025-06-08T01:45:44.1414260Z Updating files:  83% (20234/24378)
2025-06-08T01:45:44.1673900Z Updating files:  84% (20478/24378)
2025-06-08T01:45:44.1878600Z Updating files:  85% (20722/24378)
2025-06-08T01:45:44.2150080Z Updating files:  86% (20966/24378)
2025-06-08T01:45:44.2672500Z Updating files:  87% (21209/24378)
2025-06-08T01:45:44.3624740Z Updating files:  88% (21453/24378)
2025-06-08T01:45:44.3810980Z Updating files:  89% (21697/24378)
2025-06-08T01:45:44.4231190Z Updating files:  90% (21941/24378)
2025-06-08T01:45:44.4406250Z Updating files:  91% (22184/24378)
2025-06-08T01:45:44.4897430Z Updating files:  92% (22428/24378)
2025-06-08T01:45:44.5115520Z Updating files:  93% (22672/24378)
2025-06-08T01:45:44.5363820Z Updating files:  94% (22916/24378)
2025-06-08T01:45:44.5696100Z Updating files:  95% (23160/24378)
2025-06-08T01:45:44.5944520Z Updating files:  96% (23403/24378)
2025-06-08T01:45:44.6239130Z Updating files:  97% (23647/24378)
2025-06-08T01:45:44.6541990Z Updating files:  98% (23891/24378)
2025-06-08T01:45:44.6890040Z Updating files:  99% (24135/24378)
2025-06-08T01:45:44.6890880Z Updating files: 100% (24378/24378)
2025-06-08T01:45:44.6891130Z Updating files: 100% (24378/24378), done.
2025-06-08T01:45:44.7156970Z HEAD is now at 6bc44e2b Merge 81743423c8dbf9d3e86a0d8ef2367c46fd8459ab into 6a3ec63168d17ca96c8982c803d63dde5874e09e
2025-06-08T01:45:44.7173340Z ##[endgroup]
2025-06-08T01:45:44.7289790Z [command]/opt/homebrew/bin/git log -1 --format=%H
2025-06-08T01:45:44.7317890Z 6bc44e2bef6c601be80ba6cdc5bd9974091c084e
2025-06-08T01:45:44.7902860Z ##[group]Run actions/setup-node@v4
2025-06-08T01:45:44.7903070Z with:
2025-06-08T01:45:44.7903190Z   node-version: 18
2025-06-08T01:45:44.7903320Z   cache: npm
2025-06-08T01:45:44.7903430Z   always-auth: false
2025-06-08T01:45:44.7903610Z   check-latest: false
2025-06-08T01:45:44.7903840Z   token: ***
2025-06-08T01:45:44.7903960Z env:
2025-06-08T01:45:44.7904060Z   NODE_VERSION: 18
2025-06-08T01:45:44.7904190Z   PYTHON_VERSION: 3.11
2025-06-08T01:45:44.7904310Z ##[endgroup]
2025-06-08T01:45:44.9170950Z Found in cache @ /Users/runner/hostedtoolcache/node/18.20.8/arm64
2025-06-08T01:45:44.9174760Z ##[group]Environment details
2025-06-08T01:45:45.3624450Z node: v18.20.8
2025-06-08T01:45:45.3624650Z npm: 10.8.2
2025-06-08T01:45:45.3624770Z yarn: 1.22.22
2025-06-08T01:45:45.3625500Z ##[endgroup]
2025-06-08T01:45:45.3639350Z [command]/Users/runner/hostedtoolcache/node/18.20.8/arm64/bin/npm config get cache
2025-06-08T01:45:45.5384720Z /Users/runner/.npm
2025-06-08T01:45:45.6335010Z npm cache is not found
2025-06-08T01:45:45.6419830Z ##[group]Run actions/setup-python@v4
2025-06-08T01:45:45.6420060Z with:
2025-06-08T01:45:45.6432070Z   python-version: 3.11
2025-06-08T01:45:45.6432250Z   check-latest: false
2025-06-08T01:45:45.6432530Z   token: ***
2025-06-08T01:45:45.6432660Z   update-environment: true
2025-06-08T01:45:45.6432850Z   allow-prereleases: false
2025-06-08T01:45:45.6433010Z env:
2025-06-08T01:45:45.6433120Z   NODE_VERSION: 18
2025-06-08T01:45:45.6433280Z   PYTHON_VERSION: 3.11
2025-06-08T01:45:45.6433420Z ##[endgroup]
2025-06-08T01:45:45.7629610Z ##[group]Installed versions
2025-06-08T01:45:45.7677710Z Successfully set up CPython (3.11.9)
2025-06-08T01:45:45.7678110Z ##[endgroup]
2025-06-08T01:45:45.7736030Z ##[group]Run npm ci
2025-06-08T01:45:45.7736230Z [36;1mnpm ci[0m
2025-06-08T01:45:45.7800390Z shell: /bin/bash -e {0}
2025-06-08T01:45:45.7800570Z env:
2025-06-08T01:45:45.7800700Z   NODE_VERSION: 18
2025-06-08T01:45:45.7800840Z   PYTHON_VERSION: 3.11
2025-06-08T01:45:45.7801080Z   pythonLocation: /Users/runner/hostedtoolcache/Python/3.11.9/arm64
2025-06-08T01:45:45.7802080Z   PKG_CONFIG_PATH: /Users/runner/hostedtoolcache/Python/3.11.9/arm64/lib/pkgconfig
2025-06-08T01:45:45.7802500Z   Python_ROOT_DIR: /Users/runner/hostedtoolcache/Python/3.11.9/arm64
2025-06-08T01:45:45.7802830Z   Python2_ROOT_DIR: /Users/runner/hostedtoolcache/Python/3.11.9/arm64
2025-06-08T01:45:45.7803170Z   Python3_ROOT_DIR: /Users/runner/hostedtoolcache/Python/3.11.9/arm64
2025-06-08T01:45:45.7803430Z ##[endgroup]
2025-06-08T01:45:46.3796320Z npm warn EBADENGINE Unsupported engine {
2025-06-08T01:45:46.3897760Z npm warn EBADENGINE   package: 'commander@14.0.0',
2025-06-08T01:45:46.3998000Z npm warn EBADENGINE   required: { node: '>=20' },
2025-06-08T01:45:46.4102280Z npm warn EBADENGINE   current: { node: 'v18.20.8', npm: '10.8.2' }
2025-06-08T01:45:46.4203830Z npm warn EBADENGINE }
2025-06-08T01:45:47.9058850Z npm warn deprecated lodash.isequal@4.5.0: This package is deprecated. Use require('node:util').isDeepStrictEqual instead.
2025-06-08T01:45:48.0231090Z npm warn deprecated inflight@1.0.6: This module is not supported, and leaks memory. Do not use it. Check out lru-cache if you want a good and tested way to coalesce async requests by a key value, which is much more comprehensive and powerful.
2025-06-08T01:45:48.1856740Z npm warn deprecated glob@7.2.3: Glob versions prior to v9 are no longer supported
2025-06-08T01:45:48.8527070Z npm warn deprecated boolean@3.2.0: Package no longer supported. Contact Support at https://www.npmjs.com/support for more info.
2025-06-08T01:45:54.5293340Z 
2025-06-08T01:45:54.5394370Z added 768 packages, and audited 769 packages in 9s
2025-06-08T01:45:54.5499210Z 
2025-06-08T01:45:54.5503400Z 90 packages are looking for funding
2025-06-08T01:45:54.5503900Z   run `npm fund` for details
2025-06-08T01:45:54.5504570Z 
2025-06-08T01:45:54.5504840Z found 0 vulnerabilities
2025-06-08T01:45:54.5551390Z ##[group]Run npm install dmg-license --save-dev
2025-06-08T01:45:54.5551780Z [36;1mnpm install dmg-license --save-dev[0m
2025-06-08T01:45:54.5678370Z shell: /bin/bash -e {0}
2025-06-08T01:45:54.5678670Z env:
2025-06-08T01:45:54.5678890Z   NODE_VERSION: 18
2025-06-08T01:45:54.5679160Z   PYTHON_VERSION: 3.11
2025-06-08T01:45:54.5679480Z   pythonLocation: /Users/runner/hostedtoolcache/Python/3.11.9/arm64
2025-06-08T01:45:54.5680150Z   PKG_CONFIG_PATH: /Users/runner/hostedtoolcache/Python/3.11.9/arm64/lib/pkgconfig
2025-06-08T01:45:54.5680610Z   Python_ROOT_DIR: /Users/runner/hostedtoolcache/Python/3.11.9/arm64
2025-06-08T01:45:54.5681010Z   Python2_ROOT_DIR: /Users/runner/hostedtoolcache/Python/3.11.9/arm64
2025-06-08T01:45:54.5681430Z   Python3_ROOT_DIR: /Users/runner/hostedtoolcache/Python/3.11.9/arm64
2025-06-08T01:45:54.5681760Z ##[endgroup]
2025-06-08T01:45:55.2839010Z npm warn EBADENGINE Unsupported engine {
2025-06-08T01:45:55.2940770Z npm warn EBADENGINE   package: 'commander@14.0.0',
2025-06-08T01:45:55.3006520Z npm warn EBADENGINE   required: { node: '>=20' },
2025-06-08T01:45:55.3062220Z npm warn EBADENGINE   current: { node: 'v18.20.8', npm: '10.8.2' }
2025-06-08T01:45:55.3064440Z npm warn EBADENGINE }
2025-06-08T01:45:55.4564560Z 
2025-06-08T01:45:55.4580810Z up to date, audited 769 packages in 766ms
2025-06-08T01:45:55.4581110Z 
2025-06-08T01:45:55.4581880Z 90 packages are looking for funding
2025-06-08T01:45:55.4590090Z   run `npm fund` for details
2025-06-08T01:45:55.4590320Z 
2025-06-08T01:45:55.4590600Z found 0 vulnerabilities
2025-06-08T01:45:55.4634530Z ##[group]Run npm run build:mac
2025-06-08T01:45:55.4634790Z [36;1mnpm run build:mac[0m
2025-06-08T01:45:55.4680240Z shell: /bin/bash -e {0}
2025-06-08T01:45:55.4680400Z env:
2025-06-08T01:45:55.4680530Z   NODE_VERSION: 18
2025-06-08T01:45:55.4680780Z   PYTHON_VERSION: 3.11
2025-06-08T01:45:55.4681080Z   pythonLocation: /Users/runner/hostedtoolcache/Python/3.11.9/arm64
2025-06-08T01:45:55.4681480Z   PKG_CONFIG_PATH: /Users/runner/hostedtoolcache/Python/3.11.9/arm64/lib/pkgconfig
2025-06-08T01:45:55.4681910Z   Python_ROOT_DIR: /Users/runner/hostedtoolcache/Python/3.11.9/arm64
2025-06-08T01:45:55.4682340Z   Python2_ROOT_DIR: /Users/runner/hostedtoolcache/Python/3.11.9/arm64
2025-06-08T01:45:55.4683070Z   Python3_ROOT_DIR: /Users/runner/hostedtoolcache/Python/3.11.9/arm64
2025-06-08T01:45:55.4683550Z   GH_TOKEN: ***
2025-06-08T01:45:55.4683790Z   CSC_IDENTITY_AUTO_DISCOVERY: false
2025-06-08T01:45:55.4683960Z ##[endgroup]
2025-06-08T01:45:55.5978660Z npm error Missing script: "build:mac"
2025-06-08T01:45:55.5978930Z npm error
2025-06-08T01:45:55.5979150Z npm error To see a list of scripts, run:
2025-06-08T01:45:55.5979460Z npm error   npm run
2025-06-08T01:45:55.5986910Z npm error A complete log of this run can be found in: /Users/runner/.npm/_logs/2025-06-08T01_45_55_555Z-debug-0.log
2025-06-08T01:45:55.6013820Z ##[error]Process completed with exit code 1.
2025-06-08T01:45:55.6082850Z Post job cleanup.
2025-06-08T01:45:55.6984120Z [command]/opt/homebrew/bin/git version
2025-06-08T01:45:55.7041270Z git version 2.49.0
2025-06-08T01:45:55.7062790Z Copying '/Users/runner/.gitconfig' to '/Users/runner/work/_temp/f8b33d28-4cef-42c8-909d-9ca16bb161d5/.gitconfig'
2025-06-08T01:45:55.7070010Z Temporarily overriding HOME='/Users/runner/work/_temp/f8b33d28-4cef-42c8-909d-9ca16bb161d5' before making global git config changes
2025-06-08T01:45:55.7070990Z Adding repository directory to the temporary git global config as a safe directory
2025-06-08T01:45:55.7075860Z [command]/opt/homebrew/bin/git config --global --add safe.directory /Users/runner/work/ApexAgent/ApexAgent
2025-06-08T01:45:55.7120970Z [command]/opt/homebrew/bin/git config --local --name-only --get-regexp core\.sshCommand
2025-06-08T01:45:55.7162040Z [command]/opt/homebrew/bin/git submodule foreach --recursive sh -c "git config --local --name-only --get-regexp 'core\.sshCommand' && git config --local --unset-all 'core.sshCommand' || :"
2025-06-08T01:45:55.7766190Z [command]/opt/homebrew/bin/git config --local --name-only --get-regexp http\.https\:\/\/github\.com\/\.extraheader
2025-06-08T01:45:55.7803670Z http.https://github.com/.extraheader
2025-06-08T01:45:55.7812090Z [command]/opt/homebrew/bin/git config --local --unset-all http.https://github.com/.extraheader
2025-06-08T01:45:55.7856200Z [command]/opt/homebrew/bin/git submodule foreach --recursive sh -c "git config --local --name-only --get-regexp 'http\.https\:\/\/github\.com\/\.extraheader' && git config --local --unset-all 'http.https://github.com/.extraheader' || :"
2025-06-08T01:45:55.8402030Z Cleaning up orphan processes
