2025-06-08T02:00:26.3817168Z Requested labels: ubuntu-latest
2025-06-08T02:00:26.3817396Z Job defined at: AllienNova/ApexAgent/.github/workflows/build-release.yml@refs/pull/1/merge
2025-06-08T02:00:26.3817478Z Waiting for a runner to pick up this job...
2025-06-08T02:00:26.7312389Z Job is waiting for a hosted runner to come online.
2025-06-08T02:00:32.0693592Z Job is about to start running on the hosted runner: GitHub Actions 12 (hosted)
2025-06-08T02:00:34.3170565Z Current runner version: '2.325.0'
2025-06-08T02:00:34.3202190Z ##[group]Runner Image Provisioner
2025-06-08T02:00:34.3203233Z Hosted Compute Agent
2025-06-08T02:00:34.3203909Z Version: 20250508.323
2025-06-08T02:00:34.3204998Z Commit: 81b259f29879f73b4213d199e42d8c3465dae986
2025-06-08T02:00:34.3205827Z Build Date: 2025-05-08T19:40:08Z
2025-06-08T02:00:34.3206541Z ##[endgroup]
2025-06-08T02:00:34.3207181Z ##[group]Operating System
2025-06-08T02:00:34.3207903Z Ubuntu
2025-06-08T02:00:34.3208460Z 24.04.2
2025-06-08T02:00:34.3208969Z LTS
2025-06-08T02:00:34.3209568Z ##[endgroup]
2025-06-08T02:00:34.3210177Z ##[group]Runner Image
2025-06-08T02:00:34.3210811Z Image: ubuntu-24.04
2025-06-08T02:00:34.3211476Z Version: 20250511.1.0
2025-06-08T02:00:34.3212648Z Included Software: https://github.com/actions/runner-images/blob/ubuntu24/20250511.1/images/ubuntu/Ubuntu2404-Readme.md
2025-06-08T02:00:34.3215309Z Image Release: https://github.com/actions/runner-images/releases/tag/ubuntu24%2F20250511.1
2025-06-08T02:00:34.3216535Z ##[endgroup]
2025-06-08T02:00:34.3217932Z ##[group]GITHUB_TOKEN Permissions
2025-06-08T02:00:34.3219970Z Contents: read
2025-06-08T02:00:34.3220703Z Metadata: read
2025-06-08T02:00:34.3221335Z Packages: read
2025-06-08T02:00:34.3221895Z ##[endgroup]
2025-06-08T02:00:34.3225426Z Secret source: Actions
2025-06-08T02:00:34.3226288Z Prepare workflow directory
2025-06-08T02:00:34.3627512Z Prepare all required actions
2025-06-08T02:00:34.3666277Z Getting action download info
2025-06-08T02:00:34.6012046Z ##[group]Download immutable action package 'actions/checkout@v4'
2025-06-08T02:00:34.6013036Z Version: 4.2.2
2025-06-08T02:00:34.6013935Z Digest: sha256:ccb2698953eaebd21c7bf6268a94f9c26518a7e38e27e0b83c1fe1ad049819b1
2025-06-08T02:00:34.6015625Z Source commit SHA: 11bd71901bbe5b1630ceea73d27597364c9af683
2025-06-08T02:00:34.6016387Z ##[endgroup]
2025-06-08T02:00:34.6716322Z ##[group]Download immutable action package 'actions/setup-node@v4'
2025-06-08T02:00:34.6717120Z Version: 4.4.0
2025-06-08T02:00:34.6717830Z Digest: sha256:9427cefe82346e992fb5b949e3569b39d537ae41aa3086483b14eceebfc16bc1
2025-06-08T02:00:34.6718760Z Source commit SHA: 49933ea5288caeca8642d1e84afbd3f7d6820020
2025-06-08T02:00:34.6719419Z ##[endgroup]
2025-06-08T02:00:34.7684899Z ##[group]Download immutable action package 'actions/setup-python@v4'
2025-06-08T02:00:34.7685699Z Version: 4.9.1
2025-06-08T02:00:34.7686388Z Digest: sha256:f03e505388af670b5a108629e0ba26befc08d5c62b41f46146a45fe29ae509a5
2025-06-08T02:00:34.7687304Z Source commit SHA: 7f4fc3e22c37d6ff65e88745f38bd3157c663f7c
2025-06-08T02:00:34.7687973Z ##[endgroup]
2025-06-08T02:00:35.1360025Z ##[group]Download immutable action package 'actions/upload-artifact@v4'
2025-06-08T02:00:35.1360853Z Version: 4.6.2
2025-06-08T02:00:35.1361550Z Digest: sha256:290722aa3281d5caf23d0acdc3dbeb3424786a1a01a9cc97e72f147225e37c38
2025-06-08T02:00:35.1362492Z Source commit SHA: ea165f8d65b6e75b540449e92b4886f43607fa02
2025-06-08T02:00:35.1363150Z ##[endgroup]
2025-06-08T02:00:35.3306221Z Complete job name: build-linux
2025-06-08T02:00:35.4019666Z ##[group]Run actions/checkout@v4
2025-06-08T02:00:35.4020571Z with:
2025-06-08T02:00:35.4021001Z   fetch-depth: 0
2025-06-08T02:00:35.4021476Z   repository: AllienNova/ApexAgent
2025-06-08T02:00:35.4022192Z   token: ***
2025-06-08T02:00:35.4022618Z   ssh-strict: true
2025-06-08T02:00:35.4023048Z   ssh-user: git
2025-06-08T02:00:35.4023495Z   persist-credentials: true
2025-06-08T02:00:35.4024003Z   clean: true
2025-06-08T02:00:35.4024870Z   sparse-checkout-cone-mode: true
2025-06-08T02:00:35.4025411Z   fetch-tags: false
2025-06-08T02:00:35.4025854Z   show-progress: true
2025-06-08T02:00:35.4026310Z   lfs: false
2025-06-08T02:00:35.4026718Z   submodules: false
2025-06-08T02:00:35.4027165Z   set-safe-directory: true
2025-06-08T02:00:35.4027939Z env:
2025-06-08T02:00:35.4028355Z   NODE_VERSION: 18
2025-06-08T02:00:35.4028797Z   PYTHON_VERSION: 3.11
2025-06-08T02:00:35.4029240Z ##[endgroup]
2025-06-08T02:00:35.5306540Z Syncing repository: AllienNova/ApexAgent
2025-06-08T02:00:35.5309494Z ##[group]Getting Git version info
2025-06-08T02:00:35.5374338Z Working directory is '/home/runner/work/ApexAgent/ApexAgent'
2025-06-08T02:00:35.5376356Z [command]/usr/bin/git version
2025-06-08T02:00:35.5377360Z git version 2.49.0
2025-06-08T02:00:35.5380389Z ##[endgroup]
2025-06-08T02:00:35.5388502Z Temporarily overriding HOME='/home/runner/work/_temp/1dd451a3-5440-4d43-9238-1c51b70d5d8b' before making global git config changes
2025-06-08T02:00:35.5391157Z Adding repository directory to the temporary git global config as a safe directory
2025-06-08T02:00:35.5394313Z [command]/usr/bin/git config --global --add safe.directory /home/runner/work/ApexAgent/ApexAgent
2025-06-08T02:00:35.5430485Z Deleting the contents of '/home/runner/work/ApexAgent/ApexAgent'
2025-06-08T02:00:35.5435294Z ##[group]Initializing the repository
2025-06-08T02:00:35.5440199Z [command]/usr/bin/git init /home/runner/work/ApexAgent/ApexAgent
2025-06-08T02:00:35.5515224Z hint: Using 'master' as the name for the initial branch. This default branch name
2025-06-08T02:00:35.5517323Z hint: is subject to change. To configure the initial branch name to use in all
2025-06-08T02:00:35.5520372Z hint: of your new repositories, which will suppress this warning, call:
2025-06-08T02:00:35.5522948Z hint:
2025-06-08T02:00:35.5523953Z hint: 	git config --global init.defaultBranch <name>
2025-06-08T02:00:35.5525444Z hint:
2025-06-08T02:00:35.5526579Z hint: Names commonly chosen instead of 'master' are 'main', 'trunk' and
2025-06-08T02:00:35.5528405Z hint: 'development'. The just-created branch can be renamed via this command:
2025-06-08T02:00:35.5529810Z hint:
2025-06-08T02:00:35.5530574Z hint: 	git branch -m <name>
2025-06-08T02:00:35.5531947Z Initialized empty Git repository in /home/runner/work/ApexAgent/ApexAgent/.git/
2025-06-08T02:00:35.5537602Z [command]/usr/bin/git remote add origin https://github.com/AllienNova/ApexAgent
2025-06-08T02:00:35.5573948Z ##[endgroup]
2025-06-08T02:00:35.5575554Z ##[group]Disabling automatic garbage collection
2025-06-08T02:00:35.5578252Z [command]/usr/bin/git config --local gc.auto 0
2025-06-08T02:00:35.5611594Z ##[endgroup]
2025-06-08T02:00:35.5613014Z ##[group]Setting up auth
2025-06-08T02:00:35.5647367Z [command]/usr/bin/git config --local --name-only --get-regexp core\.sshCommand
2025-06-08T02:00:35.5657355Z [command]/usr/bin/git submodule foreach --recursive sh -c "git config --local --name-only --get-regexp 'core\.sshCommand' && git config --local --unset-all 'core.sshCommand' || :"
2025-06-08T02:00:35.5961639Z [command]/usr/bin/git config --local --name-only --get-regexp http\.https\:\/\/github\.com\/\.extraheader
2025-06-08T02:00:35.5997104Z [command]/usr/bin/git submodule foreach --recursive sh -c "git config --local --name-only --get-regexp 'http\.https\:\/\/github\.com\/\.extraheader' && git config --local --unset-all 'http.https://github.com/.extraheader' || :"
2025-06-08T02:00:35.6231730Z [command]/usr/bin/git config --local http.https://github.com/.extraheader AUTHORIZATION: basic ***
2025-06-08T02:00:35.6293728Z ##[endgroup]
2025-06-08T02:00:35.6295826Z ##[group]Fetching the repository
2025-06-08T02:00:35.6298646Z [command]/usr/bin/git -c protocol.version=2 fetch --prune --no-recurse-submodules origin +refs/heads/*:refs/remotes/origin/* +refs/tags/*:refs/tags/* +0d5351708dd7a9b47204c61aa9a258a9537cfebb:refs/remotes/pull/1/merge
2025-06-08T02:00:39.3987314Z From https://github.com/AllienNova/ApexAgent
2025-06-08T02:00:39.3988953Z  * [new branch]        cicd-pipeline                            -> origin/cicd-pipeline
2025-06-08T02:00:39.3990359Z  * [new branch]        cicd-pipeline-synced                     -> origin/cicd-pipeline-synced
2025-06-08T02:00:39.3992018Z  * [new branch]        dr-tardis-architecture                   -> origin/dr-tardis-architecture
2025-06-08T02:00:39.3994549Z  * [new branch]        dr-tardis-context-management             -> origin/dr-tardis-context-management
2025-06-08T02:00:39.3996583Z  * [new branch]        dr-tardis-conversation-handling          -> origin/dr-tardis-conversation-handling
2025-06-08T02:00:39.4002335Z  * [new branch]        dr-tardis-core-agent                     -> origin/dr-tardis-core-agent
2025-06-08T02:00:39.4003727Z  * [new branch]        dr-tardis-kb                             -> origin/dr-tardis-kb
2025-06-08T02:00:39.4010022Z  * [new branch]        dr-tardis-knowledge-retrieval            -> origin/dr-tardis-knowledge-retrieval
2025-06-08T02:00:39.4011836Z  * [new branch]        dr-tardis-multi-agent-orchestration      -> origin/dr-tardis-multi-agent-orchestration
2025-06-08T02:00:39.4014455Z  * [new branch]        dr-tardis-research                       -> origin/dr-tardis-research
2025-06-08T02:00:39.4015547Z  * [new branch]        gemini-live-voice-audio                  -> origin/gemini-live-voice-audio
2025-06-08T02:00:39.4020878Z  * [new branch]        integration-branch                       -> origin/integration-branch
2025-06-08T02:00:39.4021813Z  * [new branch]        main                                     -> origin/main
2025-06-08T02:00:39.4022710Z  * [new branch]        master                                   -> origin/master
2025-06-08T02:00:39.4026422Z  * [new ref]           0d5351708dd7a9b47204c61aa9a258a9537cfebb -> pull/1/merge
2025-06-08T02:00:39.4061810Z ##[endgroup]
2025-06-08T02:00:39.4062754Z ##[group]Determining the checkout info
2025-06-08T02:00:39.4067544Z ##[endgroup]
2025-06-08T02:00:39.4071588Z [command]/usr/bin/git sparse-checkout disable
2025-06-08T02:00:39.4115351Z [command]/usr/bin/git config --local --unset-all extensions.worktreeConfig
2025-06-08T02:00:39.4145303Z ##[group]Checking out the ref
2025-06-08T02:00:39.4148275Z [command]/usr/bin/git checkout --progress --force refs/remotes/pull/1/merge
2025-06-08T02:00:40.4429322Z Updating files:  70% (17248/24378)
2025-06-08T02:00:40.4533837Z Updating files:  71% (17309/24378)
2025-06-08T02:00:40.4636992Z Updating files:  72% (17553/24378)
2025-06-08T02:00:40.4740173Z Updating files:  73% (17796/24378)
2025-06-08T02:00:40.4864954Z Updating files:  74% (18040/24378)
2025-06-08T02:00:40.5227131Z Updating files:  75% (18284/24378)
2025-06-08T02:00:40.5303891Z Updating files:  76% (18528/24378)
2025-06-08T02:00:40.5453408Z Updating files:  77% (18772/24378)
2025-06-08T02:00:40.5596369Z Updating files:  78% (19015/24378)
2025-06-08T02:00:40.5838490Z Updating files:  79% (19259/24378)
2025-06-08T02:00:40.5989915Z Updating files:  80% (19503/24378)
2025-06-08T02:00:40.6125717Z Updating files:  81% (19747/24378)
2025-06-08T02:00:40.6300159Z Updating files:  82% (19990/24378)
2025-06-08T02:00:40.6507350Z Updating files:  83% (20234/24378)
2025-06-08T02:00:40.6723362Z Updating files:  84% (20478/24378)
2025-06-08T02:00:40.6861957Z Updating files:  85% (20722/24378)
2025-06-08T02:00:40.7113859Z Updating files:  86% (20966/24378)
2025-06-08T02:00:40.7382465Z Updating files:  87% (21209/24378)
2025-06-08T02:00:40.8062304Z Updating files:  88% (21453/24378)
2025-06-08T02:00:40.8155113Z Updating files:  89% (21697/24378)
2025-06-08T02:00:40.8342145Z Updating files:  90% (21941/24378)
2025-06-08T02:00:40.8446631Z Updating files:  91% (22184/24378)
2025-06-08T02:00:40.8561845Z Updating files:  92% (22428/24378)
2025-06-08T02:00:40.8682356Z Updating files:  93% (22672/24378)
2025-06-08T02:00:40.8866762Z Updating files:  94% (22916/24378)
2025-06-08T02:00:40.9107442Z Updating files:  95% (23160/24378)
2025-06-08T02:00:40.9283072Z Updating files:  96% (23403/24378)
2025-06-08T02:00:40.9522117Z Updating files:  97% (23647/24378)
2025-06-08T02:00:40.9754303Z Updating files:  98% (23891/24378)
2025-06-08T02:00:41.0077770Z Updating files:  99% (24135/24378)
2025-06-08T02:00:41.0079567Z Updating files: 100% (24378/24378)
2025-06-08T02:00:41.0105836Z Updating files: 100% (24378/24378), done.
2025-06-08T02:00:41.0411217Z Note: switching to 'refs/remotes/pull/1/merge'.
2025-06-08T02:00:41.0418512Z 
2025-06-08T02:00:41.0419209Z You are in 'detached HEAD' state. You can look around, make experimental
2025-06-08T02:00:41.0420854Z changes and commit them, and you can discard any commits you make in this
2025-06-08T02:00:41.0422298Z state without impacting any branches by switching back to a branch.
2025-06-08T02:00:41.0425047Z 
2025-06-08T02:00:41.0425734Z If you want to create a new branch to retain commits you create, you may
2025-06-08T02:00:41.0426564Z do so (now or later) by using -c with the switch command. Example:
2025-06-08T02:00:41.0446598Z 
2025-06-08T02:00:41.0447162Z   git switch -c <new-branch-name>
2025-06-08T02:00:41.0447473Z 
2025-06-08T02:00:41.0447639Z Or undo this operation with:
2025-06-08T02:00:41.0447895Z 
2025-06-08T02:00:41.0448040Z   git switch -
2025-06-08T02:00:41.0448228Z 
2025-06-08T02:00:41.0448566Z Turn off this advice by setting config variable advice.detachedHead to false
2025-06-08T02:00:41.0449057Z 
2025-06-08T02:00:41.0449612Z HEAD is now at 0d535170 Merge 5729a672b7db3ea98e11e7889385aa6c4095a2ef into 6a3ec63168d17ca96c8982c803d63dde5874e09e
2025-06-08T02:00:41.0480993Z ##[endgroup]
2025-06-08T02:00:41.0541269Z [command]/usr/bin/git log -1 --format=%H
2025-06-08T02:00:41.0581095Z 0d5351708dd7a9b47204c61aa9a258a9537cfebb
2025-06-08T02:00:41.0809688Z ##[group]Run actions/setup-node@v4
2025-06-08T02:00:41.0809964Z with:
2025-06-08T02:00:41.0810142Z   node-version: 18
2025-06-08T02:00:41.0810334Z   cache: npm
2025-06-08T02:00:41.0810519Z   always-auth: false
2025-06-08T02:00:41.0810721Z   check-latest: false
2025-06-08T02:00:41.0811039Z   token: ***
2025-06-08T02:00:41.0811215Z env:
2025-06-08T02:00:41.0811387Z   NODE_VERSION: 18
2025-06-08T02:00:41.0811586Z   PYTHON_VERSION: 3.11
2025-06-08T02:00:41.0811789Z ##[endgroup]
2025-06-08T02:00:41.2584582Z Found in cache @ /opt/hostedtoolcache/node/18.20.8/x64
2025-06-08T02:00:41.2590958Z ##[group]Environment details
2025-06-08T02:00:42.8642685Z node: v18.20.8
2025-06-08T02:00:42.8643561Z npm: 10.8.2
2025-06-08T02:00:42.8646236Z yarn: 1.22.22
2025-06-08T02:00:42.8647599Z ##[endgroup]
2025-06-08T02:00:42.8671758Z [command]/opt/hostedtoolcache/node/18.20.8/x64/bin/npm config get cache
2025-06-08T02:00:43.1297331Z /home/runner/.npm
2025-06-08T02:00:43.2944959Z Cache hit for: node-cache-Linux-x64-npm-c6cb0da915ce3cfbe58b0816291a9709583c11ac9c1e082b01e1bb5d530e3621
2025-06-08T02:00:44.5035147Z Received 77593575 of 77593575 (100.0%), 71.1 MBs/sec
2025-06-08T02:00:44.5036171Z Cache Size: ~74 MB (77593575 B)
2025-06-08T02:00:44.5215243Z [command]/usr/bin/tar -xf /home/runner/work/_temp/f493c346-b55d-4fae-8607-f0f3f76e9fdc/cache.tzst -P -C /home/runner/work/ApexAgent/ApexAgent --use-compress-program unzstd
2025-06-08T02:00:44.7676225Z Cache restored successfully
2025-06-08T02:00:44.7835520Z Cache restored from key: node-cache-Linux-x64-npm-c6cb0da915ce3cfbe58b0816291a9709583c11ac9c1e082b01e1bb5d530e3621
2025-06-08T02:00:44.8015191Z ##[group]Run actions/setup-python@v4
2025-06-08T02:00:44.8015482Z with:
2025-06-08T02:00:44.8015680Z   python-version: 3.11
2025-06-08T02:00:44.8015904Z   check-latest: false
2025-06-08T02:00:44.8016223Z   token: ***
2025-06-08T02:00:44.8016429Z   update-environment: true
2025-06-08T02:00:44.8016669Z   allow-prereleases: false
2025-06-08T02:00:44.8016903Z env:
2025-06-08T02:00:44.8017075Z   NODE_VERSION: 18
2025-06-08T02:00:44.8017274Z   PYTHON_VERSION: 3.11
2025-06-08T02:00:44.8017477Z ##[endgroup]
2025-06-08T02:00:44.9746713Z ##[group]Installed versions
2025-06-08T02:00:44.9838950Z Successfully set up CPython (3.11.12)
2025-06-08T02:00:44.9841189Z ##[endgroup]
2025-06-08T02:00:44.9939403Z ##[group]Run sudo apt-get update
2025-06-08T02:00:44.9939787Z [36;1msudo apt-get update[0m
2025-06-08T02:00:44.9940287Z [36;1msudo apt-get install -y libnss3-dev libatk-bridge2.0-dev libdrm2 libxkbcommon0 libxss1 libasound2t64[0m
2025-06-08T02:00:45.0126792Z shell: /usr/bin/bash -e {0}
2025-06-08T02:00:45.0127056Z env:
2025-06-08T02:00:45.0127243Z   NODE_VERSION: 18
2025-06-08T02:00:45.0127459Z   PYTHON_VERSION: 3.11
2025-06-08T02:00:45.0127749Z   pythonLocation: /opt/hostedtoolcache/Python/3.11.12/x64
2025-06-08T02:00:45.0128180Z   PKG_CONFIG_PATH: /opt/hostedtoolcache/Python/3.11.12/x64/lib/pkgconfig
2025-06-08T02:00:45.0128793Z   Python_ROOT_DIR: /opt/hostedtoolcache/Python/3.11.12/x64
2025-06-08T02:00:45.0129164Z   Python2_ROOT_DIR: /opt/hostedtoolcache/Python/3.11.12/x64
2025-06-08T02:00:45.0129543Z   Python3_ROOT_DIR: /opt/hostedtoolcache/Python/3.11.12/x64
2025-06-08T02:00:45.0129919Z   LD_LIBRARY_PATH: /opt/hostedtoolcache/Python/3.11.12/x64/lib
2025-06-08T02:00:45.0130261Z ##[endgroup]
2025-06-08T02:00:45.1447654Z Get:1 file:/etc/apt/apt-mirrors.txt Mirrorlist [144 B]
2025-06-08T02:00:45.2476497Z Hit:2 http://azure.archive.ubuntu.com/ubuntu noble InRelease
2025-06-08T02:00:45.2515570Z Get:3 http://azure.archive.ubuntu.com/ubuntu noble-updates InRelease [126 kB]
2025-06-08T02:00:45.2584489Z Get:4 http://azure.archive.ubuntu.com/ubuntu noble-backports InRelease [126 kB]
2025-06-08T02:00:45.2587758Z Get:5 http://azure.archive.ubuntu.com/ubuntu noble-security InRelease [126 kB]
2025-06-08T02:00:45.2907141Z Get:6 https://packages.microsoft.com/repos/azure-cli noble InRelease [3564 B]
2025-06-08T02:00:45.3165633Z Get:7 https://packages.microsoft.com/ubuntu/24.04/prod noble InRelease [3600 B]
2025-06-08T02:00:45.4228015Z Get:8 http://azure.archive.ubuntu.com/ubuntu noble-updates/main amd64 Packages [1113 kB]
2025-06-08T02:00:45.4508033Z Get:9 http://azure.archive.ubuntu.com/ubuntu noble-updates/main Translation-en [237 kB]
2025-06-08T02:00:45.4566222Z Get:10 http://azure.archive.ubuntu.com/ubuntu noble-updates/main amd64 Components [161 kB]
2025-06-08T02:00:45.4625370Z Get:11 http://azure.archive.ubuntu.com/ubuntu noble-updates/universe amd64 Packages [1078 kB]
2025-06-08T02:00:45.4727575Z Get:12 http://azure.archive.ubuntu.com/ubuntu noble-updates/universe Translation-en [274 kB]
2025-06-08T02:00:45.4805556Z Get:13 http://azure.archive.ubuntu.com/ubuntu noble-updates/universe amd64 Components [376 kB]
2025-06-08T02:00:45.4863700Z Get:14 http://azure.archive.ubuntu.com/ubuntu noble-updates/restricted amd64 Packages [1172 kB]
2025-06-08T02:00:45.5021731Z Get:15 http://azure.archive.ubuntu.com/ubuntu noble-updates/restricted Translation-en [243 kB]
2025-06-08T02:00:45.5059122Z Get:16 http://azure.archive.ubuntu.com/ubuntu noble-updates/restricted amd64 Components [212 B]
2025-06-08T02:00:45.5072925Z Get:17 http://azure.archive.ubuntu.com/ubuntu noble-updates/multiverse amd64 Components [940 B]
2025-06-08T02:00:45.5536346Z Get:18 http://azure.archive.ubuntu.com/ubuntu noble-backports/main amd64 Packages [39.2 kB]
2025-06-08T02:00:45.5546703Z Get:19 http://azure.archive.ubuntu.com/ubuntu noble-backports/main amd64 Components [7092 B]
2025-06-08T02:00:45.5575038Z Get:20 http://azure.archive.ubuntu.com/ubuntu noble-backports/universe amd64 Packages [27.1 kB]
2025-06-08T02:00:45.5596434Z Get:21 http://azure.archive.ubuntu.com/ubuntu noble-backports/universe amd64 Components [16.4 kB]
2025-06-08T02:00:45.5628736Z Get:22 http://azure.archive.ubuntu.com/ubuntu noble-backports/restricted amd64 Components [216 B]
2025-06-08T02:00:45.5639972Z Get:23 http://azure.archive.ubuntu.com/ubuntu noble-backports/multiverse amd64 Components [212 B]
2025-06-08T02:00:45.5981063Z Get:24 http://azure.archive.ubuntu.com/ubuntu noble-security/main amd64 Packages [864 kB]
2025-06-08T02:00:45.6077041Z Get:25 http://azure.archive.ubuntu.com/ubuntu noble-security/main Translation-en [159 kB]
2025-06-08T02:00:45.6129263Z Get:26 http://azure.archive.ubuntu.com/ubuntu noble-security/main amd64 Components [21.6 kB]
2025-06-08T02:00:45.6176069Z Get:27 http://azure.archive.ubuntu.com/ubuntu noble-security/universe amd64 Packages [846 kB]
2025-06-08T02:00:45.6269907Z Get:28 http://azure.archive.ubuntu.com/ubuntu noble-security/universe Translation-en [185 kB]
2025-06-08T02:00:45.6330150Z Get:29 http://azure.archive.ubuntu.com/ubuntu noble-security/universe amd64 Components [52.2 kB]
2025-06-08T02:00:45.6355357Z Get:30 http://azure.archive.ubuntu.com/ubuntu noble-security/restricted amd64 Packages [1138 kB]
2025-06-08T02:00:45.6496185Z Get:31 http://azure.archive.ubuntu.com/ubuntu noble-security/restricted Translation-en [236 kB]
2025-06-08T02:00:45.6979535Z Get:32 http://azure.archive.ubuntu.com/ubuntu noble-security/restricted amd64 Components [212 B]
2025-06-08T02:00:45.6994571Z Get:33 http://azure.archive.ubuntu.com/ubuntu noble-security/multiverse amd64 Components [212 B]
2025-06-08T02:00:45.7330932Z Get:34 https://packages.microsoft.com/repos/azure-cli noble/main amd64 Packages [1377 B]
2025-06-08T02:00:45.8588978Z Get:35 https://packages.microsoft.com/ubuntu/24.04/prod noble/main armhf Packages [8426 B]
2025-06-08T02:00:45.8829309Z Get:36 https://packages.microsoft.com/ubuntu/24.04/prod noble/main arm64 Packages [20.9 kB]
2025-06-08T02:00:45.9010529Z Get:37 https://packages.microsoft.com/ubuntu/24.04/prod noble/main amd64 Packages [33.7 kB]
2025-06-08T02:00:49.6302808Z Fetched 8699 kB in 2s (5650 kB/s)
2025-06-08T02:00:50.2770281Z Reading package lists...
2025-06-08T02:00:50.3093624Z Reading package lists...
2025-06-08T02:00:50.4662207Z Building dependency tree...
2025-06-08T02:00:50.4670268Z Reading state information...
2025-06-08T02:00:50.6266461Z libdrm2 is already the newest version (2.4.122-1~ubuntu0.24.04.1).
2025-06-08T02:00:50.6271000Z libdrm2 set to manually installed.
2025-06-08T02:00:50.6275597Z libxkbcommon0 is already the newest version (1.6.0-1build1).
2025-06-08T02:00:50.6279859Z libxkbcommon0 set to manually installed.
2025-06-08T02:00:50.6281778Z libxss1 is already the newest version (1:1.2.3-1build3).
2025-06-08T02:00:50.6282676Z libxss1 set to manually installed.
2025-06-08T02:00:50.6283486Z libasound2t64 is already the newest version (1.2.11-1build2).
2025-06-08T02:00:50.6284449Z libasound2t64 set to manually installed.
2025-06-08T02:00:50.6285126Z The following additional packages will be installed:
2025-06-08T02:00:50.6285920Z   gir1.2-atk-1.0 gir1.2-atspi-2.0 gir1.2-freedesktop gir1.2-freedesktop-dev
2025-06-08T02:00:50.6287142Z   gir1.2-glib-2.0 gir1.2-glib-2.0-dev libatk1.0-dev libatspi2.0-dev
2025-06-08T02:00:50.6287960Z   libblkid-dev libdbus-1-dev libgirepository-2.0-0 libglib2.0-0t64
2025-06-08T02:00:50.6288799Z   libglib2.0-bin libglib2.0-data libglib2.0-dev libglib2.0-dev-bin
2025-06-08T02:00:50.6289644Z   libmount-dev libnspr4-dev libpthread-stubs0-dev libselinux1-dev libsepol-dev
2025-06-08T02:00:50.6290547Z   libx11-dev libxau-dev libxcb1-dev libxdmcp-dev libxext-dev libxfixes-dev
2025-06-08T02:00:50.6291385Z   libxi-dev libxtst-dev uuid-dev x11proto-dev xorg-sgml-doctools xtrans-dev
2025-06-08T02:00:50.6292011Z Suggested packages:
2025-06-08T02:00:50.6293711Z   low-memory-monitor libglib2.0-doc libgdk-pixbuf2.0-bin libxml2-utils
2025-06-08T02:00:50.6294738Z   libx11-doc libxcb-doc libxext-doc
2025-06-08T02:00:50.6584976Z The following NEW packages will be installed:
2025-06-08T02:00:50.6586978Z   gir1.2-atk-1.0 gir1.2-atspi-2.0 gir1.2-freedesktop gir1.2-freedesktop-dev
2025-06-08T02:00:50.6588629Z   gir1.2-glib-2.0-dev libatk-bridge2.0-dev libatk1.0-dev libatspi2.0-dev
2025-06-08T02:00:50.6590803Z   libblkid-dev libdbus-1-dev libgirepository-2.0-0 libglib2.0-dev
2025-06-08T02:00:50.6591839Z   libglib2.0-dev-bin libmount-dev libnspr4-dev libnss3-dev
2025-06-08T02:00:50.6593350Z   libpthread-stubs0-dev libselinux1-dev libsepol-dev libx11-dev libxau-dev
2025-06-08T02:00:50.6594695Z   libxcb1-dev libxdmcp-dev libxext-dev libxfixes-dev libxi-dev libxtst-dev
2025-06-08T02:00:50.6595836Z   uuid-dev x11proto-dev xorg-sgml-doctools xtrans-dev
2025-06-08T02:00:50.6598125Z The following packages will be upgraded:
2025-06-08T02:00:50.6603572Z   gir1.2-glib-2.0 libglib2.0-0t64 libglib2.0-bin libglib2.0-data
2025-06-08T02:00:50.6799075Z 4 upgraded, 31 newly installed, 0 to remove and 56 not upgraded.
2025-06-08T02:00:50.6803051Z Need to get 8404 kB of archives.
2025-06-08T02:00:50.6803816Z After this operation, 40.6 MB of additional disk space will be used.
2025-06-08T02:00:50.6804881Z Get:1 file:/etc/apt/apt-mirrors.txt Mirrorlist [144 B]
2025-06-08T02:00:50.7409878Z Get:2 http://azure.archive.ubuntu.com/ubuntu noble-updates/main amd64 libglib2.0-data all 2.80.0-6ubuntu3.4 [48.7 kB]
2025-06-08T02:00:50.7872155Z Get:3 http://azure.archive.ubuntu.com/ubuntu noble-updates/main amd64 libglib2.0-bin amd64 2.80.0-6ubuntu3.4 [97.9 kB]
2025-06-08T02:00:50.8317578Z Get:4 http://azure.archive.ubuntu.com/ubuntu noble-updates/main amd64 gir1.2-glib-2.0 amd64 2.80.0-6ubuntu3.4 [183 kB]
2025-06-08T02:00:50.8783424Z Get:5 http://azure.archive.ubuntu.com/ubuntu noble-updates/main amd64 libglib2.0-0t64 amd64 2.80.0-6ubuntu3.4 [1544 kB]
2025-06-08T02:00:51.0168407Z Get:6 http://azure.archive.ubuntu.com/ubuntu noble/main amd64 gir1.2-atk-1.0 amd64 2.52.0-1build1 [23.1 kB]
2025-06-08T02:00:51.0604551Z Get:7 http://azure.archive.ubuntu.com/ubuntu noble/main amd64 gir1.2-freedesktop amd64 1.80.1-1 [49.7 kB]
2025-06-08T02:00:51.1047026Z Get:8 http://azure.archive.ubuntu.com/ubuntu noble/main amd64 gir1.2-atspi-2.0 amd64 2.52.0-1build1 [19.8 kB]
2025-06-08T02:00:51.1483218Z Get:9 http://azure.archive.ubuntu.com/ubuntu noble-updates/main amd64 gir1.2-glib-2.0-dev amd64 2.80.0-6ubuntu3.4 [848 kB]
2025-06-08T02:00:51.2455884Z Get:10 http://azure.archive.ubuntu.com/ubuntu noble/main amd64 gir1.2-freedesktop-dev amd64 1.80.1-1 [28.8 kB]
2025-06-08T02:00:51.2899386Z Get:11 http://azure.archive.ubuntu.com/ubuntu noble-updates/main amd64 libglib2.0-dev-bin amd64 2.80.0-6ubuntu3.4 [138 kB]
2025-06-08T02:00:51.3352093Z Get:12 http://azure.archive.ubuntu.com/ubuntu noble-updates/main amd64 uuid-dev amd64 2.39.3-9ubuntu6.2 [33.5 kB]
2025-06-08T02:00:51.3823226Z Get:13 http://azure.archive.ubuntu.com/ubuntu noble-updates/main amd64 libblkid-dev amd64 2.39.3-9ubuntu6.2 [204 kB]
2025-06-08T02:00:51.4290209Z Get:14 http://azure.archive.ubuntu.com/ubuntu noble/main amd64 libsepol-dev amd64 3.5-2build1 [384 kB]
2025-06-08T02:00:51.4803460Z Get:15 http://azure.archive.ubuntu.com/ubuntu noble-updates/main amd64 libselinux1-dev amd64 3.5-2ubuntu2.1 [164 kB]
2025-06-08T02:00:51.5252913Z Get:16 http://azure.archive.ubuntu.com/ubuntu noble-updates/main amd64 libmount-dev amd64 2.39.3-9ubuntu6.2 [14.9 kB]
2025-06-08T02:00:51.5693403Z Get:17 http://azure.archive.ubuntu.com/ubuntu noble-updates/main amd64 libgirepository-2.0-0 amd64 2.80.0-6ubuntu3.4 [73.6 kB]
2025-06-08T02:00:51.6137773Z Get:18 http://azure.archive.ubuntu.com/ubuntu noble-updates/main amd64 libglib2.0-dev amd64 2.80.0-6ubuntu3.4 [1860 kB]
2025-06-08T02:00:51.7490629Z Get:19 http://azure.archive.ubuntu.com/ubuntu noble/main amd64 libatk1.0-dev amd64 2.52.0-1build1 [100 kB]
2025-06-08T02:00:51.7944544Z Get:20 http://azure.archive.ubuntu.com/ubuntu noble-updates/main amd64 libdbus-1-dev amd64 1.14.10-4ubuntu4.1 [190 kB]
2025-06-08T02:00:51.8397075Z Get:21 http://azure.archive.ubuntu.com/ubuntu noble/main amd64 xorg-sgml-doctools all 1:1.11-1.1 [10.9 kB]
2025-06-08T02:00:51.8836182Z Get:22 http://azure.archive.ubuntu.com/ubuntu noble/main amd64 x11proto-dev all 2023.2-1 [602 kB]
2025-06-08T02:00:51.9758808Z Get:23 http://azure.archive.ubuntu.com/ubuntu noble/main amd64 libxau-dev amd64 1:1.0.9-1build6 [9570 B]
2025-06-08T02:00:52.0192538Z Get:24 http://azure.archive.ubuntu.com/ubuntu noble/main amd64 libxdmcp-dev amd64 1:1.1.3-0ubuntu6 [26.5 kB]
2025-06-08T02:00:52.0628747Z Get:25 http://azure.archive.ubuntu.com/ubuntu noble/main amd64 xtrans-dev all 1.4.0-1 [68.9 kB]
2025-06-08T02:00:52.1069675Z Get:26 http://azure.archive.ubuntu.com/ubuntu noble/main amd64 libpthread-stubs0-dev amd64 0.4-1build3 [4746 B]
2025-06-08T02:00:52.1505102Z Get:27 http://azure.archive.ubuntu.com/ubuntu noble/main amd64 libxcb1-dev amd64 1.15-1ubuntu2 [85.8 kB]
2025-06-08T02:00:52.1946837Z Get:28 http://azure.archive.ubuntu.com/ubuntu noble/main amd64 libx11-dev amd64 2:1.8.7-1build1 [732 kB]
2025-06-08T02:00:52.2840537Z Get:29 http://azure.archive.ubuntu.com/ubuntu noble/main amd64 libxext-dev amd64 2:1.3.4-1build2 [83.5 kB]
2025-06-08T02:00:52.3282882Z Get:30 http://azure.archive.ubuntu.com/ubuntu noble/main amd64 libxfixes-dev amd64 1:6.0.0-2build1 [12.1 kB]
2025-06-08T02:00:52.3796014Z Get:31 http://azure.archive.ubuntu.com/ubuntu noble/main amd64 libxi-dev amd64 2:1.8.1-1build1 [194 kB]
2025-06-08T02:00:52.4260436Z Get:32 http://azure.archive.ubuntu.com/ubuntu noble/main amd64 libxtst-dev amd64 2:1.2.3-1.1build1 [15.9 kB]
2025-06-08T02:00:52.4701376Z Get:33 http://azure.archive.ubuntu.com/ubuntu noble/main amd64 libatspi2.0-dev amd64 2.52.0-1build1 [76.2 kB]
2025-06-08T02:00:52.5141837Z Get:34 http://azure.archive.ubuntu.com/ubuntu noble/main amd64 libatk-bridge2.0-dev amd64 2.52.0-1build1 [4284 B]
2025-06-08T02:00:52.5589676Z Get:35 http://azure.archive.ubuntu.com/ubuntu noble/main amd64 libnspr4-dev amd64 2:4.35-1.1build1 [219 kB]
2025-06-08T02:00:52.6045354Z Get:36 http://azure.archive.ubuntu.com/ubuntu noble/main amd64 libnss3-dev amd64 2:3.98-1build1 [253 kB]
2025-06-08T02:00:52.8935091Z Fetched 8404 kB in 2s (4335 kB/s)
2025-06-08T02:00:52.9391808Z (Reading database ... 
2025-06-08T02:00:52.9393371Z (Reading database ... 5%
2025-06-08T02:00:52.9394410Z (Reading database ... 10%
2025-06-08T02:00:52.9395061Z (Reading database ... 15%
2025-06-08T02:00:52.9395494Z (Reading database ... 20%
2025-06-08T02:00:52.9395920Z (Reading database ... 25%
2025-06-08T02:00:52.9396328Z (Reading database ... 30%
2025-06-08T02:00:52.9396763Z (Reading database ... 35%
2025-06-08T02:00:52.9397185Z (Reading database ... 40%
2025-06-08T02:00:52.9397602Z (Reading database ... 45%
2025-06-08T02:00:52.9398012Z (Reading database ... 50%
2025-06-08T02:00:52.9557337Z (Reading database ... 55%
2025-06-08T02:00:53.0118839Z (Reading database ... 60%
2025-06-08T02:00:53.0451715Z (Reading database ... 65%
2025-06-08T02:00:53.0749151Z (Reading database ... 70%
2025-06-08T02:00:53.1003352Z (Reading database ... 75%
2025-06-08T02:00:53.1546305Z (Reading database ... 80%
2025-06-08T02:00:53.1929592Z (Reading database ... 85%
2025-06-08T02:00:53.3066651Z (Reading database ... 90%
2025-06-08T02:00:53.3682802Z (Reading database ... 95%
2025-06-08T02:00:53.3684305Z (Reading database ... 100%
2025-06-08T02:00:53.3684990Z (Reading database ... 222694 files and directories currently installed.)
2025-06-08T02:00:53.3728222Z Preparing to unpack .../00-libglib2.0-data_2.80.0-6ubuntu3.4_all.deb ...
2025-06-08T02:00:53.3813149Z Unpacking libglib2.0-data (2.80.0-6ubuntu3.4) over (2.80.0-6ubuntu3.2) ...
2025-06-08T02:00:53.4281913Z Preparing to unpack .../01-libglib2.0-bin_2.80.0-6ubuntu3.4_amd64.deb ...
2025-06-08T02:00:53.4333969Z Unpacking libglib2.0-bin (2.80.0-6ubuntu3.4) over (2.80.0-6ubuntu3.2) ...
2025-06-08T02:00:53.4958616Z Preparing to unpack .../02-gir1.2-glib-2.0_2.80.0-6ubuntu3.4_amd64.deb ...
2025-06-08T02:00:53.5043270Z Unpacking gir1.2-glib-2.0:amd64 (2.80.0-6ubuntu3.4) over (2.80.0-6ubuntu3.2) ...
2025-06-08T02:00:53.5585490Z Preparing to unpack .../03-libglib2.0-0t64_2.80.0-6ubuntu3.4_amd64.deb ...
2025-06-08T02:00:53.5673010Z Unpacking libglib2.0-0t64:amd64 (2.80.0-6ubuntu3.4) over (2.80.0-6ubuntu3.2) ...
2025-06-08T02:00:53.6195346Z Selecting previously unselected package gir1.2-atk-1.0:amd64.
2025-06-08T02:00:53.6333713Z Preparing to unpack .../04-gir1.2-atk-1.0_2.52.0-1build1_amd64.deb ...
2025-06-08T02:00:53.6346404Z Unpacking gir1.2-atk-1.0:amd64 (2.52.0-1build1) ...
2025-06-08T02:00:53.6566222Z Selecting previously unselected package gir1.2-freedesktop:amd64.
2025-06-08T02:00:53.6701363Z Preparing to unpack .../05-gir1.2-freedesktop_1.80.1-1_amd64.deb ...
2025-06-08T02:00:53.6722407Z Unpacking gir1.2-freedesktop:amd64 (1.80.1-1) ...
2025-06-08T02:00:53.7016059Z Selecting previously unselected package gir1.2-atspi-2.0:amd64.
2025-06-08T02:00:53.7151083Z Preparing to unpack .../06-gir1.2-atspi-2.0_2.52.0-1build1_amd64.deb ...
2025-06-08T02:00:53.7165581Z Unpacking gir1.2-atspi-2.0:amd64 (2.52.0-1build1) ...
2025-06-08T02:00:53.7483063Z Selecting previously unselected package gir1.2-glib-2.0-dev:amd64.
2025-06-08T02:00:53.7617988Z Preparing to unpack .../07-gir1.2-glib-2.0-dev_2.80.0-6ubuntu3.4_amd64.deb ...
2025-06-08T02:00:53.7639202Z Unpacking gir1.2-glib-2.0-dev:amd64 (2.80.0-6ubuntu3.4) ...
2025-06-08T02:00:53.8239926Z Selecting previously unselected package gir1.2-freedesktop-dev:amd64.
2025-06-08T02:00:53.8377563Z Preparing to unpack .../08-gir1.2-freedesktop-dev_1.80.1-1_amd64.deb ...
2025-06-08T02:00:53.8386747Z Unpacking gir1.2-freedesktop-dev:amd64 (1.80.1-1) ...
2025-06-08T02:00:53.8675062Z Selecting previously unselected package libglib2.0-dev-bin.
2025-06-08T02:00:53.8813347Z Preparing to unpack .../09-libglib2.0-dev-bin_2.80.0-6ubuntu3.4_amd64.deb ...
2025-06-08T02:00:53.8829329Z Unpacking libglib2.0-dev-bin (2.80.0-6ubuntu3.4) ...
2025-06-08T02:00:53.9240474Z Selecting previously unselected package uuid-dev:amd64.
2025-06-08T02:00:53.9379999Z Preparing to unpack .../10-uuid-dev_2.39.3-9ubuntu6.2_amd64.deb ...
2025-06-08T02:00:53.9396362Z Unpacking uuid-dev:amd64 (2.39.3-9ubuntu6.2) ...
2025-06-08T02:00:53.9874347Z Selecting previously unselected package libblkid-dev:amd64.
2025-06-08T02:00:54.0010259Z Preparing to unpack .../11-libblkid-dev_2.39.3-9ubuntu6.2_amd64.deb ...
2025-06-08T02:00:54.0030298Z Unpacking libblkid-dev:amd64 (2.39.3-9ubuntu6.2) ...
2025-06-08T02:00:54.0362743Z Selecting previously unselected package libsepol-dev:amd64.
2025-06-08T02:00:54.0499933Z Preparing to unpack .../12-libsepol-dev_3.5-2build1_amd64.deb ...
2025-06-08T02:00:54.0513348Z Unpacking libsepol-dev:amd64 (3.5-2build1) ...
2025-06-08T02:00:54.0882493Z Selecting previously unselected package libselinux1-dev:amd64.
2025-06-08T02:00:54.1021739Z Preparing to unpack .../13-libselinux1-dev_3.5-2ubuntu2.1_amd64.deb ...
2025-06-08T02:00:54.1034626Z Unpacking libselinux1-dev:amd64 (3.5-2ubuntu2.1) ...
2025-06-08T02:00:54.1498471Z Selecting previously unselected package libmount-dev:amd64.
2025-06-08T02:00:54.1638016Z Preparing to unpack .../14-libmount-dev_2.39.3-9ubuntu6.2_amd64.deb ...
2025-06-08T02:00:54.1653210Z Unpacking libmount-dev:amd64 (2.39.3-9ubuntu6.2) ...
2025-06-08T02:00:54.1887980Z Selecting previously unselected package libgirepository-2.0-0:amd64.
2025-06-08T02:00:54.2025237Z Preparing to unpack .../15-libgirepository-2.0-0_2.80.0-6ubuntu3.4_amd64.deb ...
2025-06-08T02:00:54.2046445Z Unpacking libgirepository-2.0-0:amd64 (2.80.0-6ubuntu3.4) ...
2025-06-08T02:00:54.2298965Z Selecting previously unselected package libglib2.0-dev:amd64.
2025-06-08T02:00:54.2433123Z Preparing to unpack .../16-libglib2.0-dev_2.80.0-6ubuntu3.4_amd64.deb ...
2025-06-08T02:00:54.2450785Z Unpacking libglib2.0-dev:amd64 (2.80.0-6ubuntu3.4) ...
2025-06-08T02:00:54.3625956Z Selecting previously unselected package libatk1.0-dev:amd64.
2025-06-08T02:00:54.3760731Z Preparing to unpack .../17-libatk1.0-dev_2.52.0-1build1_amd64.deb ...
2025-06-08T02:00:54.3777106Z Unpacking libatk1.0-dev:amd64 (2.52.0-1build1) ...
2025-06-08T02:00:54.4138828Z Selecting previously unselected package libdbus-1-dev:amd64.
2025-06-08T02:00:54.4274424Z Preparing to unpack .../18-libdbus-1-dev_1.14.10-4ubuntu4.1_amd64.deb ...
2025-06-08T02:00:54.4285148Z Unpacking libdbus-1-dev:amd64 (1.14.10-4ubuntu4.1) ...
2025-06-08T02:00:54.4644432Z Selecting previously unselected package xorg-sgml-doctools.
2025-06-08T02:00:54.4783429Z Preparing to unpack .../19-xorg-sgml-doctools_1%3a1.11-1.1_all.deb ...
2025-06-08T02:00:54.4794730Z Unpacking xorg-sgml-doctools (1:1.11-1.1) ...
2025-06-08T02:00:54.5076196Z Selecting previously unselected package x11proto-dev.
2025-06-08T02:00:54.5207209Z Preparing to unpack .../20-x11proto-dev_2023.2-1_all.deb ...
2025-06-08T02:00:54.5235080Z Unpacking x11proto-dev (2023.2-1) ...
2025-06-08T02:00:54.5838343Z Selecting previously unselected package libxau-dev:amd64.
2025-06-08T02:00:54.5976523Z Preparing to unpack .../21-libxau-dev_1%3a1.0.9-1build6_amd64.deb ...
2025-06-08T02:00:54.5987848Z Unpacking libxau-dev:amd64 (1:1.0.9-1build6) ...
2025-06-08T02:00:54.6222478Z Selecting previously unselected package libxdmcp-dev:amd64.
2025-06-08T02:00:54.6355693Z Preparing to unpack .../22-libxdmcp-dev_1%3a1.1.3-0ubuntu6_amd64.deb ...
2025-06-08T02:00:54.6364889Z Unpacking libxdmcp-dev:amd64 (1:1.1.3-0ubuntu6) ...
2025-06-08T02:00:54.6583619Z Selecting previously unselected package xtrans-dev.
2025-06-08T02:00:54.6719705Z Preparing to unpack .../23-xtrans-dev_1.4.0-1_all.deb ...
2025-06-08T02:00:54.6734383Z Unpacking xtrans-dev (1.4.0-1) ...
2025-06-08T02:00:54.7008593Z Selecting previously unselected package libpthread-stubs0-dev:amd64.
2025-06-08T02:00:54.7142430Z Preparing to unpack .../24-libpthread-stubs0-dev_0.4-1build3_amd64.deb ...
2025-06-08T02:00:54.7165329Z Unpacking libpthread-stubs0-dev:amd64 (0.4-1build3) ...
2025-06-08T02:00:54.7409147Z Selecting previously unselected package libxcb1-dev:amd64.
2025-06-08T02:00:54.7543335Z Preparing to unpack .../25-libxcb1-dev_1.15-1ubuntu2_amd64.deb ...
2025-06-08T02:00:54.7553259Z Unpacking libxcb1-dev:amd64 (1.15-1ubuntu2) ...
2025-06-08T02:00:54.7814731Z Selecting previously unselected package libx11-dev:amd64.
2025-06-08T02:00:54.7947923Z Preparing to unpack .../26-libx11-dev_2%3a1.8.7-1build1_amd64.deb ...
2025-06-08T02:00:54.7957829Z Unpacking libx11-dev:amd64 (2:1.8.7-1build1) ...
2025-06-08T02:00:54.8315042Z Selecting previously unselected package libxext-dev:amd64.
2025-06-08T02:00:54.8451117Z Preparing to unpack .../27-libxext-dev_2%3a1.3.4-1build2_amd64.deb ...
2025-06-08T02:00:54.8468185Z Unpacking libxext-dev:amd64 (2:1.3.4-1build2) ...
2025-06-08T02:00:54.8821180Z Selecting previously unselected package libxfixes-dev:amd64.
2025-06-08T02:00:54.8958547Z Preparing to unpack .../28-libxfixes-dev_1%3a6.0.0-2build1_amd64.deb ...
2025-06-08T02:00:54.8972157Z Unpacking libxfixes-dev:amd64 (1:6.0.0-2build1) ...
2025-06-08T02:00:54.9209466Z Selecting previously unselected package libxi-dev:amd64.
2025-06-08T02:00:54.9344396Z Preparing to unpack .../29-libxi-dev_2%3a1.8.1-1build1_amd64.deb ...
2025-06-08T02:00:54.9379177Z Unpacking libxi-dev:amd64 (2:1.8.1-1build1) ...
2025-06-08T02:00:54.9731031Z Selecting previously unselected package libxtst-dev:amd64.
2025-06-08T02:00:54.9867220Z Preparing to unpack .../30-libxtst-dev_2%3a1.2.3-1.1build1_amd64.deb ...
2025-06-08T02:00:54.9883060Z Unpacking libxtst-dev:amd64 (2:1.2.3-1.1build1) ...
2025-06-08T02:00:55.0146452Z Selecting previously unselected package libatspi2.0-dev:amd64.
2025-06-08T02:00:55.0280141Z Preparing to unpack .../31-libatspi2.0-dev_2.52.0-1build1_amd64.deb ...
2025-06-08T02:00:55.0290286Z Unpacking libatspi2.0-dev:amd64 (2.52.0-1build1) ...
2025-06-08T02:00:55.0628820Z Selecting previously unselected package libatk-bridge2.0-dev:amd64.
2025-06-08T02:00:55.0763669Z Preparing to unpack .../32-libatk-bridge2.0-dev_2.52.0-1build1_amd64.deb ...
2025-06-08T02:00:55.0773250Z Unpacking libatk-bridge2.0-dev:amd64 (2.52.0-1build1) ...
2025-06-08T02:00:55.0993307Z Selecting previously unselected package libnspr4-dev.
2025-06-08T02:00:55.1128282Z Preparing to unpack .../33-libnspr4-dev_2%3a4.35-1.1build1_amd64.deb ...
2025-06-08T02:00:55.1143372Z Unpacking libnspr4-dev (2:4.35-1.1build1) ...
2025-06-08T02:00:55.1549971Z Selecting previously unselected package libnss3-dev:amd64.
2025-06-08T02:00:55.1687513Z Preparing to unpack .../34-libnss3-dev_2%3a3.98-1build1_amd64.deb ...
2025-06-08T02:00:55.1701023Z Unpacking libnss3-dev:amd64 (2:3.98-1build1) ...
2025-06-08T02:00:55.2359475Z Setting up libnspr4-dev (2:4.35-1.1build1) ...
2025-06-08T02:00:55.2399506Z Setting up libpthread-stubs0-dev:amd64 (0.4-1build3) ...
2025-06-08T02:00:55.2466240Z Setting up xtrans-dev (1.4.0-1) ...
2025-06-08T02:00:55.2509314Z Setting up libglib2.0-0t64:amd64 (2.80.0-6ubuntu3.4) ...
2025-06-08T02:00:55.2651196Z Setting up libglib2.0-data (2.80.0-6ubuntu3.4) ...
2025-06-08T02:00:55.2695495Z Setting up libdbus-1-dev:amd64 (1.14.10-4ubuntu4.1) ...
2025-06-08T02:00:55.4248123Z Setting up uuid-dev:amd64 (2.39.3-9ubuntu6.2) ...
2025-06-08T02:00:55.4281635Z Setting up libsepol-dev:amd64 (3.5-2build1) ...
2025-06-08T02:00:55.4326137Z Setting up gir1.2-glib-2.0:amd64 (2.80.0-6ubuntu3.4) ...
2025-06-08T02:00:55.4357616Z Setting up libnss3-dev:amd64 (2:3.98-1build1) ...
2025-06-08T02:00:55.4396415Z Setting up gir1.2-glib-2.0-dev:amd64 (2.80.0-6ubuntu3.4) ...
2025-06-08T02:00:55.4436756Z Setting up xorg-sgml-doctools (1:1.11-1.1) ...
2025-06-08T02:00:55.4476586Z Setting up libglib2.0-dev-bin (2.80.0-6ubuntu3.4) ...
2025-06-08T02:00:55.6047028Z Setting up libblkid-dev:amd64 (2.39.3-9ubuntu6.2) ...
2025-06-08T02:00:55.6087002Z Setting up gir1.2-freedesktop:amd64 (1.80.1-1) ...
2025-06-08T02:00:55.6125916Z Setting up libgirepository-2.0-0:amd64 (2.80.0-6ubuntu3.4) ...
2025-06-08T02:00:55.6168920Z Setting up gir1.2-atk-1.0:amd64 (2.52.0-1build1) ...
2025-06-08T02:00:55.6203037Z Setting up libselinux1-dev:amd64 (3.5-2ubuntu2.1) ...
2025-06-08T02:00:55.6247677Z Setting up libglib2.0-bin (2.80.0-6ubuntu3.4) ...
2025-06-08T02:00:55.6280834Z Setting up gir1.2-atspi-2.0:amd64 (2.52.0-1build1) ...
2025-06-08T02:00:55.6338226Z Setting up gir1.2-freedesktop-dev:amd64 (1.80.1-1) ...
2025-06-08T02:00:55.6367681Z Setting up libmount-dev:amd64 (2.39.3-9ubuntu6.2) ...
2025-06-08T02:00:55.6411050Z Setting up libglib2.0-dev:amd64 (2.80.0-6ubuntu3.4) ...
2025-06-08T02:00:55.6449609Z Setting up libatk1.0-dev:amd64 (2.52.0-1build1) ...
2025-06-08T02:00:55.6548305Z Processing triggers for libc-bin (2.39-0ubuntu8.4) ...
2025-06-08T02:00:55.7089233Z Processing triggers for man-db (2.12.0-4build2) ...
2025-06-08T02:01:06.2378363Z Processing triggers for sgml-base (1.31) ...
2025-06-08T02:01:06.2531541Z Setting up x11proto-dev (2023.2-1) ...
2025-06-08T02:01:06.2570511Z Setting up libxau-dev:amd64 (1:1.0.9-1build6) ...
2025-06-08T02:01:06.2612101Z Setting up libxdmcp-dev:amd64 (1:1.1.3-0ubuntu6) ...
2025-06-08T02:01:06.2649461Z Setting up libxcb1-dev:amd64 (1.15-1ubuntu2) ...
2025-06-08T02:01:06.2677932Z Setting up libx11-dev:amd64 (2:1.8.7-1build1) ...
2025-06-08T02:01:06.2712611Z Setting up libxfixes-dev:amd64 (1:6.0.0-2build1) ...
2025-06-08T02:01:06.2741555Z Setting up libxext-dev:amd64 (2:1.3.4-1build2) ...
2025-06-08T02:01:06.2773562Z Setting up libxi-dev:amd64 (2:1.8.1-1build1) ...
2025-06-08T02:01:06.2801888Z Setting up libxtst-dev:amd64 (2:1.2.3-1.1build1) ...
2025-06-08T02:01:06.2839346Z Setting up libatspi2.0-dev:amd64 (2.52.0-1build1) ...
2025-06-08T02:01:06.2870593Z Setting up libatk-bridge2.0-dev:amd64 (2.52.0-1build1) ...
2025-06-08T02:01:06.8355564Z 
2025-06-08T02:01:06.8356554Z Running kernel seems to be up-to-date.
2025-06-08T02:01:06.8357218Z 
2025-06-08T02:01:06.8357931Z Restarting services...
2025-06-08T02:01:06.8863321Z  systemctl restart packagekit.service php8.3-fpm.service polkit.service udisks2.service
2025-06-08T02:01:07.0892581Z 
2025-06-08T02:01:07.0898035Z Service restarts being deferred:
2025-06-08T02:01:07.0899569Z  systemctl restart ModemManager.service
2025-06-08T02:01:07.0914844Z  systemctl restart hosted-compute-agent.service
2025-06-08T02:01:07.0915863Z  systemctl restart networkd-dispatcher.service
2025-06-08T02:01:07.0916425Z 
2025-06-08T02:01:07.0916865Z No containers need to be restarted.
2025-06-08T02:01:07.0917416Z 
2025-06-08T02:01:07.0917893Z No user sessions are running outdated binaries.
2025-06-08T02:01:07.0918491Z 
2025-06-08T02:01:07.0919129Z No VM guests are running outdated hypervisor (qemu) binaries on this host.
2025-06-08T02:01:07.9139834Z ##[group]Run npm ci
2025-06-08T02:01:07.9140089Z [36;1mnpm ci[0m
2025-06-08T02:01:07.9191775Z shell: /usr/bin/bash -e {0}
2025-06-08T02:01:07.9192035Z env:
2025-06-08T02:01:07.9192241Z   NODE_VERSION: 18
2025-06-08T02:01:07.9192452Z   PYTHON_VERSION: 3.11
2025-06-08T02:01:07.9192738Z   pythonLocation: /opt/hostedtoolcache/Python/3.11.12/x64
2025-06-08T02:01:07.9193163Z   PKG_CONFIG_PATH: /opt/hostedtoolcache/Python/3.11.12/x64/lib/pkgconfig
2025-06-08T02:01:07.9193570Z   Python_ROOT_DIR: /opt/hostedtoolcache/Python/3.11.12/x64
2025-06-08T02:01:07.9193932Z   Python2_ROOT_DIR: /opt/hostedtoolcache/Python/3.11.12/x64
2025-06-08T02:01:07.9194669Z   Python3_ROOT_DIR: /opt/hostedtoolcache/Python/3.11.12/x64
2025-06-08T02:01:07.9195178Z   LD_LIBRARY_PATH: /opt/hostedtoolcache/Python/3.11.12/x64/lib
2025-06-08T02:01:07.9195489Z ##[endgroup]
2025-06-08T02:01:10.1769510Z npm warn EBADENGINE Unsupported engine {
2025-06-08T02:01:10.1771788Z npm warn EBADENGINE   package: 'commander@14.0.0',
2025-06-08T02:01:10.1773841Z npm warn EBADENGINE   required: { node: '>=20' },
2025-06-08T02:01:10.1776167Z npm warn EBADENGINE   current: { node: 'v18.20.8', npm: '10.8.2' }
2025-06-08T02:01:10.1778449Z npm warn EBADENGINE }
2025-06-08T02:01:12.7345808Z npm warn deprecated inflight@1.0.6: This module is not supported, and leaks memory. Do not use it. Check out lru-cache if you want a good and tested way to coalesce async requests by a key value, which is much more comprehensive and powerful.
2025-06-08T02:01:12.9149792Z npm warn deprecated lodash.isequal@4.5.0: This package is deprecated. Use require('node:util').isDeepStrictEqual instead.
2025-06-08T02:01:13.0935302Z npm warn deprecated glob@7.2.3: Glob versions prior to v9 are no longer supported
2025-06-08T02:01:13.3416957Z npm warn deprecated boolean@3.2.0: Package no longer supported. Contact Support at https://www.npmjs.com/support for more info.
2025-06-08T02:01:19.9581660Z 
2025-06-08T02:01:19.9582768Z added 751 packages, and audited 752 packages in 12s
2025-06-08T02:01:19.9583724Z 
2025-06-08T02:01:19.9585700Z 89 packages are looking for funding
2025-06-08T02:01:19.9586454Z   run `npm fund` for details
2025-06-08T02:01:19.9599150Z 
2025-06-08T02:01:19.9599788Z found 0 vulnerabilities
2025-06-08T02:01:19.9968476Z ##[group]Run npm run build:linux
2025-06-08T02:01:19.9968786Z [36;1mnpm run build:linux[0m
2025-06-08T02:01:20.0018779Z shell: /usr/bin/bash -e {0}
2025-06-08T02:01:20.0019023Z env:
2025-06-08T02:01:20.0019203Z   NODE_VERSION: 18
2025-06-08T02:01:20.0019414Z   PYTHON_VERSION: 3.11
2025-06-08T02:01:20.0019707Z   pythonLocation: /opt/hostedtoolcache/Python/3.11.12/x64
2025-06-08T02:01:20.0020133Z   PKG_CONFIG_PATH: /opt/hostedtoolcache/Python/3.11.12/x64/lib/pkgconfig
2025-06-08T02:01:20.0020561Z   Python_ROOT_DIR: /opt/hostedtoolcache/Python/3.11.12/x64
2025-06-08T02:01:20.0020937Z   Python2_ROOT_DIR: /opt/hostedtoolcache/Python/3.11.12/x64
2025-06-08T02:01:20.0021320Z   Python3_ROOT_DIR: /opt/hostedtoolcache/Python/3.11.12/x64
2025-06-08T02:01:20.0021691Z   LD_LIBRARY_PATH: /opt/hostedtoolcache/Python/3.11.12/x64/lib
2025-06-08T02:01:20.0022166Z   GH_TOKEN: ***
2025-06-08T02:01:20.0022368Z ##[endgroup]
2025-06-08T02:01:20.1381732Z 
2025-06-08T02:01:20.1384232Z > aideon-ai-lite@1.0.0 build:linux
2025-06-08T02:01:20.1386603Z > npm run package:linux
2025-06-08T02:01:20.1386892Z 
2025-06-08T02:01:20.2805217Z 
2025-06-08T02:01:20.2806169Z > aideon-ai-lite@1.0.0 package:linux
2025-06-08T02:01:20.2807058Z > electron-builder --linux
2025-06-08T02:01:20.2808579Z 
2025-06-08T02:01:20.8580000Z   • electron-builder  version=24.13.3 os=6.11.0-1014-azure
2025-06-08T02:01:20.8586023Z   • publishing will be skipped  reason=current build is a part of pull request solution=set env PUBLISH_FOR_PULL_REQUEST to true to force code signing
2025-06-08T02:01:20.8593617Z There are serious security concerns with PUBLISH_FOR_PULL_REQUEST=true (see the  CircleCI documentation (https://circleci.com/docs/1.0/fork-pr-builds/) for details)
2025-06-08T02:01:20.8596300Z If you have SSH keys, sensitive env vars or AWS credentials stored in your project settings and untrusted forks can make pull requests against your repo, then this option isn't for you.
2025-06-08T02:01:20.8645218Z   • loaded configuration  file=package.json ("build" field)
2025-06-08T02:01:21.0786416Z   • packaging       platform=linux arch=x64 electron=28.3.3 appOutDir=dist/linux-unpacked
2025-06-08T02:01:21.3982974Z   • downloading     url=https://github.com/electron/electron/releases/download/v28.3.3/electron-v28.3.3-linux-x64.zip size=102 MB parts=4
2025-06-08T02:01:22.4287904Z   • downloaded      url=https://github.com/electron/electron/releases/download/v28.3.3/electron-v28.3.3-linux-x64.zip duration=1.344s
2025-06-08T02:01:26.9154964Z   • building        target=AppImage arch=x64 file=dist/Aideon AI Lite-1.0.0.AppImage
2025-06-08T02:01:27.4202888Z   • downloading     url=https://github.com/electron-userland/electron-builder-binaries/releases/download/appimage-12.0.1/appimage-12.0.1.7z size=1.6 MB parts=1
2025-06-08T02:01:27.7010512Z   • downloaded      url=https://github.com/electron-userland/electron-builder-binaries/releases/download/appimage-12.0.1/appimage-12.0.1.7z duration=700ms
2025-06-08T02:01:42.2916962Z   • building        target=deb arch=x64 file=dist/aideon-ai-lite_1.0.0_amd64.deb
2025-06-08T02:01:42.2945016Z   • adding autoupdate files for: deb. (Beta feature)  resourceDir=/home/runner/work/ApexAgent/ApexAgent/dist/linux-unpacked/resources
2025-06-08T02:01:42.6955434Z   • downloading     url=https://github.com/electron-userland/electron-builder-binaries/releases/download/fpm-1.9.3-2.3.1-linux-x86_64/fpm-1.9.3-2.3.1-linux-x86_64.7z size=5.0 MB parts=1
2025-06-08T02:01:42.9983964Z   • downloaded      url=https://github.com/electron-userland/electron-builder-binaries/releases/download/fpm-1.9.3-2.3.1-linux-x86_64/fpm-1.9.3-2.3.1-linux-x86_64.7z duration=695ms
2025-06-08T02:03:14.5791290Z ##[group]Run actions/upload-artifact@v4
2025-06-08T02:03:14.5791607Z with:
2025-06-08T02:03:14.5791802Z   name: linux-installer
2025-06-08T02:03:14.5792035Z   path: dist/*.AppImage
dist/*.deb

2025-06-08T02:03:14.5792297Z   retention-days: 30
2025-06-08T02:03:14.5792512Z   if-no-files-found: warn
2025-06-08T02:03:14.5792753Z   compression-level: 6
2025-06-08T02:03:14.5792959Z   overwrite: false
2025-06-08T02:03:14.5793162Z   include-hidden-files: false
2025-06-08T02:03:14.5793379Z env:
2025-06-08T02:03:14.5793549Z   NODE_VERSION: 18
2025-06-08T02:03:14.5793740Z   PYTHON_VERSION: 3.11
2025-06-08T02:03:14.5794234Z   pythonLocation: /opt/hostedtoolcache/Python/3.11.12/x64
2025-06-08T02:03:14.5794757Z   PKG_CONFIG_PATH: /opt/hostedtoolcache/Python/3.11.12/x64/lib/pkgconfig
2025-06-08T02:03:14.5795167Z   Python_ROOT_DIR: /opt/hostedtoolcache/Python/3.11.12/x64
2025-06-08T02:03:14.5795541Z   Python2_ROOT_DIR: /opt/hostedtoolcache/Python/3.11.12/x64
2025-06-08T02:03:14.5795947Z   Python3_ROOT_DIR: /opt/hostedtoolcache/Python/3.11.12/x64
2025-06-08T02:03:14.5796328Z   LD_LIBRARY_PATH: /opt/hostedtoolcache/Python/3.11.12/x64/lib
2025-06-08T02:03:14.5796628Z ##[endgroup]
2025-06-08T02:03:14.8139230Z With the provided path, there will be 2 files uploaded
2025-06-08T02:03:14.8143975Z Artifact name is valid!
2025-06-08T02:03:14.8146889Z Root directory input is valid!
2025-06-08T02:03:15.0018834Z Beginning upload of artifact content to blob storage
2025-06-08T02:03:16.0136209Z Uploaded bytes 8388608
2025-06-08T02:03:16.1748835Z Uploaded bytes 16777216
2025-06-08T02:03:16.5011719Z Uploaded bytes 25165824
2025-06-08T02:03:16.5727820Z Uploaded bytes 33554432
2025-06-08T02:03:16.7846588Z Uploaded bytes 41943040
2025-06-08T02:03:17.0843174Z Uploaded bytes 50331648
2025-06-08T02:03:17.4332078Z Uploaded bytes 58720256
2025-06-08T02:03:17.6998504Z Uploaded bytes 67108864
2025-06-08T02:03:18.0430410Z Uploaded bytes 75497472
2025-06-08T02:03:18.4815057Z Uploaded bytes 83886080
2025-06-08T02:03:18.7562733Z Uploaded bytes 92274688
2025-06-08T02:03:19.1431364Z Uploaded bytes 100663296
2025-06-08T02:03:19.5874441Z Uploaded bytes 109051904
2025-06-08T02:03:20.0708318Z Uploaded bytes 117440512
2025-06-08T02:03:20.1458389Z Uploaded bytes 125829120
2025-06-08T02:03:20.6015678Z Uploaded bytes 134217728
2025-06-08T02:03:20.8466050Z Uploaded bytes 142606336
2025-06-08T02:03:21.3022667Z Uploaded bytes 150994944
2025-06-08T02:03:21.5934645Z Uploaded bytes 159383552
2025-06-08T02:03:21.7606849Z Uploaded bytes 167772160
2025-06-08T02:03:22.0286387Z Uploaded bytes 176160768
2025-06-08T02:03:22.2463891Z Uploaded bytes 184323420
2025-06-08T02:03:22.2880260Z Finished uploading artifact content to blob storage!
2025-06-08T02:03:22.2885288Z SHA256 digest of uploaded artifact zip is f45d732fbe45d6e23191cde92bd8e152780f6f302fa44a4be53e2eb3db013caf
2025-06-08T02:03:22.2890204Z Finalizing artifact upload
2025-06-08T02:03:22.4618642Z Artifact linux-installer.zip successfully finalized. Artifact ID 3282506710
2025-06-08T02:03:22.4621515Z Artifact linux-installer has been successfully uploaded! Final size is 184323420 bytes. Artifact ID is 3282506710
2025-06-08T02:03:22.4629829Z Artifact download URL: https://github.com/AllienNova/ApexAgent/actions/runs/15513789182/artifacts/3282506710
2025-06-08T02:03:22.4800372Z Post job cleanup.
2025-06-08T02:03:22.6700187Z Post job cleanup.
2025-06-08T02:03:22.8340465Z Cache hit occurred on the primary key node-cache-Linux-x64-npm-c6cb0da915ce3cfbe58b0816291a9709583c11ac9c1e082b01e1bb5d530e3621, not saving cache.
2025-06-08T02:03:22.8441067Z Post job cleanup.
2025-06-08T02:03:22.9392903Z [command]/usr/bin/git version
2025-06-08T02:03:22.9433920Z git version 2.49.0
2025-06-08T02:03:22.9483517Z Temporarily overriding HOME='/home/runner/work/_temp/9e928e4a-e5e2-487f-9b96-ee35e9656031' before making global git config changes
2025-06-08T02:03:22.9485766Z Adding repository directory to the temporary git global config as a safe directory
2025-06-08T02:03:22.9500855Z [command]/usr/bin/git config --global --add safe.directory /home/runner/work/ApexAgent/ApexAgent
2025-06-08T02:03:22.9539274Z [command]/usr/bin/git config --local --name-only --get-regexp core\.sshCommand
2025-06-08T02:03:22.9575691Z [command]/usr/bin/git submodule foreach --recursive sh -c "git config --local --name-only --get-regexp 'core\.sshCommand' && git config --local --unset-all 'core.sshCommand' || :"
2025-06-08T02:03:22.9847524Z [command]/usr/bin/git config --local --name-only --get-regexp http\.https\:\/\/github\.com\/\.extraheader
2025-06-08T02:03:22.9872692Z http.https://github.com/.extraheader
2025-06-08T02:03:22.9886232Z [command]/usr/bin/git config --local --unset-all http.https://github.com/.extraheader
2025-06-08T02:03:22.9920765Z [command]/usr/bin/git submodule foreach --recursive sh -c "git config --local --name-only --get-regexp 'http\.https\:\/\/github\.com\/\.extraheader' && git config --local --unset-all 'http.https://github.com/.extraheader' || :"
2025-06-08T02:03:23.0295776Z Cleaning up orphan processes
