2025-06-08T02:00:26.4010321Z Requested labels: macos-latest
2025-06-08T02:00:26.4010592Z Job defined at: AllienNova/ApexAgent/.github/workflows/build-release.yml@refs/pull/1/merge
2025-06-08T02:00:26.4010715Z Waiting for a runner to pick up this job...
2025-06-08T02:00:26.7705931Z Job is waiting for a hosted runner to come online.
2025-06-08T02:00:29.2478403Z Job is about to start running on the hosted runner: GitHub Actions 51 (hosted)
2025-06-08T02:00:30.9546420Z Current runner version: '2.325.0'
2025-06-08T02:00:30.9561640Z ##[group]Operating System
2025-06-08T02:00:30.9562080Z macOS
2025-06-08T02:00:30.9562370Z 14.7.6
2025-06-08T02:00:30.9562640Z 23H626
2025-06-08T02:00:30.9562920Z ##[endgroup]
2025-06-08T02:00:30.9563220Z ##[group]Runner Image
2025-06-08T02:00:30.9563550Z Image: macos-14-arm64
2025-06-08T02:00:30.9563860Z Version: 20250602.1561
2025-06-08T02:00:30.9564520Z Included Software: https://github.com/actions/runner-images/blob/macos-14-arm64/20250602.1561/images/macos/macos-14-arm64-Readme.md
2025-06-08T02:00:30.9565440Z Image Release: https://github.com/actions/runner-images/releases/tag/macos-14-arm64%2F20250602.1561
2025-06-08T02:00:30.9566010Z ##[endgroup]
2025-06-08T02:00:30.9566320Z ##[group]Runner Image Provisioner
2025-06-08T02:00:30.9566710Z 2.0.437.1+b8a73daf41ec39b19236c1d542c9f2348c5b7c2d
2025-06-08T02:00:30.9567100Z ##[endgroup]
2025-06-08T02:00:30.9567760Z ##[group]GITHUB_TOKEN Permissions
2025-06-08T02:00:30.9568690Z Contents: read
2025-06-08T02:00:30.9569010Z Metadata: read
2025-06-08T02:00:30.9569320Z Packages: read
2025-06-08T02:00:30.9569630Z ##[endgroup]
2025-06-08T02:00:30.9571430Z Secret source: Actions
2025-06-08T02:00:30.9571830Z Prepare workflow directory
2025-06-08T02:00:30.9922770Z Prepare all required actions
2025-06-08T02:00:30.9947780Z Getting action download info
2025-06-08T02:00:31.3168010Z ##[group]Download immutable action package 'actions/checkout@v4'
2025-06-08T02:00:31.3168980Z Version: 4.2.2
2025-06-08T02:00:31.3169900Z Digest: sha256:ccb2698953eaebd21c7bf6268a94f9c26518a7e38e27e0b83c1fe1ad049819b1
2025-06-08T02:00:31.3171120Z Source commit SHA: 11bd71901bbe5b1630ceea73d27597364c9af683
2025-06-08T02:00:31.3172340Z ##[endgroup]
2025-06-08T02:00:31.6039470Z ##[group]Download immutable action package 'actions/setup-node@v4'
2025-06-08T02:00:31.6040180Z Version: 4.4.0
2025-06-08T02:00:31.6040710Z Digest: sha256:9427cefe82346e992fb5b949e3569b39d537ae41aa3086483b14eceebfc16bc1
2025-06-08T02:00:31.6041510Z Source commit SHA: 49933ea5288caeca8642d1e84afbd3f7d6820020
2025-06-08T02:00:31.6042030Z ##[endgroup]
2025-06-08T02:00:31.6990600Z ##[group]Download immutable action package 'actions/setup-python@v4'
2025-06-08T02:00:31.6991150Z Version: 4.9.1
2025-06-08T02:00:31.6991780Z Digest: sha256:f03e505388af670b5a108629e0ba26befc08d5c62b41f46146a45fe29ae509a5
2025-06-08T02:00:31.6992530Z Source commit SHA: 7f4fc3e22c37d6ff65e88745f38bd3157c663f7c
2025-06-08T02:00:31.6992960Z ##[endgroup]
2025-06-08T02:00:32.2594750Z ##[group]Download immutable action package 'actions/upload-artifact@v4'
2025-06-08T02:00:32.2595320Z Version: 4.6.2
2025-06-08T02:00:32.2595790Z Digest: sha256:290722aa3281d5caf23d0acdc3dbeb3424786a1a01a9cc97e72f147225e37c38
2025-06-08T02:00:32.2596400Z Source commit SHA: ea165f8d65b6e75b540449e92b4886f43607fa02
2025-06-08T02:00:32.2596850Z ##[endgroup]
2025-06-08T02:00:32.4223900Z Complete job name: build-macos
2025-06-08T02:00:32.4584290Z ##[group]Run actions/checkout@v4
2025-06-08T02:00:32.4584800Z with:
2025-06-08T02:00:32.4585090Z   fetch-depth: 0
2025-06-08T02:00:32.4585570Z   repository: AllienNova/ApexAgent
2025-06-08T02:00:32.4586010Z   token: ***
2025-06-08T02:00:32.4586290Z   ssh-strict: true
2025-06-08T02:00:32.4586560Z   ssh-user: git
2025-06-08T02:00:32.4586840Z   persist-credentials: true
2025-06-08T02:00:32.4587150Z   clean: true
2025-06-08T02:00:32.4587430Z   sparse-checkout-cone-mode: true
2025-06-08T02:00:32.4587770Z   fetch-tags: false
2025-06-08T02:00:32.4588050Z   show-progress: true
2025-06-08T02:00:32.4588330Z   lfs: false
2025-06-08T02:00:32.4588590Z   submodules: false
2025-06-08T02:00:32.4588870Z   set-safe-directory: true
2025-06-08T02:00:32.4589260Z env:
2025-06-08T02:00:32.4589520Z   NODE_VERSION: 18
2025-06-08T02:00:32.4589810Z   PYTHON_VERSION: 3.11
2025-06-08T02:00:32.4590090Z ##[endgroup]
2025-06-08T02:00:32.8285470Z Syncing repository: AllienNova/ApexAgent
2025-06-08T02:00:32.8286770Z ##[group]Getting Git version info
2025-06-08T02:00:32.8287270Z Working directory is '/Users/runner/work/ApexAgent/ApexAgent'
2025-06-08T02:00:32.8288830Z [command]/opt/homebrew/bin/git version
2025-06-08T02:00:32.8566520Z git version 2.49.0
2025-06-08T02:00:32.8609790Z ##[endgroup]
2025-06-08T02:00:32.8617270Z Copying '/Users/runner/.gitconfig' to '/Users/runner/work/_temp/364bdbd7-3c5a-4268-ac18-aa47a363c881/.gitconfig'
2025-06-08T02:00:32.8619060Z Temporarily overriding HOME='/Users/runner/work/_temp/364bdbd7-3c5a-4268-ac18-aa47a363c881' before making global git config changes
2025-06-08T02:00:32.8620190Z Adding repository directory to the temporary git global config as a safe directory
2025-06-08T02:00:32.8623560Z [command]/opt/homebrew/bin/git config --global --add safe.directory /Users/runner/work/ApexAgent/ApexAgent
2025-06-08T02:00:32.8731480Z Deleting the contents of '/Users/runner/work/ApexAgent/ApexAgent'
2025-06-08T02:00:32.8733830Z ##[group]Initializing the repository
2025-06-08T02:00:32.8738110Z [command]/opt/homebrew/bin/git init /Users/runner/work/ApexAgent/ApexAgent
2025-06-08T02:00:32.8909530Z hint: Using 'master' as the name for the initial branch. This default branch name
2025-06-08T02:00:32.8912550Z hint: is subject to change. To configure the initial branch name to use in all
2025-06-08T02:00:32.8913620Z hint: of your new repositories, which will suppress this warning, call:
2025-06-08T02:00:32.8914220Z hint:
2025-06-08T02:00:32.8914710Z hint: 	git config --global init.defaultBranch <name>
2025-06-08T02:00:32.8915230Z hint:
2025-06-08T02:00:32.8915730Z hint: Names commonly chosen instead of 'master' are 'main', 'trunk' and
2025-06-08T02:00:32.8916460Z hint: 'development'. The just-created branch can be renamed via this command:
2025-06-08T02:00:32.8917050Z hint:
2025-06-08T02:00:32.8917930Z hint: 	git branch -m <name>
2025-06-08T02:00:32.8918720Z Initialized empty Git repository in /Users/runner/work/ApexAgent/ApexAgent/.git/
2025-06-08T02:00:32.8920550Z [command]/opt/homebrew/bin/git remote add origin https://github.com/AllienNova/ApexAgent
2025-06-08T02:00:32.8972550Z ##[endgroup]
2025-06-08T02:00:32.8973120Z ##[group]Disabling automatic garbage collection
2025-06-08T02:00:32.8974830Z [command]/opt/homebrew/bin/git config --local gc.auto 0
2025-06-08T02:00:32.9014590Z ##[endgroup]
2025-06-08T02:00:32.9015100Z ##[group]Setting up auth
2025-06-08T02:00:32.9018550Z [command]/opt/homebrew/bin/git config --local --name-only --get-regexp core\.sshCommand
2025-06-08T02:00:32.9066970Z [command]/opt/homebrew/bin/git submodule foreach --recursive sh -c "git config --local --name-only --get-regexp 'core\.sshCommand' && git config --local --unset-all 'core.sshCommand' || :"
2025-06-08T02:00:32.9663830Z [command]/opt/homebrew/bin/git config --local --name-only --get-regexp http\.https\:\/\/github\.com\/\.extraheader
2025-06-08T02:00:32.9706990Z [command]/opt/homebrew/bin/git submodule foreach --recursive sh -c "git config --local --name-only --get-regexp 'http\.https\:\/\/github\.com\/\.extraheader' && git config --local --unset-all 'http.https://github.com/.extraheader' || :"
2025-06-08T02:00:33.0221140Z [command]/opt/homebrew/bin/git config --local http.https://github.com/.extraheader AUTHORIZATION: basic ***
2025-06-08T02:00:33.0293750Z ##[endgroup]
2025-06-08T02:00:33.0294330Z ##[group]Fetching the repository
2025-06-08T02:00:33.0301990Z [command]/opt/homebrew/bin/git -c protocol.version=2 fetch --prune --no-recurse-submodules origin +refs/heads/*:refs/remotes/origin/* +refs/tags/*:refs/tags/* +0d5351708dd7a9b47204c61aa9a258a9537cfebb:refs/remotes/pull/1/merge
2025-06-08T02:00:35.6649760Z From https://github.com/AllienNova/ApexAgent
2025-06-08T02:00:35.6651690Z  * [new branch]        cicd-pipeline                            -> origin/cicd-pipeline
2025-06-08T02:00:35.6652510Z  * [new branch]        cicd-pipeline-synced                     -> origin/cicd-pipeline-synced
2025-06-08T02:00:35.6654890Z  * [new branch]        dr-tardis-architecture                   -> origin/dr-tardis-architecture
2025-06-08T02:00:35.6656210Z  * [new branch]        dr-tardis-context-management             -> origin/dr-tardis-context-management
2025-06-08T02:00:35.6659660Z  * [new branch]        dr-tardis-conversation-handling          -> origin/dr-tardis-conversation-handling
2025-06-08T02:00:35.6660870Z  * [new branch]        dr-tardis-core-agent                     -> origin/dr-tardis-core-agent
2025-06-08T02:00:35.6662290Z  * [new branch]        dr-tardis-kb                             -> origin/dr-tardis-kb
2025-06-08T02:00:35.6664650Z  * [new branch]        dr-tardis-knowledge-retrieval            -> origin/dr-tardis-knowledge-retrieval
2025-06-08T02:00:35.6667530Z  * [new branch]        dr-tardis-multi-agent-orchestration      -> origin/dr-tardis-multi-agent-orchestration
2025-06-08T02:00:35.6669270Z  * [new branch]        dr-tardis-research                       -> origin/dr-tardis-research
2025-06-08T02:00:35.6671230Z  * [new branch]        gemini-live-voice-audio                  -> origin/gemini-live-voice-audio
2025-06-08T02:00:35.6673200Z  * [new branch]        integration-branch                       -> origin/integration-branch
2025-06-08T02:00:35.6676260Z  * [new branch]        main                                     -> origin/main
2025-06-08T02:00:35.6679030Z  * [new branch]        master                                   -> origin/master
2025-06-08T02:00:35.6682180Z  * [new ref]           0d5351708dd7a9b47204c61aa9a258a9537cfebb -> pull/1/merge
2025-06-08T02:00:35.6744490Z ##[endgroup]
2025-06-08T02:00:35.6745250Z ##[group]Determining the checkout info
2025-06-08T02:00:35.6746070Z ##[endgroup]
2025-06-08T02:00:35.6748280Z [command]/opt/homebrew/bin/git sparse-checkout disable
2025-06-08T02:00:35.6803060Z [command]/opt/homebrew/bin/git config --local --unset-all extensions.worktreeConfig
2025-06-08T02:00:35.6844030Z ##[group]Checking out the ref
2025-06-08T02:00:35.6846080Z [command]/opt/homebrew/bin/git checkout --progress --force refs/remotes/pull/1/merge
2025-06-08T02:00:36.8519830Z Updating files:  47% (11569/24378)
2025-06-08T02:00:36.8804380Z Updating files:  48% (11702/24378)
2025-06-08T02:00:36.8907440Z Updating files:  49% (11946/24378)
2025-06-08T02:00:36.9209940Z Updating files:  50% (12189/24378)
2025-06-08T02:00:36.9506670Z Updating files:  51% (12433/24378)
2025-06-08T02:00:36.9737640Z Updating files:  52% (12677/24378)
2025-06-08T02:00:36.9938500Z Updating files:  53% (12921/24378)
2025-06-08T02:00:37.0178140Z Updating files:  54% (13165/24378)
2025-06-08T02:00:37.0758900Z Updating files:  55% (13408/24378)
2025-06-08T02:00:37.0996270Z Updating files:  56% (13652/24378)
2025-06-08T02:00:37.1325130Z Updating files:  57% (13896/24378)
2025-06-08T02:00:37.1604400Z Updating files:  58% (14140/24378)
2025-06-08T02:00:37.1841080Z Updating files:  59% (14384/24378)
2025-06-08T02:00:37.2000940Z Updating files:  60% (14627/24378)
2025-06-08T02:00:37.2199480Z Updating files:  61% (14871/24378)
2025-06-08T02:00:37.3112880Z Updating files:  62% (15115/24378)
2025-06-08T02:00:37.3313140Z Updating files:  63% (15359/24378)
2025-06-08T02:00:37.3507190Z Updating files:  64% (15602/24378)
2025-06-08T02:00:37.3691590Z Updating files:  65% (15846/24378)
2025-06-08T02:00:37.3894010Z Updating files:  66% (16090/24378)
2025-06-08T02:00:37.4082150Z Updating files:  67% (16334/24378)
2025-06-08T02:00:37.4265180Z Updating files:  68% (16578/24378)
2025-06-08T02:00:37.4449700Z Updating files:  69% (16821/24378)
2025-06-08T02:00:37.4616030Z Updating files:  70% (17065/24378)
2025-06-08T02:00:37.4793280Z Updating files:  71% (17309/24378)
2025-06-08T02:00:37.4973530Z Updating files:  72% (17553/24378)
2025-06-08T02:00:37.5482190Z Updating files:  73% (17796/24378)
2025-06-08T02:00:37.5669860Z Updating files:  74% (18040/24378)
2025-06-08T02:00:37.6073350Z Updating files:  75% (18284/24378)
2025-06-08T02:00:37.6287660Z Updating files:  76% (18528/24378)
2025-06-08T02:00:37.6420780Z Updating files:  77% (18772/24378)
2025-06-08T02:00:37.6610120Z Updating files:  78% (19015/24378)
2025-06-08T02:00:37.6885180Z Updating files:  79% (19259/24378)
2025-06-08T02:00:37.7095920Z Updating files:  80% (19503/24378)
2025-06-08T02:00:37.7096380Z Updating files:  81% (19747/24378)
2025-06-08T02:00:37.7414400Z Updating files:  81% (19748/24378)
2025-06-08T02:00:37.7696100Z Updating files:  82% (19990/24378)
2025-06-08T02:00:37.7962010Z Updating files:  83% (20234/24378)
2025-06-08T02:00:37.8297600Z Updating files:  84% (20478/24378)
2025-06-08T02:00:37.8489570Z Updating files:  85% (20722/24378)
2025-06-08T02:00:37.8858030Z Updating files:  86% (20966/24378)
2025-06-08T02:00:37.9132420Z Updating files:  87% (21209/24378)
2025-06-08T02:00:38.0241120Z Updating files:  88% (21453/24378)
2025-06-08T02:00:38.0413020Z Updating files:  89% (21697/24378)
2025-06-08T02:00:38.0659860Z Updating files:  90% (21941/24378)
2025-06-08T02:00:38.0864610Z Updating files:  91% (22184/24378)
2025-06-08T02:00:38.1067830Z Updating files:  92% (22428/24378)
2025-06-08T02:00:38.1608650Z Updating files:  93% (22672/24378)
2025-06-08T02:00:38.1822840Z Updating files:  94% (22916/24378)
2025-06-08T02:00:38.2225180Z Updating files:  95% (23160/24378)
2025-06-08T02:00:38.2525410Z Updating files:  96% (23403/24378)
2025-06-08T02:00:38.2827110Z Updating files:  97% (23647/24378)
2025-06-08T02:00:38.3228290Z Updating files:  98% (23891/24378)
2025-06-08T02:00:38.3629360Z Updating files:  99% (24135/24378)
2025-06-08T02:00:38.3730120Z Updating files: 100% (24378/24378)
2025-06-08T02:00:38.3830560Z Updating files: 100% (24378/24378), done.
2025-06-08T02:00:38.3931540Z HEAD is now at 0d535170 Merge 5729a672b7db3ea98e11e7889385aa6c4095a2ef into 6a3ec63168d17ca96c8982c803d63dde5874e09e
2025-06-08T02:00:38.4234600Z ##[endgroup]
2025-06-08T02:00:38.4535990Z [command]/opt/homebrew/bin/git log -1 --format=%H
2025-06-08T02:00:38.4586020Z 0d5351708dd7a9b47204c61aa9a258a9537cfebb
2025-06-08T02:00:38.5091260Z ##[group]Run actions/setup-node@v4
2025-06-08T02:00:38.5091440Z with:
2025-06-08T02:00:38.5091550Z   node-version: 18
2025-06-08T02:00:38.5091680Z   cache: npm
2025-06-08T02:00:38.5091830Z   always-auth: false
2025-06-08T02:00:38.5091960Z   check-latest: false
2025-06-08T02:00:38.5092180Z   token: ***
2025-06-08T02:00:38.5092310Z env:
2025-06-08T02:00:38.5092420Z   NODE_VERSION: 18
2025-06-08T02:00:38.5092540Z   PYTHON_VERSION: 3.11
2025-06-08T02:00:38.5092660Z ##[endgroup]
2025-06-08T02:00:38.6377120Z Found in cache @ /Users/runner/hostedtoolcache/node/18.20.8/arm64
2025-06-08T02:00:38.6380520Z ##[group]Environment details
2025-06-08T02:00:39.0127260Z node: v18.20.8
2025-06-08T02:00:39.0127460Z npm: 10.8.2
2025-06-08T02:00:39.0127610Z yarn: 1.22.22
2025-06-08T02:00:39.0128200Z ##[endgroup]
2025-06-08T02:00:39.0142910Z [command]/Users/runner/hostedtoolcache/node/18.20.8/arm64/bin/npm config get cache
2025-06-08T02:00:39.1604280Z /Users/runner/.npm
2025-06-08T02:00:39.4515270Z Cache hit for: node-cache-macOS-arm64-npm-c6cb0da915ce3cfbe58b0816291a9709583c11ac9c1e082b01e1bb5d530e3621
2025-06-08T02:00:40.6053150Z Received 41943040 of 75956943 (55.2%), 40.0 MBs/sec
2025-06-08T02:00:41.0530920Z Received 75956943 of 75956943 (100.0%), 50.0 MBs/sec
2025-06-08T02:00:41.0630100Z Cache Size: ~72 MB (75956943 B)
2025-06-08T02:00:41.0732380Z [command]/opt/homebrew/bin/gtar -xf /Users/runner/work/_temp/d7a8a013-2c5f-49fd-9f48-4d1ab8e2e49b/cache.tzst -P -C /Users/runner/work/ApexAgent/ApexAgent --delay-directory-restore --use-compress-program unzstd
2025-06-08T02:00:41.3441400Z Cache restored successfully
2025-06-08T02:00:41.3455920Z Cache restored from key: node-cache-macOS-arm64-npm-c6cb0da915ce3cfbe58b0816291a9709583c11ac9c1e082b01e1bb5d530e3621
2025-06-08T02:00:41.3603530Z ##[group]Run actions/setup-python@v4
2025-06-08T02:00:41.3603730Z with:
2025-06-08T02:00:41.3603920Z   python-version: 3.11
2025-06-08T02:00:41.3604070Z   check-latest: false
2025-06-08T02:00:41.3604410Z   token: ***
2025-06-08T02:00:41.3604660Z   update-environment: true
2025-06-08T02:00:41.3604950Z   allow-prereleases: false
2025-06-08T02:00:41.3605160Z env:
2025-06-08T02:00:41.3605340Z   NODE_VERSION: 18
2025-06-08T02:00:41.3605540Z   PYTHON_VERSION: 3.11
2025-06-08T02:00:41.3605790Z ##[endgroup]
2025-06-08T02:00:41.5376490Z ##[group]Installed versions
2025-06-08T02:00:41.5608920Z Successfully set up CPython (3.11.9)
2025-06-08T02:00:41.5609430Z ##[endgroup]
2025-06-08T02:00:41.5663750Z ##[group]Run npm ci
2025-06-08T02:00:41.5664040Z [36;1mnpm ci[0m
2025-06-08T02:00:41.5746810Z shell: /bin/bash -e {0}
2025-06-08T02:00:41.5747110Z env:
2025-06-08T02:00:41.5747270Z   NODE_VERSION: 18
2025-06-08T02:00:41.5747570Z   PYTHON_VERSION: 3.11
2025-06-08T02:00:41.5747910Z   pythonLocation: /Users/runner/hostedtoolcache/Python/3.11.9/arm64
2025-06-08T02:00:41.5748460Z   PKG_CONFIG_PATH: /Users/runner/hostedtoolcache/Python/3.11.9/arm64/lib/pkgconfig
2025-06-08T02:00:41.5748950Z   Python_ROOT_DIR: /Users/runner/hostedtoolcache/Python/3.11.9/arm64
2025-06-08T02:00:41.5749450Z   Python2_ROOT_DIR: /Users/runner/hostedtoolcache/Python/3.11.9/arm64
2025-06-08T02:00:41.5749960Z   Python3_ROOT_DIR: /Users/runner/hostedtoolcache/Python/3.11.9/arm64
2025-06-08T02:00:41.5750300Z ##[endgroup]
2025-06-08T02:00:42.1434560Z npm warn EBADENGINE Unsupported engine {
2025-06-08T02:00:42.1536050Z npm warn EBADENGINE   package: 'commander@14.0.0',
2025-06-08T02:00:42.1647070Z npm warn EBADENGINE   required: { node: '>=20' },
2025-06-08T02:00:42.1762210Z npm warn EBADENGINE   current: { node: 'v18.20.8', npm: '10.8.2' }
2025-06-08T02:00:42.1876920Z npm warn EBADENGINE }
2025-06-08T02:00:43.5741110Z npm warn deprecated inflight@1.0.6: This module is not supported, and leaks memory. Do not use it. Check out lru-cache if you want a good and tested way to coalesce async requests by a key value, which is much more comprehensive and powerful.
2025-06-08T02:00:43.6451300Z npm warn deprecated lodash.isequal@4.5.0: This package is deprecated. Use require('node:util').isDeepStrictEqual instead.
2025-06-08T02:00:43.7426470Z npm warn deprecated glob@7.2.3: Glob versions prior to v9 are no longer supported
2025-06-08T02:00:43.9921850Z npm warn deprecated boolean@3.2.0: Package no longer supported. Contact Support at https://www.npmjs.com/support for more info.
2025-06-08T02:00:48.6613130Z 
2025-06-08T02:00:48.6697990Z added 768 packages, and audited 769 packages in 7s
2025-06-08T02:00:48.6734500Z 
2025-06-08T02:00:48.6735640Z 90 packages are looking for funding
2025-06-08T02:00:48.6743430Z   run `npm fund` for details
2025-06-08T02:00:48.6743800Z 
2025-06-08T02:00:48.6744010Z found 0 vulnerabilities
2025-06-08T02:00:48.6810560Z ##[group]Run npm install dmg-license --save-dev
2025-06-08T02:00:48.6811010Z [36;1mnpm install dmg-license --save-dev[0m
2025-06-08T02:00:48.6904660Z shell: /bin/bash -e {0}
2025-06-08T02:00:48.6904880Z env:
2025-06-08T02:00:48.6905060Z   NODE_VERSION: 18
2025-06-08T02:00:48.6905210Z   PYTHON_VERSION: 3.11
2025-06-08T02:00:48.6905450Z   pythonLocation: /Users/runner/hostedtoolcache/Python/3.11.9/arm64
2025-06-08T02:00:48.6905950Z   PKG_CONFIG_PATH: /Users/runner/hostedtoolcache/Python/3.11.9/arm64/lib/pkgconfig
2025-06-08T02:00:48.6906390Z   Python_ROOT_DIR: /Users/runner/hostedtoolcache/Python/3.11.9/arm64
2025-06-08T02:00:48.6906800Z   Python2_ROOT_DIR: /Users/runner/hostedtoolcache/Python/3.11.9/arm64
2025-06-08T02:00:48.6907230Z   Python3_ROOT_DIR: /Users/runner/hostedtoolcache/Python/3.11.9/arm64
2025-06-08T02:00:48.6907550Z ##[endgroup]
2025-06-08T02:00:49.4394620Z npm warn EBADENGINE Unsupported engine {
2025-06-08T02:00:49.4496130Z npm warn EBADENGINE   package: 'commander@14.0.0',
2025-06-08T02:00:49.4596560Z npm warn EBADENGINE   required: { node: '>=20' },
2025-06-08T02:00:49.4597270Z npm warn EBADENGINE   current: { node: 'v18.20.8', npm: '10.8.2' }
2025-06-08T02:00:49.4597690Z npm warn EBADENGINE }
2025-06-08T02:00:49.6208740Z 
2025-06-08T02:00:49.6209330Z up to date, audited 769 packages in 827ms
2025-06-08T02:00:49.6209660Z 
2025-06-08T02:00:49.6209910Z 90 packages are looking for funding
2025-06-08T02:00:49.6210280Z   run `npm fund` for details
2025-06-08T02:00:49.6215090Z 
2025-06-08T02:00:49.6215280Z found 0 vulnerabilities
2025-06-08T02:00:49.6283140Z ##[group]Run npm run build:mac
2025-06-08T02:00:49.6283390Z [36;1mnpm run build:mac[0m
2025-06-08T02:00:49.6332200Z shell: /bin/bash -e {0}
2025-06-08T02:00:49.6332840Z env:
2025-06-08T02:00:49.6332990Z   NODE_VERSION: 18
2025-06-08T02:00:49.6333140Z   PYTHON_VERSION: 3.11
2025-06-08T02:00:49.6333370Z   pythonLocation: /Users/runner/hostedtoolcache/Python/3.11.9/arm64
2025-06-08T02:00:49.6333760Z   PKG_CONFIG_PATH: /Users/runner/hostedtoolcache/Python/3.11.9/arm64/lib/pkgconfig
2025-06-08T02:00:49.6334120Z   Python_ROOT_DIR: /Users/runner/hostedtoolcache/Python/3.11.9/arm64
2025-06-08T02:00:49.6334460Z   Python2_ROOT_DIR: /Users/runner/hostedtoolcache/Python/3.11.9/arm64
2025-06-08T02:00:49.6334790Z   Python3_ROOT_DIR: /Users/runner/hostedtoolcache/Python/3.11.9/arm64
2025-06-08T02:00:49.6335260Z   GH_TOKEN: ***
2025-06-08T02:00:49.6335420Z   CSC_IDENTITY_AUTO_DISCOVERY: false
2025-06-08T02:00:49.6335620Z ##[endgroup]
2025-06-08T02:00:49.7705640Z 
2025-06-08T02:00:49.7706330Z > aideon-ai-lite@1.0.0 build:mac
2025-06-08T02:00:49.7706610Z > npm run package:mac
2025-06-08T02:00:49.7706740Z 
2025-06-08T02:00:49.8729960Z 
2025-06-08T02:00:49.8730720Z > aideon-ai-lite@1.0.0 package:mac
2025-06-08T02:00:49.8731250Z > electron-builder --mac
2025-06-08T02:00:49.8731680Z 
2025-06-08T02:00:50.2928470Z   • electron-builder  version=24.13.3 os=23.6.0
2025-06-08T02:00:50.2930010Z   • publishing will be skipped  reason=current build is a part of pull request solution=set env PUBLISH_FOR_PULL_REQUEST to true to force code signing
2025-06-08T02:00:50.2934350Z There are serious security concerns with PUBLISH_FOR_PULL_REQUEST=true (see the  CircleCI documentation (https://circleci.com/docs/1.0/fork-pr-builds/) for details)
2025-06-08T02:00:50.2935970Z If you have SSH keys, sensitive env vars or AWS credentials stored in your project settings and untrusted forks can make pull requests against your repo, then this option isn't for you.
2025-06-08T02:00:50.2959370Z   • loaded configuration  file=package.json ("build" field)
2025-06-08T02:00:50.4998410Z   • packaging       platform=darwin arch=arm64 electron=28.3.3 appOutDir=dist/mac-arm64
2025-06-08T02:00:51.0517130Z   • downloading     url=https://github.com/electron/electron/releases/download/v28.3.3/electron-v28.3.3-darwin-arm64.zip size=95 MB parts=6
2025-06-08T02:00:53.3153960Z   • downloaded      url=https://github.com/electron/electron/releases/download/v28.3.3/electron-v28.3.3-darwin-arm64.zip duration=2.806s
2025-06-08T02:00:56.0460770Z   • Current build is a part of pull request, code signing will be skipped.
2025-06-08T02:00:56.0461500Z Set env CSC_FOR_PULL_REQUEST to true to force code signing.
2025-06-08T02:00:56.0462380Z There are serious security concerns with CSC_FOR_PULL_REQUEST=true (see the  CircleCI documentation (https://circleci.com/docs/1.0/fork-pr-builds/) for details)
2025-06-08T02:00:56.0463690Z If you have SSH keys, sensitive env vars or AWS credentials stored in your project settings and untrusted forks can make pull requests against your repo, then this option isn't for you.
2025-06-08T02:00:56.0465050Z   • building        target=DMG arch=arm64 file=dist/Aideon AI Lite-1.0.0-arm64.dmg
2025-06-08T02:00:56.0482690Z   • Detected arm64 process, HFS+ is unavailable. Creating dmg with APFS - supports Mac OSX 10.12+
2025-06-08T02:01:11.0404740Z   • building block map  blockMapFile=dist/Aideon AI Lite-1.0.0-arm64.dmg.blockmap
2025-06-08T02:01:11.9043100Z ##[group]Run actions/upload-artifact@v4
2025-06-08T02:01:11.9043330Z with:
2025-06-08T02:01:11.9043560Z   name: macos-installer
2025-06-08T02:01:11.9043710Z   path: dist/*.dmg
dist/*.zip

2025-06-08T02:01:11.9043960Z   retention-days: 30
2025-06-08T02:01:11.9044100Z   if-no-files-found: warn
2025-06-08T02:01:11.9044250Z   compression-level: 6
2025-06-08T02:01:11.9044460Z   overwrite: false
2025-06-08T02:01:11.9044600Z   include-hidden-files: false
2025-06-08T02:01:11.9044840Z env:
2025-06-08T02:01:11.9044990Z   NODE_VERSION: 18
2025-06-08T02:01:11.9045250Z   PYTHON_VERSION: 3.11
2025-06-08T02:01:11.9045510Z   pythonLocation: /Users/runner/hostedtoolcache/Python/3.11.9/arm64
2025-06-08T02:01:11.9045960Z   PKG_CONFIG_PATH: /Users/runner/hostedtoolcache/Python/3.11.9/arm64/lib/pkgconfig
2025-06-08T02:01:11.9049900Z   Python_ROOT_DIR: /Users/runner/hostedtoolcache/Python/3.11.9/arm64
2025-06-08T02:01:11.9050240Z   Python2_ROOT_DIR: /Users/runner/hostedtoolcache/Python/3.11.9/arm64
2025-06-08T02:01:11.9050650Z   Python3_ROOT_DIR: /Users/runner/hostedtoolcache/Python/3.11.9/arm64
2025-06-08T02:01:11.9050900Z ##[endgroup]
2025-06-08T02:01:12.1496340Z With the provided path, there will be 4 files uploaded
2025-06-08T02:01:12.1497230Z Artifact name is valid!
2025-06-08T02:01:12.1497650Z Root directory input is valid!
2025-06-08T02:01:12.4074070Z Beginning upload of artifact content to blob storage
2025-06-08T02:01:13.4657240Z Uploaded bytes 8388608
2025-06-08T02:01:13.5131390Z Uploaded bytes 16777216
2025-06-08T02:01:13.7352310Z Uploaded bytes 25165824
2025-06-08T02:01:13.7563550Z Uploaded bytes 33554432
2025-06-08T02:01:13.9709980Z Uploaded bytes 41943040
2025-06-08T02:01:13.9713970Z Uploaded bytes 50331648
2025-06-08T02:01:14.0681200Z Uploaded bytes 58720256
2025-06-08T02:01:14.3755960Z Uploaded bytes 67108864
2025-06-08T02:01:14.5228560Z Uploaded bytes 75497472
2025-06-08T02:01:14.7915690Z Uploaded bytes 83886080
2025-06-08T02:01:15.0230780Z Uploaded bytes 92274688
2025-06-08T02:01:15.3350940Z Uploaded bytes 99785359
2025-06-08T02:01:15.3825640Z Finished uploading artifact content to blob storage!
2025-06-08T02:01:15.3826420Z SHA256 digest of uploaded artifact zip is 43e43d8864f954074fe909fd1e9d5dfbd3c540445b913a0d81fc98dcec1fae94
2025-06-08T02:01:15.3827600Z Finalizing artifact upload
2025-06-08T02:01:15.5019550Z Artifact macos-installer.zip successfully finalized. Artifact ID 3282503865
2025-06-08T02:01:15.5020500Z Artifact macos-installer has been successfully uploaded! Final size is 99785359 bytes. Artifact ID is 3282503865
2025-06-08T02:01:15.5029550Z Artifact download URL: https://github.com/AllienNova/ApexAgent/actions/runs/15513789182/artifacts/3282503865
2025-06-08T02:01:15.5129630Z Post job cleanup.
2025-06-08T02:01:15.6350130Z Post job cleanup.
2025-06-08T02:01:15.7508070Z Cache hit occurred on the primary key node-cache-macOS-arm64-npm-c6cb0da915ce3cfbe58b0816291a9709583c11ac9c1e082b01e1bb5d530e3621, not saving cache.
2025-06-08T02:01:15.7575440Z Post job cleanup.
2025-06-08T02:01:15.8483490Z [command]/opt/homebrew/bin/git version
2025-06-08T02:01:15.8583970Z git version 2.49.0
2025-06-08T02:01:15.8691330Z Copying '/Users/runner/.gitconfig' to '/Users/runner/work/_temp/aff9c152-2503-44b9-9b97-97fb56b49994/.gitconfig'
2025-06-08T02:01:15.8692280Z Temporarily overriding HOME='/Users/runner/work/_temp/aff9c152-2503-44b9-9b97-97fb56b49994' before making global git config changes
2025-06-08T02:01:15.8693090Z Adding repository directory to the temporary git global config as a safe directory
2025-06-08T02:01:15.8693860Z [command]/opt/homebrew/bin/git config --global --add safe.directory /Users/runner/work/ApexAgent/ApexAgent
2025-06-08T02:01:15.8695080Z [command]/opt/homebrew/bin/git config --local --name-only --get-regexp core\.sshCommand
2025-06-08T02:01:15.8696660Z [command]/opt/homebrew/bin/git submodule foreach --recursive sh -c "git config --local --name-only --get-regexp 'core\.sshCommand' && git config --local --unset-all 'core.sshCommand' || :"
2025-06-08T02:01:15.9446550Z [command]/opt/homebrew/bin/git config --local --name-only --get-regexp http\.https\:\/\/github\.com\/\.extraheader
2025-06-08T02:01:15.9483490Z http.https://github.com/.extraheader
2025-06-08T02:01:15.9491990Z [command]/opt/homebrew/bin/git config --local --unset-all http.https://github.com/.extraheader
2025-06-08T02:01:15.9543190Z [command]/opt/homebrew/bin/git submodule foreach --recursive sh -c "git config --local --name-only --get-regexp 'http\.https\:\/\/github\.com\/\.extraheader' && git config --local --unset-all 'http.https://github.com/.extraheader' || :"
2025-06-08T02:01:16.0326130Z Cleaning up orphan processes
