2025-06-08T01:54:07.5251690Z Requested labels: ubuntu-latest
2025-06-08T01:54:07.5251923Z Job defined at: AllienNova/ApexAgent/.github/workflows/build-release.yml@refs/pull/1/merge
2025-06-08T01:54:07.5251992Z Waiting for a runner to pick up this job...
2025-06-08T01:54:07.7798292Z Job is waiting for a hosted runner to come online.
2025-06-08T01:54:12.7588263Z Job is about to start running on the hosted runner: GitHub Actions 127 (hosted)
2025-06-08T01:54:15.1028320Z Current runner version: '2.325.0'
2025-06-08T01:54:15.1053338Z ##[group]Runner Image Provisioner
2025-06-08T01:54:15.1054341Z Hosted Compute Agent
2025-06-08T01:54:15.1054925Z Version: 20250508.323
2025-06-08T01:54:15.1055624Z Commit: 81b259f29879f73b4213d199e42d8c3465dae986
2025-06-08T01:54:15.1056320Z Build Date: 2025-05-08T19:40:08Z
2025-06-08T01:54:15.1056915Z ##[endgroup]
2025-06-08T01:54:15.1057598Z ##[group]Operating System
2025-06-08T01:54:15.1058206Z Ubuntu
2025-06-08T01:54:15.1058647Z 24.04.2
2025-06-08T01:54:15.1059215Z LTS
2025-06-08T01:54:15.1059709Z ##[endgroup]
2025-06-08T01:54:15.1060307Z ##[group]Runner Image
2025-06-08T01:54:15.1060909Z Image: ubuntu-24.04
2025-06-08T01:54:15.1061418Z Version: 20250511.1.0
2025-06-08T01:54:15.1062501Z Included Software: https://github.com/actions/runner-images/blob/ubuntu24/20250511.1/images/ubuntu/Ubuntu2404-Readme.md
2025-06-08T01:54:15.1064067Z Image Release: https://github.com/actions/runner-images/releases/tag/ubuntu24%2F20250511.1
2025-06-08T01:54:15.1065571Z ##[endgroup]
2025-06-08T01:54:15.1066716Z ##[group]GITHUB_TOKEN Permissions
2025-06-08T01:54:15.1068709Z Contents: read
2025-06-08T01:54:15.1069328Z Metadata: read
2025-06-08T01:54:15.1069888Z Packages: read
2025-06-08T01:54:15.1070486Z ##[endgroup]
2025-06-08T01:54:15.1073366Z Secret source: Actions
2025-06-08T01:54:15.1074362Z Prepare workflow directory
2025-06-08T01:54:15.1451564Z Prepare all required actions
2025-06-08T01:54:15.1488641Z Getting action download info
2025-06-08T01:54:15.3678872Z ##[group]Download immutable action package 'actions/checkout@v4'
2025-06-08T01:54:15.3679839Z Version: 4.2.2
2025-06-08T01:54:15.3680718Z Digest: sha256:ccb2698953eaebd21c7bf6268a94f9c26518a7e38e27e0b83c1fe1ad049819b1
2025-06-08T01:54:15.3681795Z Source commit SHA: 11bd71901bbe5b1630ceea73d27597364c9af683
2025-06-08T01:54:15.3682475Z ##[endgroup]
2025-06-08T01:54:15.4598509Z ##[group]Download immutable action package 'actions/setup-node@v4'
2025-06-08T01:54:15.4599335Z Version: 4.4.0
2025-06-08T01:54:15.4600088Z Digest: sha256:9427cefe82346e992fb5b949e3569b39d537ae41aa3086483b14eceebfc16bc1
2025-06-08T01:54:15.4601047Z Source commit SHA: 49933ea5288caeca8642d1e84afbd3f7d6820020
2025-06-08T01:54:15.4601750Z ##[endgroup]
2025-06-08T01:54:15.6220551Z ##[group]Download immutable action package 'actions/setup-python@v4'
2025-06-08T01:54:15.6221399Z Version: 4.9.1
2025-06-08T01:54:15.6222111Z Digest: sha256:f03e505388af670b5a108629e0ba26befc08d5c62b41f46146a45fe29ae509a5
2025-06-08T01:54:15.6223030Z Source commit SHA: 7f4fc3e22c37d6ff65e88745f38bd3157c663f7c
2025-06-08T01:54:15.6223722Z ##[endgroup]
2025-06-08T01:54:16.0061208Z ##[group]Download immutable action package 'actions/upload-artifact@v4'
2025-06-08T01:54:16.0062006Z Version: 4.6.2
2025-06-08T01:54:16.0062714Z Digest: sha256:290722aa3281d5caf23d0acdc3dbeb3424786a1a01a9cc97e72f147225e37c38
2025-06-08T01:54:16.0063606Z Source commit SHA: ea165f8d65b6e75b540449e92b4886f43607fa02
2025-06-08T01:54:16.0064677Z ##[endgroup]
2025-06-08T01:54:16.2149458Z Complete job name: build-linux
2025-06-08T01:54:16.2922964Z ##[group]Run actions/checkout@v4
2025-06-08T01:54:16.2924615Z with:
2025-06-08T01:54:16.2925154Z   fetch-depth: 0
2025-06-08T01:54:16.2925663Z   repository: AllienNova/ApexAgent
2025-06-08T01:54:16.2926457Z   token: ***
2025-06-08T01:54:16.2926925Z   ssh-strict: true
2025-06-08T01:54:16.2927394Z   ssh-user: git
2025-06-08T01:54:16.2927872Z   persist-credentials: true
2025-06-08T01:54:16.2928419Z   clean: true
2025-06-08T01:54:16.2928912Z   sparse-checkout-cone-mode: true
2025-06-08T01:54:16.2929475Z   fetch-tags: false
2025-06-08T01:54:16.2929948Z   show-progress: true
2025-06-08T01:54:16.2930420Z   lfs: false
2025-06-08T01:54:16.2930865Z   submodules: false
2025-06-08T01:54:16.2931350Z   set-safe-directory: true
2025-06-08T01:54:16.2932172Z env:
2025-06-08T01:54:16.2932614Z   NODE_VERSION: 18
2025-06-08T01:54:16.2933094Z   PYTHON_VERSION: 3.11
2025-06-08T01:54:16.2933581Z ##[endgroup]
2025-06-08T01:54:16.4175545Z Syncing repository: AllienNova/ApexAgent
2025-06-08T01:54:16.4179665Z ##[group]Getting Git version info
2025-06-08T01:54:16.4181056Z Working directory is '/home/runner/work/ApexAgent/ApexAgent'
2025-06-08T01:54:16.4183042Z [command]/usr/bin/git version
2025-06-08T01:54:16.4291800Z git version 2.49.0
2025-06-08T01:54:16.4322198Z ##[endgroup]
2025-06-08T01:54:16.4336848Z Temporarily overriding HOME='/home/runner/work/_temp/743f7eb1-d5c5-4240-b6b8-86799446c6c5' before making global git config changes
2025-06-08T01:54:16.4340507Z Adding repository directory to the temporary git global config as a safe directory
2025-06-08T01:54:16.4343641Z [command]/usr/bin/git config --global --add safe.directory /home/runner/work/ApexAgent/ApexAgent
2025-06-08T01:54:16.4384736Z Deleting the contents of '/home/runner/work/ApexAgent/ApexAgent'
2025-06-08T01:54:16.4388662Z ##[group]Initializing the repository
2025-06-08T01:54:16.4393448Z [command]/usr/bin/git init /home/runner/work/ApexAgent/ApexAgent
2025-06-08T01:54:16.4476986Z hint: Using 'master' as the name for the initial branch. This default branch name
2025-06-08T01:54:16.4478748Z hint: is subject to change. To configure the initial branch name to use in all
2025-06-08T01:54:16.4480178Z hint: of your new repositories, which will suppress this warning, call:
2025-06-08T01:54:16.4480953Z hint:
2025-06-08T01:54:16.4481510Z hint: 	git config --global init.defaultBranch <name>
2025-06-08T01:54:16.4482157Z hint:
2025-06-08T01:54:16.4482768Z hint: Names commonly chosen instead of 'master' are 'main', 'trunk' and
2025-06-08T01:54:16.4484401Z hint: 'development'. The just-created branch can be renamed via this command:
2025-06-08T01:54:16.4485793Z hint:
2025-06-08T01:54:16.4486597Z hint: 	git branch -m <name>
2025-06-08T01:54:16.4490726Z Initialized empty Git repository in /home/runner/work/ApexAgent/ApexAgent/.git/
2025-06-08T01:54:16.4501616Z [command]/usr/bin/git remote add origin https://github.com/AllienNova/ApexAgent
2025-06-08T01:54:16.4538132Z ##[endgroup]
2025-06-08T01:54:16.4539853Z ##[group]Disabling automatic garbage collection
2025-06-08T01:54:16.4542566Z [command]/usr/bin/git config --local gc.auto 0
2025-06-08T01:54:16.4575051Z ##[endgroup]
2025-06-08T01:54:16.4576523Z ##[group]Setting up auth
2025-06-08T01:54:16.4582785Z [command]/usr/bin/git config --local --name-only --get-regexp core\.sshCommand
2025-06-08T01:54:16.4616665Z [command]/usr/bin/git submodule foreach --recursive sh -c "git config --local --name-only --get-regexp 'core\.sshCommand' && git config --local --unset-all 'core.sshCommand' || :"
2025-06-08T01:54:16.4948099Z [command]/usr/bin/git config --local --name-only --get-regexp http\.https\:\/\/github\.com\/\.extraheader
2025-06-08T01:54:16.4981359Z [command]/usr/bin/git submodule foreach --recursive sh -c "git config --local --name-only --get-regexp 'http\.https\:\/\/github\.com\/\.extraheader' && git config --local --unset-all 'http.https://github.com/.extraheader' || :"
2025-06-08T01:54:16.5215375Z [command]/usr/bin/git config --local http.https://github.com/.extraheader AUTHORIZATION: basic ***
2025-06-08T01:54:16.5260642Z ##[endgroup]
2025-06-08T01:54:16.5263374Z ##[group]Fetching the repository
2025-06-08T01:54:16.5271813Z [command]/usr/bin/git -c protocol.version=2 fetch --prune --no-recurse-submodules origin +refs/heads/*:refs/remotes/origin/* +refs/tags/*:refs/tags/* +1608b536ab7f50d3978d85ef27a37edcb9f61d32:refs/remotes/pull/1/merge
2025-06-08T01:54:20.1579310Z From https://github.com/AllienNova/ApexAgent
2025-06-08T01:54:20.1594586Z  * [new branch]        cicd-pipeline                            -> origin/cicd-pipeline
2025-06-08T01:54:20.1595699Z  * [new branch]        cicd-pipeline-synced                     -> origin/cicd-pipeline-synced
2025-06-08T01:54:20.1596851Z  * [new branch]        dr-tardis-architecture                   -> origin/dr-tardis-architecture
2025-06-08T01:54:20.1598054Z  * [new branch]        dr-tardis-context-management             -> origin/dr-tardis-context-management
2025-06-08T01:54:20.1599420Z  * [new branch]        dr-tardis-conversation-handling          -> origin/dr-tardis-conversation-handling
2025-06-08T01:54:20.1601079Z  * [new branch]        dr-tardis-core-agent                     -> origin/dr-tardis-core-agent
2025-06-08T01:54:20.1606846Z  * [new branch]        dr-tardis-kb                             -> origin/dr-tardis-kb
2025-06-08T01:54:20.1619242Z  * [new branch]        dr-tardis-knowledge-retrieval            -> origin/dr-tardis-knowledge-retrieval
2025-06-08T01:54:20.1620565Z  * [new branch]        dr-tardis-multi-agent-orchestration      -> origin/dr-tardis-multi-agent-orchestration
2025-06-08T01:54:20.1621640Z  * [new branch]        dr-tardis-research                       -> origin/dr-tardis-research
2025-06-08T01:54:20.1622701Z  * [new branch]        gemini-live-voice-audio                  -> origin/gemini-live-voice-audio
2025-06-08T01:54:20.1623744Z  * [new branch]        integration-branch                       -> origin/integration-branch
2025-06-08T01:54:20.1624936Z  * [new branch]        main                                     -> origin/main
2025-06-08T01:54:20.1625812Z  * [new branch]        master                                   -> origin/master
2025-06-08T01:54:20.1626668Z  * [new ref]           1608b536ab7f50d3978d85ef27a37edcb9f61d32 -> pull/1/merge
2025-06-08T01:54:20.1647180Z ##[endgroup]
2025-06-08T01:54:20.1648834Z ##[group]Determining the checkout info
2025-06-08T01:54:20.1650181Z ##[endgroup]
2025-06-08T01:54:20.1655788Z [command]/usr/bin/git sparse-checkout disable
2025-06-08T01:54:20.1701444Z [command]/usr/bin/git config --local --unset-all extensions.worktreeConfig
2025-06-08T01:54:20.1730748Z ##[group]Checking out the ref
2025-06-08T01:54:20.1735110Z [command]/usr/bin/git checkout --progress --force refs/remotes/pull/1/merge
2025-06-08T01:54:21.2095453Z Updating files:  71% (17321/24378)
2025-06-08T01:54:21.2231473Z Updating files:  72% (17553/24378)
2025-06-08T01:54:21.2334518Z Updating files:  73% (17796/24378)
2025-06-08T01:54:21.2438385Z Updating files:  74% (18040/24378)
2025-06-08T01:54:21.2786622Z Updating files:  75% (18284/24378)
2025-06-08T01:54:21.2868254Z Updating files:  76% (18528/24378)
2025-06-08T01:54:21.3012933Z Updating files:  77% (18772/24378)
2025-06-08T01:54:21.3178917Z Updating files:  78% (19015/24378)
2025-06-08T01:54:21.3417397Z Updating files:  79% (19259/24378)
2025-06-08T01:54:21.3563304Z Updating files:  80% (19503/24378)
2025-06-08T01:54:21.3677380Z Updating files:  81% (19747/24378)
2025-06-08T01:54:21.3852255Z Updating files:  82% (19990/24378)
2025-06-08T01:54:21.4059221Z Updating files:  83% (20234/24378)
2025-06-08T01:54:21.4343920Z Updating files:  84% (20478/24378)
2025-06-08T01:54:21.4481586Z Updating files:  85% (20722/24378)
2025-06-08T01:54:21.4733719Z Updating files:  86% (20966/24378)
2025-06-08T01:54:21.5018864Z Updating files:  87% (21209/24378)
2025-06-08T01:54:21.5702831Z Updating files:  88% (21453/24378)
2025-06-08T01:54:21.5795129Z Updating files:  89% (21697/24378)
2025-06-08T01:54:21.5974549Z Updating files:  90% (21941/24378)
2025-06-08T01:54:21.6078841Z Updating files:  91% (22184/24378)
2025-06-08T01:54:21.6194454Z Updating files:  92% (22428/24378)
2025-06-08T01:54:21.6322049Z Updating files:  93% (22672/24378)
2025-06-08T01:54:21.6485530Z Updating files:  94% (22916/24378)
2025-06-08T01:54:21.6736015Z Updating files:  95% (23160/24378)
2025-06-08T01:54:21.6912061Z Updating files:  96% (23403/24378)
2025-06-08T01:54:21.7152823Z Updating files:  97% (23647/24378)
2025-06-08T01:54:21.7392873Z Updating files:  98% (23891/24378)
2025-06-08T01:54:21.7721670Z Updating files:  99% (24135/24378)
2025-06-08T01:54:21.7724505Z Updating files: 100% (24378/24378)
2025-06-08T01:54:21.7727103Z Updating files: 100% (24378/24378), done.
2025-06-08T01:54:21.8018632Z Note: switching to 'refs/remotes/pull/1/merge'.
2025-06-08T01:54:21.8020994Z 
2025-06-08T01:54:21.8023241Z You are in 'detached HEAD' state. You can look around, make experimental
2025-06-08T01:54:21.8026207Z changes and commit them, and you can discard any commits you make in this
2025-06-08T01:54:21.8028575Z state without impacting any branches by switching back to a branch.
2025-06-08T01:54:21.8041664Z 
2025-06-08T01:54:21.8041995Z If you want to create a new branch to retain commits you create, you may
2025-06-08T01:54:21.8042793Z do so (now or later) by using -c with the switch command. Example:
2025-06-08T01:54:21.8043221Z 
2025-06-08T01:54:21.8043465Z   git switch -c <new-branch-name>
2025-06-08T01:54:21.8043751Z 
2025-06-08T01:54:21.8043918Z Or undo this operation with:
2025-06-08T01:54:21.8044308Z 
2025-06-08T01:54:21.8044453Z   git switch -
2025-06-08T01:54:21.8044643Z 
2025-06-08T01:54:21.8044985Z Turn off this advice by setting config variable advice.detachedHead to false
2025-06-08T01:54:21.8048107Z 
2025-06-08T01:54:21.8048704Z HEAD is now at 1608b536 Merge b7b14b6e308f9c0300aa7e68d5d4cbaa5e8d493e into 6a3ec63168d17ca96c8982c803d63dde5874e09e
2025-06-08T01:54:21.8072074Z ##[endgroup]
2025-06-08T01:54:21.8114953Z [command]/usr/bin/git log -1 --format=%H
2025-06-08T01:54:21.8138031Z 1608b536ab7f50d3978d85ef27a37edcb9f61d32
2025-06-08T01:54:21.8360092Z ##[group]Run actions/setup-node@v4
2025-06-08T01:54:21.8360379Z with:
2025-06-08T01:54:21.8360576Z   node-version: 18
2025-06-08T01:54:21.8360795Z   cache: npm
2025-06-08T01:54:21.8361127Z   always-auth: false
2025-06-08T01:54:21.8361460Z   check-latest: false
2025-06-08T01:54:21.8361794Z   token: ***
2025-06-08T01:54:21.8361979Z env:
2025-06-08T01:54:21.8362150Z   NODE_VERSION: 18
2025-06-08T01:54:21.8362351Z   PYTHON_VERSION: 3.11
2025-06-08T01:54:21.8362552Z ##[endgroup]
2025-06-08T01:54:22.0996919Z Found in cache @ /opt/hostedtoolcache/node/18.20.8/x64
2025-06-08T01:54:22.1007168Z ##[group]Environment details
2025-06-08T01:54:24.0906613Z node: v18.20.8
2025-06-08T01:54:24.0920333Z npm: 10.8.2
2025-06-08T01:54:24.0920733Z yarn: 1.22.22
2025-06-08T01:54:24.0921905Z ##[endgroup]
2025-06-08T01:54:24.0936209Z [command]/opt/hostedtoolcache/node/18.20.8/x64/bin/npm config get cache
2025-06-08T01:54:24.3990158Z /home/runner/.npm
2025-06-08T01:54:24.5247885Z npm cache is not found
2025-06-08T01:54:24.5429596Z ##[group]Run actions/setup-python@v4
2025-06-08T01:54:24.5429892Z with:
2025-06-08T01:54:24.5430087Z   python-version: 3.11
2025-06-08T01:54:24.5430295Z   check-latest: false
2025-06-08T01:54:24.5430680Z   token: ***
2025-06-08T01:54:24.5430894Z   update-environment: true
2025-06-08T01:54:24.5431131Z   allow-prereleases: false
2025-06-08T01:54:24.5431343Z env:
2025-06-08T01:54:24.5431520Z   NODE_VERSION: 18
2025-06-08T01:54:24.5431720Z   PYTHON_VERSION: 3.11
2025-06-08T01:54:24.5431925Z ##[endgroup]
2025-06-08T01:54:24.7144653Z ##[group]Installed versions
2025-06-08T01:54:24.7654045Z Successfully set up CPython (3.11.12)
2025-06-08T01:54:24.7667951Z ##[endgroup]
2025-06-08T01:54:24.7769837Z ##[group]Run sudo apt-get update
2025-06-08T01:54:24.7770164Z [36;1msudo apt-get update[0m
2025-06-08T01:54:24.7770665Z [36;1msudo apt-get install -y libnss3-dev libatk-bridge2.0-dev libdrm2 libxkbcommon0 libxss1 libasound2t64[0m
2025-06-08T01:54:24.7986868Z shell: /usr/bin/bash -e {0}
2025-06-08T01:54:24.7987148Z env:
2025-06-08T01:54:24.7987329Z   NODE_VERSION: 18
2025-06-08T01:54:24.7987537Z   PYTHON_VERSION: 3.11
2025-06-08T01:54:24.7987824Z   pythonLocation: /opt/hostedtoolcache/Python/3.11.12/x64
2025-06-08T01:54:24.7988252Z   PKG_CONFIG_PATH: /opt/hostedtoolcache/Python/3.11.12/x64/lib/pkgconfig
2025-06-08T01:54:24.7988655Z   Python_ROOT_DIR: /opt/hostedtoolcache/Python/3.11.12/x64
2025-06-08T01:54:24.7989015Z   Python2_ROOT_DIR: /opt/hostedtoolcache/Python/3.11.12/x64
2025-06-08T01:54:24.7989381Z   Python3_ROOT_DIR: /opt/hostedtoolcache/Python/3.11.12/x64
2025-06-08T01:54:24.7989744Z   LD_LIBRARY_PATH: /opt/hostedtoolcache/Python/3.11.12/x64/lib
2025-06-08T01:54:24.7990084Z ##[endgroup]
2025-06-08T01:54:24.9325195Z Get:1 file:/etc/apt/apt-mirrors.txt Mirrorlist [144 B]
2025-06-08T01:54:25.0406027Z Hit:2 http://azure.archive.ubuntu.com/ubuntu noble InRelease
2025-06-08T01:54:25.0407068Z Get:6 https://packages.microsoft.com/repos/azure-cli noble InRelease [3564 B]
2025-06-08T01:54:25.0408148Z Get:3 http://azure.archive.ubuntu.com/ubuntu noble-updates InRelease [126 kB]
2025-06-08T01:54:25.0409494Z Get:7 https://packages.microsoft.com/ubuntu/24.04/prod noble InRelease [3600 B]
2025-06-08T01:54:25.0505903Z Get:4 http://azure.archive.ubuntu.com/ubuntu noble-backports InRelease [126 kB]
2025-06-08T01:54:25.0507971Z Get:5 http://azure.archive.ubuntu.com/ubuntu noble-security InRelease [126 kB]
2025-06-08T01:54:25.1997149Z Get:8 https://packages.microsoft.com/repos/azure-cli noble/main amd64 Packages [1377 B]
2025-06-08T01:54:25.2685681Z Get:9 https://packages.microsoft.com/ubuntu/24.04/prod noble/main armhf Packages [8426 B]
2025-06-08T01:54:25.2687127Z Get:10 https://packages.microsoft.com/ubuntu/24.04/prod noble/main amd64 Packages [33.7 kB]
2025-06-08T01:54:25.2688383Z Get:11 https://packages.microsoft.com/ubuntu/24.04/prod noble/main arm64 Packages [20.9 kB]
2025-06-08T01:54:25.3245135Z Get:12 http://azure.archive.ubuntu.com/ubuntu noble-updates/main amd64 Packages [1113 kB]
2025-06-08T01:54:25.3325883Z Get:13 http://azure.archive.ubuntu.com/ubuntu noble-updates/main Translation-en [237 kB]
2025-06-08T01:54:25.3357542Z Get:14 http://azure.archive.ubuntu.com/ubuntu noble-updates/main amd64 Components [161 kB]
2025-06-08T01:54:25.3502073Z Get:15 http://azure.archive.ubuntu.com/ubuntu noble-updates/universe amd64 Packages [1078 kB]
2025-06-08T01:54:25.3508573Z Get:16 http://azure.archive.ubuntu.com/ubuntu noble-updates/universe Translation-en [274 kB]
2025-06-08T01:54:25.3580092Z Get:17 http://azure.archive.ubuntu.com/ubuntu noble-updates/universe amd64 Components [376 kB]
2025-06-08T01:54:25.3593765Z Get:18 http://azure.archive.ubuntu.com/ubuntu noble-updates/restricted amd64 Packages [1172 kB]
2025-06-08T01:54:25.3762902Z Get:19 http://azure.archive.ubuntu.com/ubuntu noble-updates/restricted Translation-en [243 kB]
2025-06-08T01:54:25.3764974Z Get:20 http://azure.archive.ubuntu.com/ubuntu noble-updates/restricted amd64 Components [212 B]
2025-06-08T01:54:25.3766836Z Get:21 http://azure.archive.ubuntu.com/ubuntu noble-updates/multiverse amd64 Components [940 B]
2025-06-08T01:54:25.4704014Z Get:22 http://azure.archive.ubuntu.com/ubuntu noble-backports/main amd64 Packages [39.2 kB]
2025-06-08T01:54:25.4718678Z Get:23 http://azure.archive.ubuntu.com/ubuntu noble-backports/main amd64 Components [7092 B]
2025-06-08T01:54:25.4720451Z Get:24 http://azure.archive.ubuntu.com/ubuntu noble-backports/universe amd64 Packages [27.1 kB]
2025-06-08T01:54:25.4722497Z Get:25 http://azure.archive.ubuntu.com/ubuntu noble-backports/universe amd64 Components [16.4 kB]
2025-06-08T01:54:25.4725704Z Get:26 http://azure.archive.ubuntu.com/ubuntu noble-backports/restricted amd64 Components [216 B]
2025-06-08T01:54:25.4733879Z Get:27 http://azure.archive.ubuntu.com/ubuntu noble-backports/multiverse amd64 Components [212 B]
2025-06-08T01:54:25.4843663Z Get:28 http://azure.archive.ubuntu.com/ubuntu noble-security/main amd64 Packages [864 kB]
2025-06-08T01:54:25.4901907Z Get:29 http://azure.archive.ubuntu.com/ubuntu noble-security/main Translation-en [159 kB]
2025-06-08T01:54:25.4922384Z Get:30 http://azure.archive.ubuntu.com/ubuntu noble-security/main amd64 Components [21.6 kB]
2025-06-08T01:54:25.4930934Z Get:31 http://azure.archive.ubuntu.com/ubuntu noble-security/universe amd64 Packages [846 kB]
2025-06-08T01:54:25.4978080Z Get:32 http://azure.archive.ubuntu.com/ubuntu noble-security/universe Translation-en [185 kB]
2025-06-08T01:54:25.5002244Z Get:33 http://azure.archive.ubuntu.com/ubuntu noble-security/universe amd64 Components [52.2 kB]
2025-06-08T01:54:25.5008217Z Get:34 http://azure.archive.ubuntu.com/ubuntu noble-security/restricted amd64 Packages [1138 kB]
2025-06-08T01:54:25.5151384Z Get:35 http://azure.archive.ubuntu.com/ubuntu noble-security/restricted Translation-en [236 kB]
2025-06-08T01:54:25.5597745Z Get:36 http://azure.archive.ubuntu.com/ubuntu noble-security/restricted amd64 Components [212 B]
2025-06-08T01:54:25.5607062Z Get:37 http://azure.archive.ubuntu.com/ubuntu noble-security/multiverse amd64 Components [212 B]
2025-06-08T01:54:29.5471686Z Fetched 8699 kB in 2s (5438 kB/s)
2025-06-08T01:54:30.2059546Z Reading package lists...
2025-06-08T01:54:30.2382756Z Reading package lists...
2025-06-08T01:54:30.4007520Z Building dependency tree...
2025-06-08T01:54:30.4015904Z Reading state information...
2025-06-08T01:54:30.5592585Z libdrm2 is already the newest version (2.4.122-1~ubuntu0.24.04.1).
2025-06-08T01:54:30.5593840Z libdrm2 set to manually installed.
2025-06-08T01:54:30.5596419Z libxkbcommon0 is already the newest version (1.6.0-1build1).
2025-06-08T01:54:30.5598059Z libxkbcommon0 set to manually installed.
2025-06-08T01:54:30.5602997Z libxss1 is already the newest version (1:1.2.3-1build3).
2025-06-08T01:54:30.5603907Z libxss1 set to manually installed.
2025-06-08T01:54:30.5604826Z libasound2t64 is already the newest version (1.2.11-1build2).
2025-06-08T01:54:30.5605559Z libasound2t64 set to manually installed.
2025-06-08T01:54:30.5606225Z The following additional packages will be installed:
2025-06-08T01:54:30.5608288Z   gir1.2-atk-1.0 gir1.2-atspi-2.0 gir1.2-freedesktop gir1.2-freedesktop-dev
2025-06-08T01:54:30.5609190Z   gir1.2-glib-2.0 gir1.2-glib-2.0-dev libatk1.0-dev libatspi2.0-dev
2025-06-08T01:54:30.5609934Z   libblkid-dev libdbus-1-dev libgirepository-2.0-0 libglib2.0-0t64
2025-06-08T01:54:30.5610453Z   libglib2.0-bin libglib2.0-data libglib2.0-dev libglib2.0-dev-bin
2025-06-08T01:54:30.5610984Z   libmount-dev libnspr4-dev libpthread-stubs0-dev libselinux1-dev libsepol-dev
2025-06-08T01:54:30.5611767Z   libx11-dev libxau-dev libxcb1-dev libxdmcp-dev libxext-dev libxfixes-dev
2025-06-08T01:54:30.5612297Z   libxi-dev libxtst-dev uuid-dev x11proto-dev xorg-sgml-doctools xtrans-dev
2025-06-08T01:54:30.5612690Z Suggested packages:
2025-06-08T01:54:30.5613060Z   low-memory-monitor libglib2.0-doc libgdk-pixbuf2.0-bin libxml2-utils
2025-06-08T01:54:30.5613457Z   libx11-doc libxcb-doc libxext-doc
2025-06-08T01:54:30.5898343Z The following NEW packages will be installed:
2025-06-08T01:54:30.5899550Z   gir1.2-atk-1.0 gir1.2-atspi-2.0 gir1.2-freedesktop gir1.2-freedesktop-dev
2025-06-08T01:54:30.5900918Z   gir1.2-glib-2.0-dev libatk-bridge2.0-dev libatk1.0-dev libatspi2.0-dev
2025-06-08T01:54:30.5902193Z   libblkid-dev libdbus-1-dev libgirepository-2.0-0 libglib2.0-dev
2025-06-08T01:54:30.5903307Z   libglib2.0-dev-bin libmount-dev libnspr4-dev libnss3-dev
2025-06-08T01:54:30.5906977Z   libpthread-stubs0-dev libselinux1-dev libsepol-dev libx11-dev libxau-dev
2025-06-08T01:54:30.5935431Z   libxcb1-dev libxdmcp-dev libxext-dev libxfixes-dev libxi-dev libxtst-dev
2025-06-08T01:54:30.5936244Z   uuid-dev x11proto-dev xorg-sgml-doctools xtrans-dev
2025-06-08T01:54:30.5937248Z The following packages will be upgraded:
2025-06-08T01:54:30.5937942Z   gir1.2-glib-2.0 libglib2.0-0t64 libglib2.0-bin libglib2.0-data
2025-06-08T01:54:30.6111104Z 4 upgraded, 31 newly installed, 0 to remove and 56 not upgraded.
2025-06-08T01:54:30.6116479Z Need to get 8404 kB of archives.
2025-06-08T01:54:30.6121264Z After this operation, 40.6 MB of additional disk space will be used.
2025-06-08T01:54:30.6123840Z Get:1 file:/etc/apt/apt-mirrors.txt Mirrorlist [144 B]
2025-06-08T01:54:30.6452516Z Get:2 http://azure.archive.ubuntu.com/ubuntu noble-updates/main amd64 libglib2.0-data all 2.80.0-6ubuntu3.4 [48.7 kB]
2025-06-08T01:54:30.6646667Z Get:3 http://azure.archive.ubuntu.com/ubuntu noble-updates/main amd64 libglib2.0-bin amd64 2.80.0-6ubuntu3.4 [97.9 kB]
2025-06-08T01:54:30.6830704Z Get:4 http://azure.archive.ubuntu.com/ubuntu noble-updates/main amd64 gir1.2-glib-2.0 amd64 2.80.0-6ubuntu3.4 [183 kB]
2025-06-08T01:54:30.7026400Z Get:5 http://azure.archive.ubuntu.com/ubuntu noble-updates/main amd64 libglib2.0-0t64 amd64 2.80.0-6ubuntu3.4 [1544 kB]
2025-06-08T01:54:30.7523627Z Get:6 http://azure.archive.ubuntu.com/ubuntu noble/main amd64 gir1.2-atk-1.0 amd64 2.52.0-1build1 [23.1 kB]
2025-06-08T01:54:30.7708673Z Get:7 http://azure.archive.ubuntu.com/ubuntu noble/main amd64 gir1.2-freedesktop amd64 1.80.1-1 [49.7 kB]
2025-06-08T01:54:30.7882395Z Get:8 http://azure.archive.ubuntu.com/ubuntu noble/main amd64 gir1.2-atspi-2.0 amd64 2.52.0-1build1 [19.8 kB]
2025-06-08T01:54:30.8056067Z Get:9 http://azure.archive.ubuntu.com/ubuntu noble-updates/main amd64 gir1.2-glib-2.0-dev amd64 2.80.0-6ubuntu3.4 [848 kB]
2025-06-08T01:54:30.8410894Z Get:10 http://azure.archive.ubuntu.com/ubuntu noble/main amd64 gir1.2-freedesktop-dev amd64 1.80.1-1 [28.8 kB]
2025-06-08T01:54:30.8587136Z Get:11 http://azure.archive.ubuntu.com/ubuntu noble-updates/main amd64 libglib2.0-dev-bin amd64 2.80.0-6ubuntu3.4 [138 kB]
2025-06-08T01:54:30.8772621Z Get:12 http://azure.archive.ubuntu.com/ubuntu noble-updates/main amd64 uuid-dev amd64 2.39.3-9ubuntu6.2 [33.5 kB]
2025-06-08T01:54:30.8956581Z Get:13 http://azure.archive.ubuntu.com/ubuntu noble-updates/main amd64 libblkid-dev amd64 2.39.3-9ubuntu6.2 [204 kB]
2025-06-08T01:54:30.9146476Z Get:14 http://azure.archive.ubuntu.com/ubuntu noble/main amd64 libsepol-dev amd64 3.5-2build1 [384 kB]
2025-06-08T01:54:30.9364668Z Get:15 http://azure.archive.ubuntu.com/ubuntu noble-updates/main amd64 libselinux1-dev amd64 3.5-2ubuntu2.1 [164 kB]
2025-06-08T01:54:30.9553680Z Get:16 http://azure.archive.ubuntu.com/ubuntu noble-updates/main amd64 libmount-dev amd64 2.39.3-9ubuntu6.2 [14.9 kB]
2025-06-08T01:54:30.9729040Z Get:17 http://azure.archive.ubuntu.com/ubuntu noble-updates/main amd64 libgirepository-2.0-0 amd64 2.80.0-6ubuntu3.4 [73.6 kB]
2025-06-08T01:54:30.9908655Z Get:18 http://azure.archive.ubuntu.com/ubuntu noble-updates/main amd64 libglib2.0-dev amd64 2.80.0-6ubuntu3.4 [1860 kB]
2025-06-08T01:54:31.0448356Z Get:19 http://azure.archive.ubuntu.com/ubuntu noble/main amd64 libatk1.0-dev amd64 2.52.0-1build1 [100 kB]
2025-06-08T01:54:31.1060834Z Get:20 http://azure.archive.ubuntu.com/ubuntu noble-updates/main amd64 libdbus-1-dev amd64 1.14.10-4ubuntu4.1 [190 kB]
2025-06-08T01:54:31.1256121Z Get:21 http://azure.archive.ubuntu.com/ubuntu noble/main amd64 xorg-sgml-doctools all 1:1.11-1.1 [10.9 kB]
2025-06-08T01:54:31.1432291Z Get:22 http://azure.archive.ubuntu.com/ubuntu noble/main amd64 x11proto-dev all 2023.2-1 [602 kB]
2025-06-08T01:54:31.1817084Z Get:23 http://azure.archive.ubuntu.com/ubuntu noble/main amd64 libxau-dev amd64 1:1.0.9-1build6 [9570 B]
2025-06-08T01:54:31.1989053Z Get:24 http://azure.archive.ubuntu.com/ubuntu noble/main amd64 libxdmcp-dev amd64 1:1.1.3-0ubuntu6 [26.5 kB]
2025-06-08T01:54:31.2171160Z Get:25 http://azure.archive.ubuntu.com/ubuntu noble/main amd64 xtrans-dev all 1.4.0-1 [68.9 kB]
2025-06-08T01:54:31.2383279Z Get:26 http://azure.archive.ubuntu.com/ubuntu noble/main amd64 libpthread-stubs0-dev amd64 0.4-1build3 [4746 B]
2025-06-08T01:54:31.2561961Z Get:27 http://azure.archive.ubuntu.com/ubuntu noble/main amd64 libxcb1-dev amd64 1.15-1ubuntu2 [85.8 kB]
2025-06-08T01:54:31.2739224Z Get:28 http://azure.archive.ubuntu.com/ubuntu noble/main amd64 libx11-dev amd64 2:1.8.7-1build1 [732 kB]
2025-06-08T01:54:31.3097351Z Get:29 http://azure.archive.ubuntu.com/ubuntu noble/main amd64 libxext-dev amd64 2:1.3.4-1build2 [83.5 kB]
2025-06-08T01:54:31.3275840Z Get:30 http://azure.archive.ubuntu.com/ubuntu noble/main amd64 libxfixes-dev amd64 1:6.0.0-2build1 [12.1 kB]
2025-06-08T01:54:31.3447989Z Get:31 http://azure.archive.ubuntu.com/ubuntu noble/main amd64 libxi-dev amd64 2:1.8.1-1build1 [194 kB]
2025-06-08T01:54:31.3635763Z Get:32 http://azure.archive.ubuntu.com/ubuntu noble/main amd64 libxtst-dev amd64 2:1.2.3-1.1build1 [15.9 kB]
2025-06-08T01:54:31.3814718Z Get:33 http://azure.archive.ubuntu.com/ubuntu noble/main amd64 libatspi2.0-dev amd64 2.52.0-1build1 [76.2 kB]
2025-06-08T01:54:31.3995185Z Get:34 http://azure.archive.ubuntu.com/ubuntu noble/main amd64 libatk-bridge2.0-dev amd64 2.52.0-1build1 [4284 B]
2025-06-08T01:54:31.4172629Z Get:35 http://azure.archive.ubuntu.com/ubuntu noble/main amd64 libnspr4-dev amd64 2:4.35-1.1build1 [219 kB]
2025-06-08T01:54:31.4366175Z Get:36 http://azure.archive.ubuntu.com/ubuntu noble/main amd64 libnss3-dev amd64 2:3.98-1build1 [253 kB]
2025-06-08T01:54:31.7358446Z Fetched 8404 kB in 1s (10.0 MB/s)
2025-06-08T01:54:31.7876042Z (Reading database ... 
2025-06-08T01:54:31.7876796Z (Reading database ... 5%
2025-06-08T01:54:31.7877233Z (Reading database ... 10%
2025-06-08T01:54:31.7877673Z (Reading database ... 15%
2025-06-08T01:54:31.7878083Z (Reading database ... 20%
2025-06-08T01:54:31.7878496Z (Reading database ... 25%
2025-06-08T01:54:31.7878900Z (Reading database ... 30%
2025-06-08T01:54:31.7879299Z (Reading database ... 35%
2025-06-08T01:54:31.7879696Z (Reading database ... 40%
2025-06-08T01:54:31.7880092Z (Reading database ... 45%
2025-06-08T01:54:31.7880513Z (Reading database ... 50%
2025-06-08T01:54:31.8024973Z (Reading database ... 55%
2025-06-08T01:54:31.8441246Z (Reading database ... 60%
2025-06-08T01:54:31.8714727Z (Reading database ... 65%
2025-06-08T01:54:31.8990841Z (Reading database ... 70%
2025-06-08T01:54:31.9306806Z (Reading database ... 75%
2025-06-08T01:54:31.9924555Z (Reading database ... 80%
2025-06-08T01:54:32.0428978Z (Reading database ... 85%
2025-06-08T01:54:32.1160844Z (Reading database ... 90%
2025-06-08T01:54:32.1775852Z (Reading database ... 95%
2025-06-08T01:54:32.1776767Z (Reading database ... 100%
2025-06-08T01:54:32.1777680Z (Reading database ... 222694 files and directories currently installed.)
2025-06-08T01:54:32.1823752Z Preparing to unpack .../00-libglib2.0-data_2.80.0-6ubuntu3.4_all.deb ...
2025-06-08T01:54:32.1877718Z Unpacking libglib2.0-data (2.80.0-6ubuntu3.4) over (2.80.0-6ubuntu3.2) ...
2025-06-08T01:54:32.2285775Z Preparing to unpack .../01-libglib2.0-bin_2.80.0-6ubuntu3.4_amd64.deb ...
2025-06-08T01:54:32.2322919Z Unpacking libglib2.0-bin (2.80.0-6ubuntu3.4) over (2.80.0-6ubuntu3.2) ...
2025-06-08T01:54:32.2977149Z Preparing to unpack .../02-gir1.2-glib-2.0_2.80.0-6ubuntu3.4_amd64.deb ...
2025-06-08T01:54:32.3046478Z Unpacking gir1.2-glib-2.0:amd64 (2.80.0-6ubuntu3.4) over (2.80.0-6ubuntu3.2) ...
2025-06-08T01:54:32.3536488Z Preparing to unpack .../03-libglib2.0-0t64_2.80.0-6ubuntu3.4_amd64.deb ...
2025-06-08T01:54:32.3692035Z Unpacking libglib2.0-0t64:amd64 (2.80.0-6ubuntu3.4) over (2.80.0-6ubuntu3.2) ...
2025-06-08T01:54:32.4247993Z Selecting previously unselected package gir1.2-atk-1.0:amd64.
2025-06-08T01:54:32.4386857Z Preparing to unpack .../04-gir1.2-atk-1.0_2.52.0-1build1_amd64.deb ...
2025-06-08T01:54:32.4406124Z Unpacking gir1.2-atk-1.0:amd64 (2.52.0-1build1) ...
2025-06-08T01:54:32.4681366Z Selecting previously unselected package gir1.2-freedesktop:amd64.
2025-06-08T01:54:32.4825436Z Preparing to unpack .../05-gir1.2-freedesktop_1.80.1-1_amd64.deb ...
2025-06-08T01:54:32.4836740Z Unpacking gir1.2-freedesktop:amd64 (1.80.1-1) ...
2025-06-08T01:54:32.5112102Z Selecting previously unselected package gir1.2-atspi-2.0:amd64.
2025-06-08T01:54:32.5251615Z Preparing to unpack .../06-gir1.2-atspi-2.0_2.52.0-1build1_amd64.deb ...
2025-06-08T01:54:32.5275915Z Unpacking gir1.2-atspi-2.0:amd64 (2.52.0-1build1) ...
2025-06-08T01:54:32.5521611Z Selecting previously unselected package gir1.2-glib-2.0-dev:amd64.
2025-06-08T01:54:32.5655896Z Preparing to unpack .../07-gir1.2-glib-2.0-dev_2.80.0-6ubuntu3.4_amd64.deb ...
2025-06-08T01:54:32.5671705Z Unpacking gir1.2-glib-2.0-dev:amd64 (2.80.0-6ubuntu3.4) ...
2025-06-08T01:54:32.6331224Z Selecting previously unselected package gir1.2-freedesktop-dev:amd64.
2025-06-08T01:54:32.6471006Z Preparing to unpack .../08-gir1.2-freedesktop-dev_1.80.1-1_amd64.deb ...
2025-06-08T01:54:32.6485086Z Unpacking gir1.2-freedesktop-dev:amd64 (1.80.1-1) ...
2025-06-08T01:54:32.6755423Z Selecting previously unselected package libglib2.0-dev-bin.
2025-06-08T01:54:32.6898301Z Preparing to unpack .../09-libglib2.0-dev-bin_2.80.0-6ubuntu3.4_amd64.deb ...
2025-06-08T01:54:32.6919035Z Unpacking libglib2.0-dev-bin (2.80.0-6ubuntu3.4) ...
2025-06-08T01:54:32.7370594Z Selecting previously unselected package uuid-dev:amd64.
2025-06-08T01:54:32.7507429Z Preparing to unpack .../10-uuid-dev_2.39.3-9ubuntu6.2_amd64.deb ...
2025-06-08T01:54:32.7520747Z Unpacking uuid-dev:amd64 (2.39.3-9ubuntu6.2) ...
2025-06-08T01:54:32.7838991Z Selecting previously unselected package libblkid-dev:amd64.
2025-06-08T01:54:32.7976131Z Preparing to unpack .../11-libblkid-dev_2.39.3-9ubuntu6.2_amd64.deb ...
2025-06-08T01:54:32.8036825Z Unpacking libblkid-dev:amd64 (2.39.3-9ubuntu6.2) ...
2025-06-08T01:54:32.8327190Z Selecting previously unselected package libsepol-dev:amd64.
2025-06-08T01:54:32.8463739Z Preparing to unpack .../12-libsepol-dev_3.5-2build1_amd64.deb ...
2025-06-08T01:54:32.8476846Z Unpacking libsepol-dev:amd64 (3.5-2build1) ...
2025-06-08T01:54:32.8865545Z Selecting previously unselected package libselinux1-dev:amd64.
2025-06-08T01:54:32.9002709Z Preparing to unpack .../13-libselinux1-dev_3.5-2ubuntu2.1_amd64.deb ...
2025-06-08T01:54:32.9021795Z Unpacking libselinux1-dev:amd64 (3.5-2ubuntu2.1) ...
2025-06-08T01:54:32.9507071Z Selecting previously unselected package libmount-dev:amd64.
2025-06-08T01:54:32.9644482Z Preparing to unpack .../14-libmount-dev_2.39.3-9ubuntu6.2_amd64.deb ...
2025-06-08T01:54:32.9656685Z Unpacking libmount-dev:amd64 (2.39.3-9ubuntu6.2) ...
2025-06-08T01:54:32.9915185Z Selecting previously unselected package libgirepository-2.0-0:amd64.
2025-06-08T01:54:33.0050295Z Preparing to unpack .../15-libgirepository-2.0-0_2.80.0-6ubuntu3.4_amd64.deb ...
2025-06-08T01:54:33.0063091Z Unpacking libgirepository-2.0-0:amd64 (2.80.0-6ubuntu3.4) ...
2025-06-08T01:54:33.0314493Z Selecting previously unselected package libglib2.0-dev:amd64.
2025-06-08T01:54:33.0449357Z Preparing to unpack .../16-libglib2.0-dev_2.80.0-6ubuntu3.4_amd64.deb ...
2025-06-08T01:54:33.0460258Z Unpacking libglib2.0-dev:amd64 (2.80.0-6ubuntu3.4) ...
2025-06-08T01:54:33.1703508Z Selecting previously unselected package libatk1.0-dev:amd64.
2025-06-08T01:54:33.1845514Z Preparing to unpack .../17-libatk1.0-dev_2.52.0-1build1_amd64.deb ...
2025-06-08T01:54:33.1859777Z Unpacking libatk1.0-dev:amd64 (2.52.0-1build1) ...
2025-06-08T01:54:33.2248417Z Selecting previously unselected package libdbus-1-dev:amd64.
2025-06-08T01:54:33.2384004Z Preparing to unpack .../18-libdbus-1-dev_1.14.10-4ubuntu4.1_amd64.deb ...
2025-06-08T01:54:33.2397983Z Unpacking libdbus-1-dev:amd64 (1.14.10-4ubuntu4.1) ...
2025-06-08T01:54:33.2811957Z Selecting previously unselected package xorg-sgml-doctools.
2025-06-08T01:54:33.2950509Z Preparing to unpack .../19-xorg-sgml-doctools_1%3a1.11-1.1_all.deb ...
2025-06-08T01:54:33.2967222Z Unpacking xorg-sgml-doctools (1:1.11-1.1) ...
2025-06-08T01:54:33.3317569Z Selecting previously unselected package x11proto-dev.
2025-06-08T01:54:33.3453240Z Preparing to unpack .../20-x11proto-dev_2023.2-1_all.deb ...
2025-06-08T01:54:33.3472286Z Unpacking x11proto-dev (2023.2-1) ...
2025-06-08T01:54:33.4078134Z Selecting previously unselected package libxau-dev:amd64.
2025-06-08T01:54:33.4220332Z Preparing to unpack .../21-libxau-dev_1%3a1.0.9-1build6_amd64.deb ...
2025-06-08T01:54:33.4228607Z Unpacking libxau-dev:amd64 (1:1.0.9-1build6) ...
2025-06-08T01:54:33.4469718Z Selecting previously unselected package libxdmcp-dev:amd64.
2025-06-08T01:54:33.4608474Z Preparing to unpack .../22-libxdmcp-dev_1%3a1.1.3-0ubuntu6_amd64.deb ...
2025-06-08T01:54:33.4625572Z Unpacking libxdmcp-dev:amd64 (1:1.1.3-0ubuntu6) ...
2025-06-08T01:54:33.4870390Z Selecting previously unselected package xtrans-dev.
2025-06-08T01:54:33.5006652Z Preparing to unpack .../23-xtrans-dev_1.4.0-1_all.deb ...
2025-06-08T01:54:33.5022982Z Unpacking xtrans-dev (1.4.0-1) ...
2025-06-08T01:54:33.5326802Z Selecting previously unselected package libpthread-stubs0-dev:amd64.
2025-06-08T01:54:33.5462509Z Preparing to unpack .../24-libpthread-stubs0-dev_0.4-1build3_amd64.deb ...
2025-06-08T01:54:33.5476363Z Unpacking libpthread-stubs0-dev:amd64 (0.4-1build3) ...
2025-06-08T01:54:33.5723811Z Selecting previously unselected package libxcb1-dev:amd64.
2025-06-08T01:54:33.5859682Z Preparing to unpack .../25-libxcb1-dev_1.15-1ubuntu2_amd64.deb ...
2025-06-08T01:54:33.5879036Z Unpacking libxcb1-dev:amd64 (1.15-1ubuntu2) ...
2025-06-08T01:54:33.6149604Z Selecting previously unselected package libx11-dev:amd64.
2025-06-08T01:54:33.6285842Z Preparing to unpack .../26-libx11-dev_2%3a1.8.7-1build1_amd64.deb ...
2025-06-08T01:54:33.6303355Z Unpacking libx11-dev:amd64 (2:1.8.7-1build1) ...
2025-06-08T01:54:33.6684898Z Selecting previously unselected package libxext-dev:amd64.
2025-06-08T01:54:33.6828028Z Preparing to unpack .../27-libxext-dev_2%3a1.3.4-1build2_amd64.deb ...
2025-06-08T01:54:33.6844886Z Unpacking libxext-dev:amd64 (2:1.3.4-1build2) ...
2025-06-08T01:54:33.7197820Z Selecting previously unselected package libxfixes-dev:amd64.
2025-06-08T01:54:33.7338927Z Preparing to unpack .../28-libxfixes-dev_1%3a6.0.0-2build1_amd64.deb ...
2025-06-08T01:54:33.7348332Z Unpacking libxfixes-dev:amd64 (1:6.0.0-2build1) ...
2025-06-08T01:54:33.7581901Z Selecting previously unselected package libxi-dev:amd64.
2025-06-08T01:54:33.7718074Z Preparing to unpack .../29-libxi-dev_2%3a1.8.1-1build1_amd64.deb ...
2025-06-08T01:54:33.7732069Z Unpacking libxi-dev:amd64 (2:1.8.1-1build1) ...
2025-06-08T01:54:33.8129194Z Selecting previously unselected package libxtst-dev:amd64.
2025-06-08T01:54:33.8268643Z Preparing to unpack .../30-libxtst-dev_2%3a1.2.3-1.1build1_amd64.deb ...
2025-06-08T01:54:33.8283550Z Unpacking libxtst-dev:amd64 (2:1.2.3-1.1build1) ...
2025-06-08T01:54:33.8528301Z Selecting previously unselected package libatspi2.0-dev:amd64.
2025-06-08T01:54:33.8665574Z Preparing to unpack .../31-libatspi2.0-dev_2.52.0-1build1_amd64.deb ...
2025-06-08T01:54:33.8677861Z Unpacking libatspi2.0-dev:amd64 (2.52.0-1build1) ...
2025-06-08T01:54:33.8981261Z Selecting previously unselected package libatk-bridge2.0-dev:amd64.
2025-06-08T01:54:33.9119873Z Preparing to unpack .../32-libatk-bridge2.0-dev_2.52.0-1build1_amd64.deb ...
2025-06-08T01:54:33.9137350Z Unpacking libatk-bridge2.0-dev:amd64 (2.52.0-1build1) ...
2025-06-08T01:54:33.9372803Z Selecting previously unselected package libnspr4-dev.
2025-06-08T01:54:33.9510114Z Preparing to unpack .../33-libnspr4-dev_2%3a4.35-1.1build1_amd64.deb ...
2025-06-08T01:54:33.9523569Z Unpacking libnspr4-dev (2:4.35-1.1build1) ...
2025-06-08T01:54:33.9923197Z Selecting previously unselected package libnss3-dev:amd64.
2025-06-08T01:54:34.0061207Z Preparing to unpack .../34-libnss3-dev_2%3a3.98-1build1_amd64.deb ...
2025-06-08T01:54:34.0072890Z Unpacking libnss3-dev:amd64 (2:3.98-1build1) ...
2025-06-08T01:54:34.0740612Z Setting up libnspr4-dev (2:4.35-1.1build1) ...
2025-06-08T01:54:34.0776994Z Setting up libpthread-stubs0-dev:amd64 (0.4-1build3) ...
2025-06-08T01:54:34.0812381Z Setting up xtrans-dev (1.4.0-1) ...
2025-06-08T01:54:34.0842460Z Setting up libglib2.0-0t64:amd64 (2.80.0-6ubuntu3.4) ...
2025-06-08T01:54:34.1236695Z Setting up libglib2.0-data (2.80.0-6ubuntu3.4) ...
2025-06-08T01:54:34.1290680Z Setting up libdbus-1-dev:amd64 (1.14.10-4ubuntu4.1) ...
2025-06-08T01:54:34.3226146Z Setting up uuid-dev:amd64 (2.39.3-9ubuntu6.2) ...
2025-06-08T01:54:34.3279150Z Setting up libsepol-dev:amd64 (3.5-2build1) ...
2025-06-08T01:54:34.3350946Z Setting up gir1.2-glib-2.0:amd64 (2.80.0-6ubuntu3.4) ...
2025-06-08T01:54:34.3438658Z Setting up libnss3-dev:amd64 (2:3.98-1build1) ...
2025-06-08T01:54:34.3509598Z Setting up gir1.2-glib-2.0-dev:amd64 (2.80.0-6ubuntu3.4) ...
2025-06-08T01:54:34.3635806Z Setting up xorg-sgml-doctools (1:1.11-1.1) ...
2025-06-08T01:54:34.3698242Z Setting up libglib2.0-dev-bin (2.80.0-6ubuntu3.4) ...
2025-06-08T01:54:34.7728465Z Setting up libblkid-dev:amd64 (2.39.3-9ubuntu6.2) ...
2025-06-08T01:54:34.7808174Z Setting up gir1.2-freedesktop:amd64 (1.80.1-1) ...
2025-06-08T01:54:34.8169782Z Setting up libgirepository-2.0-0:amd64 (2.80.0-6ubuntu3.4) ...
2025-06-08T01:54:34.8240748Z Setting up gir1.2-atk-1.0:amd64 (2.52.0-1build1) ...
2025-06-08T01:54:34.8307950Z Setting up libselinux1-dev:amd64 (3.5-2ubuntu2.1) ...
2025-06-08T01:54:34.8687554Z Setting up libglib2.0-bin (2.80.0-6ubuntu3.4) ...
2025-06-08T01:54:34.8746885Z Setting up gir1.2-atspi-2.0:amd64 (2.52.0-1build1) ...
2025-06-08T01:54:35.0297953Z Setting up gir1.2-freedesktop-dev:amd64 (1.80.1-1) ...
2025-06-08T01:54:35.2693329Z Setting up libmount-dev:amd64 (2.39.3-9ubuntu6.2) ...
2025-06-08T01:54:35.2733653Z Setting up libglib2.0-dev:amd64 (2.80.0-6ubuntu3.4) ...
2025-06-08T01:54:35.2764975Z Setting up libatk1.0-dev:amd64 (2.52.0-1build1) ...
2025-06-08T01:54:35.3211983Z Processing triggers for libc-bin (2.39-0ubuntu8.4) ...
2025-06-08T01:54:35.4186383Z Processing triggers for man-db (2.12.0-4build2) ...
2025-06-08T01:54:43.7343595Z Processing triggers for sgml-base (1.31) ...
2025-06-08T01:54:43.7525398Z Setting up x11proto-dev (2023.2-1) ...
2025-06-08T01:54:43.7568252Z Setting up libxau-dev:amd64 (1:1.0.9-1build6) ...
2025-06-08T01:54:43.7605477Z Setting up libxdmcp-dev:amd64 (1:1.1.3-0ubuntu6) ...
2025-06-08T01:54:43.7643540Z Setting up libxcb1-dev:amd64 (1.15-1ubuntu2) ...
2025-06-08T01:54:43.7682525Z Setting up libx11-dev:amd64 (2:1.8.7-1build1) ...
2025-06-08T01:54:43.7761085Z Setting up libxfixes-dev:amd64 (1:6.0.0-2build1) ...
2025-06-08T01:54:43.7795914Z Setting up libxext-dev:amd64 (2:1.3.4-1build2) ...
2025-06-08T01:54:43.7841926Z Setting up libxi-dev:amd64 (2:1.8.1-1build1) ...
2025-06-08T01:54:43.7876432Z Setting up libxtst-dev:amd64 (2:1.2.3-1.1build1) ...
2025-06-08T01:54:43.7920712Z Setting up libatspi2.0-dev:amd64 (2.52.0-1build1) ...
2025-06-08T01:54:43.7956931Z Setting up libatk-bridge2.0-dev:amd64 (2.52.0-1build1) ...
2025-06-08T01:54:44.3522204Z 
2025-06-08T01:54:44.3523158Z Running kernel seems to be up-to-date.
2025-06-08T01:54:44.3524298Z 
2025-06-08T01:54:44.3524986Z Restarting services...
2025-06-08T01:54:44.4027118Z  systemctl restart packagekit.service php8.3-fpm.service polkit.service udisks2.service
2025-06-08T01:54:44.6155711Z 
2025-06-08T01:54:44.6158376Z Service restarts being deferred:
2025-06-08T01:54:44.6162435Z  systemctl restart ModemManager.service
2025-06-08T01:54:44.6179698Z  systemctl restart hosted-compute-agent.service
2025-06-08T01:54:44.6180688Z  systemctl restart networkd-dispatcher.service
2025-06-08T01:54:44.6181266Z 
2025-06-08T01:54:44.6182505Z No containers need to be restarted.
2025-06-08T01:54:44.6183002Z 
2025-06-08T01:54:44.6183548Z No user sessions are running outdated binaries.
2025-06-08T01:54:44.6185913Z 
2025-06-08T01:54:44.6186780Z No VM guests are running outdated hypervisor (qemu) binaries on this host.
2025-06-08T01:54:45.4469310Z ##[group]Run npm ci
2025-06-08T01:54:45.4469573Z [36;1mnpm ci[0m
2025-06-08T01:54:45.4521188Z shell: /usr/bin/bash -e {0}
2025-06-08T01:54:45.4521425Z env:
2025-06-08T01:54:45.4521600Z   NODE_VERSION: 18
2025-06-08T01:54:45.4521806Z   PYTHON_VERSION: 3.11
2025-06-08T01:54:45.4522100Z   pythonLocation: /opt/hostedtoolcache/Python/3.11.12/x64
2025-06-08T01:54:45.4522525Z   PKG_CONFIG_PATH: /opt/hostedtoolcache/Python/3.11.12/x64/lib/pkgconfig
2025-06-08T01:54:45.4522940Z   Python_ROOT_DIR: /opt/hostedtoolcache/Python/3.11.12/x64
2025-06-08T01:54:45.4523324Z   Python2_ROOT_DIR: /opt/hostedtoolcache/Python/3.11.12/x64
2025-06-08T01:54:45.4523702Z   Python3_ROOT_DIR: /opt/hostedtoolcache/Python/3.11.12/x64
2025-06-08T01:54:45.4524069Z   LD_LIBRARY_PATH: /opt/hostedtoolcache/Python/3.11.12/x64/lib
2025-06-08T01:54:45.4524479Z ##[endgroup]
2025-06-08T01:54:48.3124657Z npm warn EBADENGINE Unsupported engine {
2025-06-08T01:54:48.3129630Z npm warn EBADENGINE   package: 'commander@14.0.0',
2025-06-08T01:54:48.3132662Z npm warn EBADENGINE   required: { node: '>=20' },
2025-06-08T01:54:48.3133763Z npm warn EBADENGINE   current: { node: 'v18.20.8', npm: '10.8.2' }
2025-06-08T01:54:48.3136740Z npm warn EBADENGINE }
2025-06-08T01:54:51.1116339Z npm warn deprecated lodash.isequal@4.5.0: This package is deprecated. Use require('node:util').isDeepStrictEqual instead.
2025-06-08T01:54:51.5188372Z npm warn deprecated inflight@1.0.6: This module is not supported, and leaks memory. Do not use it. Check out lru-cache if you want a good and tested way to coalesce async requests by a key value, which is much more comprehensive and powerful.
2025-06-08T01:54:51.6860443Z npm warn deprecated glob@7.2.3: Glob versions prior to v9 are no longer supported
2025-06-08T01:54:52.6676451Z npm warn deprecated boolean@3.2.0: Package no longer supported. Contact Support at https://www.npmjs.com/support for more info.
2025-06-08T01:55:01.1288316Z 
2025-06-08T01:55:01.1289978Z added 751 packages, and audited 752 packages in 16s
2025-06-08T01:55:01.1290828Z 
2025-06-08T01:55:01.1291280Z 89 packages are looking for funding
2025-06-08T01:55:01.1291967Z   run `npm fund` for details
2025-06-08T01:55:01.1304757Z 
2025-06-08T01:55:01.1305674Z found 0 vulnerabilities
2025-06-08T01:55:01.1609194Z ##[group]Run npm run build:linux
2025-06-08T01:55:01.1609662Z [36;1mnpm run build:linux[0m
2025-06-08T01:55:01.1662633Z shell: /usr/bin/bash -e {0}
2025-06-08T01:55:01.1662881Z env:
2025-06-08T01:55:01.1663056Z   NODE_VERSION: 18
2025-06-08T01:55:01.1663266Z   PYTHON_VERSION: 3.11
2025-06-08T01:55:01.1663555Z   pythonLocation: /opt/hostedtoolcache/Python/3.11.12/x64
2025-06-08T01:55:01.1663983Z   PKG_CONFIG_PATH: /opt/hostedtoolcache/Python/3.11.12/x64/lib/pkgconfig
2025-06-08T01:55:01.1664678Z   Python_ROOT_DIR: /opt/hostedtoolcache/Python/3.11.12/x64
2025-06-08T01:55:01.1665048Z   Python2_ROOT_DIR: /opt/hostedtoolcache/Python/3.11.12/x64
2025-06-08T01:55:01.1665432Z   Python3_ROOT_DIR: /opt/hostedtoolcache/Python/3.11.12/x64
2025-06-08T01:55:01.1665797Z   LD_LIBRARY_PATH: /opt/hostedtoolcache/Python/3.11.12/x64/lib
2025-06-08T01:55:01.1666290Z   GH_TOKEN: ***
2025-06-08T01:55:01.1666491Z ##[endgroup]
2025-06-08T01:55:01.3060179Z 
2025-06-08T01:55:01.3060815Z > aideon-ai-lite@1.0.0 build:linux
2025-06-08T01:55:01.3061344Z > npm run package:linux
2025-06-08T01:55:01.3061598Z 
2025-06-08T01:55:01.4473775Z 
2025-06-08T01:55:01.4475452Z > aideon-ai-lite@1.0.0 package:linux
2025-06-08T01:55:01.4483184Z > electron-builder --linux
2025-06-08T01:55:01.4483502Z 
2025-06-08T01:55:02.0219194Z   â€¢ electron-builder  version=24.13.3 os=6.11.0-1014-azure
2025-06-08T01:55:02.0228265Z   â€¢ publishing will be skipped  reason=current build is a part of pull request solution=set env PUBLISH_FOR_PULL_REQUEST to true to force code signing
2025-06-08T01:55:02.0231025Z There are serious security concerns with PUBLISH_FOR_PULL_REQUEST=true (see the  CircleCI documentation (https://circleci.com/docs/1.0/fork-pr-builds/) for details)
2025-06-08T01:55:02.0234784Z If you have SSH keys, sensitive env vars or AWS credentials stored in your project settings and untrusted forks can make pull requests against your repo, then this option isn't for you.
2025-06-08T01:55:02.0284333Z   â€¢ loaded configuration  file=package.json ("build" field)
2025-06-08T01:55:02.2478905Z   â€¢ packaging       platform=linux arch=x64 electron=28.3.3 appOutDir=dist/linux-unpacked
2025-06-08T01:55:02.3442418Z   â€¢ downloading     url=https://github.com/electron/electron/releases/download/v28.3.3/electron-v28.3.3-linux-x64.zip size=102 MB parts=4
2025-06-08T01:55:02.6963011Z   â€¢ downloaded      url=https://github.com/electron/electron/releases/download/v28.3.3/electron-v28.3.3-linux-x64.zip duration=443ms
2025-06-08T01:55:06.7817593Z   â€¢ building        target=AppImage arch=x64 file=dist/Aideon AI Lite-1.0.0.AppImage
2025-06-08T01:55:07.0152801Z   â€¢ downloading     url=https://github.com/electron-userland/electron-builder-binaries/releases/download/appimage-12.0.1/appimage-12.0.1.7z size=1.6 MB parts=1
2025-06-08T01:55:07.1008839Z   â€¢ downloaded      url=https://github.com/electron-userland/electron-builder-binaries/releases/download/appimage-12.0.1/appimage-12.0.1.7z duration=256ms
2025-06-08T01:55:21.6259982Z   â€¢ building        target=deb arch=x64 file=dist/aideon-ai-lite_1.0.0_amd64.deb
2025-06-08T01:55:21.6291697Z   â€¢ adding autoupdate files for: deb. (Beta feature)  resourceDir=/home/runner/work/ApexAgent/ApexAgent/dist/linux-unpacked/resources
2025-06-08T01:55:21.7716632Z   â€¢ downloading     url=https://github.com/electron-userland/electron-builder-binaries/releases/download/fpm-1.9.3-2.3.1-linux-x86_64/fpm-1.9.3-2.3.1-linux-x86_64.7z size=5.0 MB parts=1
2025-06-08T01:55:21.8587058Z   â€¢ downloaded      url=https://github.com/electron-userland/electron-builder-binaries/releases/download/fpm-1.9.3-2.3.1-linux-x86_64/fpm-1.9.3-2.3.1-linux-x86_64.7z duration=220ms
2025-06-08T01:56:55.5551493Z ##[group]Run actions/upload-artifact@v4
2025-06-08T01:56:55.5551786Z with:
2025-06-08T01:56:55.5551973Z   name: linux-installer
2025-06-08T01:56:55.5552204Z   path: dist/*.AppImage
dist/*.deb

2025-06-08T01:56:55.5552450Z   retention-days: 30
2025-06-08T01:56:55.5552652Z   if-no-files-found: warn
2025-06-08T01:56:55.5552871Z   compression-level: 6
2025-06-08T01:56:55.5553072Z   overwrite: false
2025-06-08T01:56:55.5553273Z   include-hidden-files: false
2025-06-08T01:56:55.5553495Z env:
2025-06-08T01:56:55.5553659Z   NODE_VERSION: 18
2025-06-08T01:56:55.5553849Z   PYTHON_VERSION: 3.11
2025-06-08T01:56:55.5554316Z   pythonLocation: /opt/hostedtoolcache/Python/3.11.12/x64
2025-06-08T01:56:55.5554793Z   PKG_CONFIG_PATH: /opt/hostedtoolcache/Python/3.11.12/x64/lib/pkgconfig
2025-06-08T01:56:55.5555190Z   Python_ROOT_DIR: /opt/hostedtoolcache/Python/3.11.12/x64
2025-06-08T01:56:55.5555545Z   Python2_ROOT_DIR: /opt/hostedtoolcache/Python/3.11.12/x64
2025-06-08T01:56:55.5555940Z   Python3_ROOT_DIR: /opt/hostedtoolcache/Python/3.11.12/x64
2025-06-08T01:56:55.5556311Z   LD_LIBRARY_PATH: /opt/hostedtoolcache/Python/3.11.12/x64/lib
2025-06-08T01:56:55.5556602Z ##[endgroup]
2025-06-08T01:56:55.8085106Z With the provided path, there will be 2 files uploaded
2025-06-08T01:56:55.8086498Z Artifact name is valid!
2025-06-08T01:56:55.8087131Z Root directory input is valid!
2025-06-08T01:56:55.9476250Z Beginning upload of artifact content to blob storage
2025-06-08T01:56:56.6074845Z Uploaded bytes 8388608
2025-06-08T01:56:56.8686637Z Uploaded bytes 16777216
2025-06-08T01:56:57.1697295Z Uploaded bytes 25165824
2025-06-08T01:56:57.4263824Z Uploaded bytes 33554432
2025-06-08T01:56:57.6124725Z Uploaded bytes 41943040
2025-06-08T01:56:58.0103976Z Uploaded bytes 50331648
2025-06-08T01:56:58.2577878Z Uploaded bytes 58720256
2025-06-08T01:56:58.6186604Z Uploaded bytes 67108864
2025-06-08T01:56:58.9721298Z Uploaded bytes 75497472
2025-06-08T01:56:59.3486601Z Uploaded bytes 83886080
2025-06-08T01:56:59.6545648Z Uploaded bytes 92274688
2025-06-08T01:57:00.0252806Z Uploaded bytes 100663296
2025-06-08T01:57:00.3885858Z Uploaded bytes 109051904
2025-06-08T01:57:00.7982906Z Uploaded bytes 117440512
2025-06-08T01:57:01.2166099Z Uploaded bytes 125829120
2025-06-08T01:57:01.6457023Z Uploaded bytes 134217728
2025-06-08T01:57:02.1236629Z Uploaded bytes 142606336
2025-06-08T01:57:02.3785056Z Uploaded bytes 150994944
2025-06-08T01:57:02.5363496Z Uploaded bytes 159383552
2025-06-08T01:57:02.8995224Z Uploaded bytes 167772160
2025-06-08T01:57:03.0921803Z Uploaded bytes 176160768
2025-06-08T01:57:03.3665185Z Uploaded bytes 184344429
2025-06-08T01:57:03.3879028Z Finished uploading artifact content to blob storage!
2025-06-08T01:57:03.3883486Z SHA256 digest of uploaded artifact zip is 1288e753a4d87d5eb40eb8eab1a7129f8c9d5b4007ad5677f2298e10d268ea41
2025-06-08T01:57:03.3886121Z Finalizing artifact upload
2025-06-08T01:57:03.4980946Z Artifact linux-installer.zip successfully finalized. Artifact ID 3282498349
2025-06-08T01:57:03.4983165Z Artifact linux-installer has been successfully uploaded! Final size is 184344429 bytes. Artifact ID is 3282498349
2025-06-08T01:57:03.4992041Z Artifact download URL: https://github.com/AllienNova/ApexAgent/actions/runs/15513742882/artifacts/3282498349
2025-06-08T01:57:03.5168589Z Post job cleanup.
2025-06-08T01:57:03.7117357Z Post job cleanup.
2025-06-08T01:57:03.9573700Z [command]/usr/bin/tar --posix -cf cache.tzst --exclude cache.tzst -P -C /home/runner/work/ApexAgent/ApexAgent --files-from manifest.txt --use-compress-program zstdmt
2025-06-08T01:57:05.2813536Z Sent 77593575 of 77593575 (100.0%), 74.0 MBs/sec
2025-06-08T01:57:05.3869190Z Cache saved with the key: node-cache-Linux-x64-npm-c6cb0da915ce3cfbe58b0816291a9709583c11ac9c1e082b01e1bb5d530e3621
2025-06-08T01:57:05.4009725Z Post job cleanup.
2025-06-08T01:57:05.4979108Z [command]/usr/bin/git version
2025-06-08T01:57:05.5019513Z git version 2.49.0
2025-06-08T01:57:05.5064735Z Temporarily overriding HOME='/home/runner/work/_temp/929a9fe8-6a57-457d-a29a-6d382b3e64f0' before making global git config changes
2025-06-08T01:57:05.5067527Z Adding repository directory to the temporary git global config as a safe directory
2025-06-08T01:57:05.5081491Z [command]/usr/bin/git config --global --add safe.directory /home/runner/work/ApexAgent/ApexAgent
2025-06-08T01:57:05.5117763Z [command]/usr/bin/git config --local --name-only --get-regexp core\.sshCommand
2025-06-08T01:57:05.5152868Z [command]/usr/bin/git submodule foreach --recursive sh -c "git config --local --name-only --get-regexp 'core\.sshCommand' && git config --local --unset-all 'core.sshCommand' || :"
2025-06-08T01:57:05.5438870Z [command]/usr/bin/git config --local --name-only --get-regexp http\.https\:\/\/github\.com\/\.extraheader
2025-06-08T01:57:05.5462720Z http.https://github.com/.extraheader
2025-06-08T01:57:05.5478503Z [command]/usr/bin/git config --local --unset-all http.https://github.com/.extraheader
2025-06-08T01:57:05.5513433Z [command]/usr/bin/git submodule foreach --recursive sh -c "git config --local --name-only --get-regexp 'http\.https\:\/\/github\.com\/\.extraheader' && git config --local --unset-all 'http.https://github.com/.extraheader' || :"
2025-06-08T01:57:05.5886212Z Cleaning up orphan processes
